Archive member included to satisfy reference by file (symbol)

C:/nxp/MCUXpressoIDE_25.6.136/ide/plugins/com.nxp.mcuxpresso.tools.win32_25.6.0.202501151204/tools/bin/../lib/gcc/arm-none-eabi/14.2.1/../../../../arm-none-eabi/lib/thumb/v7e-m+fp/hard\libcr_nohost_nf.a(_cr__main.o)
                              ./startup/startup_mk64f12.o (__main)
C:/nxp/MCUXpressoIDE_25.6.136/ide/plugins/com.nxp.mcuxpresso.tools.win32_25.6.0.202501151204/tools/bin/../lib/gcc/arm-none-eabi/14.2.1/../../../../arm-none-eabi/lib/thumb/v7e-m+fp/hard\libcr_nohost_nf.a(_cr_assert.o)
                              ./source/fsl_enet.o (__assertion_failed)
C:/nxp/MCUXpressoIDE_25.6.136/ide/plugins/com.nxp.mcuxpresso.tools.win32_25.6.0.202501151204/tools/bin/../lib/gcc/arm-none-eabi/14.2.1/../../../../arm-none-eabi/lib/thumb/v7e-m+fp/hard\libcr_nohost_nf.a(__ciob.o)
                              C:/nxp/MCUXpressoIDE_25.6.136/ide/plugins/com.nxp.mcuxpresso.tools.win32_25.6.0.202501151204/tools/bin/../lib/gcc/arm-none-eabi/14.2.1/../../../../arm-none-eabi/lib/thumb/v7e-m+fp/hard\libcr_nohost_nf.a(_cr_assert.o) (__Ciob)
C:/nxp/MCUXpressoIDE_25.6.136/ide/plugins/com.nxp.mcuxpresso.tools.win32_25.6.0.202501151204/tools/bin/../lib/gcc/arm-none-eabi/14.2.1/../../../../arm-none-eabi/lib/thumb/v7e-m+fp/hard\libcr_nohost_nf.a(__sys_appexit.o)
                              C:/nxp/MCUXpressoIDE_25.6.136/ide/plugins/com.nxp.mcuxpresso.tools.win32_25.6.0.202501151204/tools/bin/../lib/gcc/arm-none-eabi/14.2.1/../../../../arm-none-eabi/lib/thumb/v7e-m+fp/hard\libcr_nohost_nf.a(_cr_assert.o) (__sys_appexit)
C:/nxp/MCUXpressoIDE_25.6.136/ide/plugins/com.nxp.mcuxpresso.tools.win32_25.6.0.202501151204/tools/bin/../lib/gcc/arm-none-eabi/14.2.1/../../../../arm-none-eabi/lib/thumb/v7e-m+fp/hard\libcr_c.a(memcpy.o)
                              ./utilities/fsl_str.o (memcpy)
C:/nxp/MCUXpressoIDE_25.6.136/ide/plugins/com.nxp.mcuxpresso.tools.win32_25.6.0.202501151204/tools/bin/../lib/gcc/arm-none-eabi/14.2.1/../../../../arm-none-eabi/lib/thumb/v7e-m+fp/hard\libcr_c.a(memset.o)
                              ./utilities/fsl_debug_console.o (memset)
C:/nxp/MCUXpressoIDE_25.6.136/ide/plugins/com.nxp.mcuxpresso.tools.win32_25.6.0.202501151204/tools/bin/../lib/gcc/arm-none-eabi/14.2.1/../../../../arm-none-eabi/lib/thumb/v7e-m+fp/hard\libcr_c.a(_deferredlazyseek.o)
                              C:/nxp/MCUXpressoIDE_25.6.136/ide/plugins/com.nxp.mcuxpresso.tools.win32_25.6.0.202501151204/tools/bin/../lib/gcc/arm-none-eabi/14.2.1/../../../../arm-none-eabi/lib/thumb/v7e-m+fp/hard\libcr_nohost_nf.a(_cr_assert.o) (__flsbuf)
C:/nxp/MCUXpressoIDE_25.6.136/ide/plugins/com.nxp.mcuxpresso.tools.win32_25.6.0.202501151204/tools/bin/../lib/gcc/arm-none-eabi/14.2.1/../../../../arm-none-eabi/lib/thumb/v7e-m+fp/hard\libcr_c.a(_fflush.o)
                              C:/nxp/MCUXpressoIDE_25.6.136/ide/plugins/com.nxp.mcuxpresso.tools.win32_25.6.0.202501151204/tools/bin/../lib/gcc/arm-none-eabi/14.2.1/../../../../arm-none-eabi/lib/thumb/v7e-m+fp/hard\libcr_c.a(_deferredlazyseek.o) (_fflush)
C:/nxp/MCUXpressoIDE_25.6.136/ide/plugins/com.nxp.mcuxpresso.tools.win32_25.6.0.202501151204/tools/bin/../lib/gcc/arm-none-eabi/14.2.1/../../../../arm-none-eabi/lib/thumb/v7e-m+fp/hard\libcr_c.a(_writebuf.o)
                              C:/nxp/MCUXpressoIDE_25.6.136/ide/plugins/com.nxp.mcuxpresso.tools.win32_25.6.0.202501151204/tools/bin/../lib/gcc/arm-none-eabi/14.2.1/../../../../arm-none-eabi/lib/thumb/v7e-m+fp/hard\libcr_c.a(_deferredlazyseek.o) (_Cwritebuf)
C:/nxp/MCUXpressoIDE_25.6.136/ide/plugins/com.nxp.mcuxpresso.tools.win32_25.6.0.202501151204/tools/bin/../lib/gcc/arm-none-eabi/14.2.1/../../../../arm-none-eabi/lib/thumb/v7e-m+fp/hard\libcr_c.a(alloc.o)
                              ./source/encrypt_and_integrity.o (malloc)
C:/nxp/MCUXpressoIDE_25.6.136/ide/plugins/com.nxp.mcuxpresso.tools.win32_25.6.0.202501151204/tools/bin/../lib/gcc/arm-none-eabi/14.2.1/../../../../arm-none-eabi/lib/thumb/v7e-m+fp/hard\libcr_c.a(errno.o)
                              ./utilities/fsl_str.o (errno)
C:/nxp/MCUXpressoIDE_25.6.136/ide/plugins/com.nxp.mcuxpresso.tools.win32_25.6.0.202501151204/tools/bin/../lib/gcc/arm-none-eabi/14.2.1/../../../../arm-none-eabi/lib/thumb/v7e-m+fp/hard\libcr_c.a(fputs.o)
                              C:/nxp/MCUXpressoIDE_25.6.136/ide/plugins/com.nxp.mcuxpresso.tools.win32_25.6.0.202501151204/tools/bin/../lib/gcc/arm-none-eabi/14.2.1/../../../../arm-none-eabi/lib/thumb/v7e-m+fp/hard\libcr_nohost_nf.a(_cr_assert.o) (fputs)
C:/nxp/MCUXpressoIDE_25.6.136/ide/plugins/com.nxp.mcuxpresso.tools.win32_25.6.0.202501151204/tools/bin/../lib/gcc/arm-none-eabi/14.2.1/../../../../arm-none-eabi/lib/thumb/v7e-m+fp/hard\libcr_c.a(fseek.o)
                              C:/nxp/MCUXpressoIDE_25.6.136/ide/plugins/com.nxp.mcuxpresso.tools.win32_25.6.0.202501151204/tools/bin/../lib/gcc/arm-none-eabi/14.2.1/../../../../arm-none-eabi/lib/thumb/v7e-m+fp/hard\libcr_c.a(_deferredlazyseek.o) (fseek)
[...]
Memory Configuration

Name             Origin             Length             Attributes
PROGRAM_FLASH    0x00000000         0x00100000         xr
SRAM_UPPER       0x20000000         0x00030000         xrw
SRAM_LOWER       0x1fff0000         0x00010000         xrw
FLEX_RAM         0x14000000         0x00001000         xrw
*default*        0x00000000         0xffffffff

Linker script and memory map

LOAD ./utilities/fsl_debug_console.o
LOAD ./utilities/fsl_str.o
LOAD ./startup/startup_mk64f12.o
LOAD ./source/Practica1.o
LOAD ./source/aes.o
LOAD ./source/encrypt_and_integrity.o
LOAD ./source/fsl_crc.o
LOAD ./source/fsl_enet.o
LOAD ./source/fsl_enet_mdio.o
LOAD ./source/fsl_phyksz8081.o
LOAD ./source/fsl_sysmpu.o
LOAD ./source/semihost_hardfault.o
LOAD ./drivers/fsl_adc16.o
LOAD ./drivers/fsl_clock.o
LOAD ./drivers/fsl_common.o
LOAD ./drivers/fsl_common_arm.o
LOAD ./drivers/fsl_dmamux.o
LOAD ./drivers/fsl_edma.o
LOAD ./drivers/fsl_enet_cmsis.o
LOAD ./drivers/fsl_enet_phy_cmsis.o
LOAD ./drivers/fsl_gpio.o
LOAD ./drivers/fsl_i2c.o
LOAD ./drivers/fsl_smc.o
LOAD ./drivers/fsl_uart.o
LOAD ./device/system_MK64F12.o
LOAD ./component/uart/fsl_adapter_uart.o
LOAD ./component/serial_manager/fsl_component_serial_manager.o
LOAD ./component/serial_manager/fsl_component_serial_port_uart.o
LOAD ./component/lists/fsl_component_generic_list.o
LOAD ./component/crc/fsl_adapter_crc.o
LOAD ./board/board.o
LOAD ./board/clock_config.o
LOAD ./board/peripherals.o
LOAD ./board/pin_mux.o
START GROUP
LOAD C:/nxp/MCUXpressoIDE_25.6.136/ide/plugins/com.nxp.mcuxpresso.tools.win32_25.6.0.202501151204/tools/bin/../lib/gcc/arm-none-eabi/14.2.1/../../../../arm-none-eabi/lib/thumb/v7e-m+fp/hard\libcr_nohost_nf.a
LOAD C:/nxp/MCUXpressoIDE_25.6.136/ide/plugins/com.nxp.mcuxpresso.tools.win32_25.6.0.202501151204/tools/bin/../lib/gcc/arm-none-eabi/14.2.1/../../../../arm-none-eabi/lib/thumb/v7e-m+fp/hard\libcr_c.a
LOAD C:/nxp/MCUXpressoIDE_25.6.136/ide/plugins/com.nxp.mcuxpresso.tools.win32_25.6.0.202501151204/tools/bin/../lib/gcc/arm-none-eabi/14.2.1/thumb/v7e-m+fp/hard\libcr_eabihelpers.a
LOAD C:/nxp/MCUXpressoIDE_25.6.136/ide/plugins/com.nxp.mcuxpresso.tools.win32_25.6.0.202501151204/tools/bin/../lib/gcc/arm-none-eabi/14.2.1/thumb/v7e-m+fp/hard\libgcc.a
END GROUP
                0x00000000                        __base_PROGRAM_FLASH = 0x0
                0x00000000                        __base_Flash = 0x0
                0x00100000                        __top_PROGRAM_FLASH = 0x100000
                0x00100000                        __top_Flash = 0x100000
                0x20000000                        __base_SRAM_UPPER = 0x20000000
                0x20000000                        __base_RAM = 0x20000000
                0x20030000                        __top_SRAM_UPPER = 0x20030000
                0x20030000                        __top_RAM = 0x20030000
                0x1fff0000                        __base_SRAM_LOWER = 0x1fff0000
                0x1fff0000                        __base_RAM2 = 0x1fff0000
                0x20000000                        __top_SRAM_LOWER = 0x20000000
                0x20000000                        __top_RAM2 = 0x20000000
                0x14000000                        __base_FLEX_RAM = 0x14000000
                0x14000000                        __base_RAM3 = 0x14000000
                0x14001000                        __top_FLEX_RAM = 0x14001000
                0x14001000                        __top_RAM3 = 0x14001000

.text           0x00000000     0x75b0
 FILL mask 0xff
                0x00000000                        __vectors_start__ = ABSOLUTE (.)
 *(SORT_BY_ALIGNMENT(.isr_vector))
 .isr_vector    0x00000000      0x198 ./startup/startup_mk64f12.o
                0x00000000                g_pfnVectors
                0x00000000                __Vectors
                0x00000198                        . = ALIGN (0x4)
                0x00000198                        __section_table_start = .
                0x00000198                        __data_section_table = .
                0x00000198        0x4 LONG 0x75b0 LOADADDR (.data)
                0x0000019c        0x4 LONG 0x20000000 ADDR (.data)
                0x000001a0        0x4 LONG 0x30 SIZEOF (.data)
                0x000001a4        0x4 LONG 0x75b0 LOADADDR (.data_RAM2)
                0x000001a8        0x4 LONG 0x1fff0000 ADDR (.data_RAM2)
                0x000001ac        0x4 LONG 0x0 SIZEOF (.data_RAM2)
                0x000001b0        0x4 LONG 0x75b0 LOADADDR (.data_RAM3)
                0x000001b4        0x4 LONG 0x14000000 ADDR (.data_RAM3)
                0x000001b8        0x4 LONG 0x0 SIZEOF (.data_RAM3)
                0x000001bc                        __data_section_table_end = .
                0x000001bc                        __bss_section_table = .
                0x000001bc        0x4 LONG 0x20000030 ADDR (.bss)
                0x000001c0        0x4 LONG 0x31b8 SIZEOF (.bss)
                0x000001c4        0x4 LONG 0x1fff0000 ADDR (.bss_RAM2)
                0x000001c8        0x4 LONG 0x0 SIZEOF (.bss_RAM2)
                0x000001cc        0x4 LONG 0x14000000 ADDR (.bss_RAM3)
                0x000001d0        0x4 LONG 0x0 SIZEOF (.bss_RAM3)
                0x000001d4                        __bss_section_table_end = .
                0x000001d4                        __section_table_end = .
 *(SORT_BY_ALIGNMENT(.after_vectors*))
 .after_vectors.reset
                0x000001d4       0x4c ./startup/startup_mk64f12.o
                0x000001d4                ResetISR
 .after_vectors.init_data
                0x00000220       0x1e ./startup/startup_mk64f12.o
                0x00000220                data_init
 .after_vectors.init_bss
                0x0000023e       0x12 ./startup/startup_mk64f12.o
                0x0000023e                bss_init
 .after_vectors
                0x00000250       0x14 ./startup/startup_mk64f12.o
                0x00000250                NMI_Handler
                0x00000254                MemManage_Handler
                0x00000256                BusFault_Handler
                0x00000258                UsageFault_Handler
                0x0000025a                SVC_Handler
                0x0000025c                DebugMon_Handler
                0x0000025e                PendSV_Handler
                0x00000260                SysTick_Handler
                0x00000262                FTM1_DriverIRQHandler
                0x00000262                FTM2_DriverIRQHandler
                0x00000262                PIT2_DriverIRQHandler
                0x00000262                SDHC_DriverIRQHandler
                0x00000262                I2S0_Tx_DriverIRQHandler
                0x00000262                RTC_Seconds_DriverIRQHandler
                0x00000262                LLWU_DriverIRQHandler
                0x00000262                MCM_DriverIRQHandler
                0x00000262                MCG_DriverIRQHandler
                0x00000262                DAC1_DriverIRQHandler
                0x00000262                DMA_Error_DriverIRQHandler
                0x00000262                CMP1_DriverIRQHandler
                0x00000262                FTM0_DriverIRQHandler
                0x00000262                IntDefaultHandler
                0x00000262                USB0_DriverIRQHandler
                0x00000262                UART5_ERR_DriverIRQHandler
                0x00000262                PORTC_DriverIRQHandler
                0x00000262                DAC0_DriverIRQHandler
                0x00000262                CMP2_DriverIRQHandler
                0x00000262                UART2_ERR_DriverIRQHandler
                0x00000262                LPTMR0_DriverIRQHandler
                0x00000262                LVD_LVW_DriverIRQHandler
                0x00000262                PIT0_DriverIRQHandler
                0x00000262                RNG_DriverIRQHandler
                0x00000262                USBDCD_DriverIRQHandler
                0x00000262                UART3_ERR_DriverIRQHandler
                0x00000262                UART0_ERR_DriverIRQHandler
                0x00000262                CMT_DriverIRQHandler
                0x00000262                Reserved71_DriverIRQHandler
                0x00000262                ADC1_DriverIRQHandler
                0x00000262                PORTA_DriverIRQHandler
                0x00000262                PIT3_DriverIRQHandler
                0x00000262                PIT1_DriverIRQHandler
                0x00000262                WDOG_EWM_DriverIRQHandler
                0x00000262                PDB0_DriverIRQHandler
                0x00000262                RTC_DriverIRQHandler
                0x00000262                I2S0_Rx_DriverIRQHandler
                0x00000262                Read_Collision_DriverIRQHandler
                0x00000262                SWI_DriverIRQHandler
                0x00000262                UART4_ERR_DriverIRQHandler
                0x00000262                SPI1_DriverIRQHandler
                0x00000262                UART0_LON_DriverIRQHandler
                0x00000262                PORTB_DriverIRQHandler
                0x00000262                SPI0_DriverIRQHandler
                0x00000262                ADC0_DriverIRQHandler
                0x00000262                CMP0_DriverIRQHandler
                0x00000262                CAN0_DriverIRQHandler
                0x00000262                FTM3_DriverIRQHandler
                0x00000262                SPI2_DriverIRQHandler
                0x00000262                UART1_ERR_DriverIRQHandler
                0x00000262                PORTD_DriverIRQHandler
                0x00000262                PORTE_DriverIRQHandler
                0x00000262                FTFE_DriverIRQHandler
                0x00000400                        . = 0x400
 *fill*         0x00000264      0x19c ff
                0x00000400                        PROVIDE (__FLASH_CONFIG_START__ = .)
 *(SORT_BY_ALIGNMENT(.FlashConfig))
 .FlashConfig   0x00000400       0x10 ./startup/startup_mk64f12.o
                0x00000400                Flash_Config
                0x00000410                        PROVIDE (__FLASH_CONFIG_END__ = .)
                0x00000001                        ASSERT (! ((__FLASH_CONFIG_START__ == __FLASH_CONFIG_END__)), Linker Flash Config Support Enabled, but no .FlashConfig section provided within application)
 *(SORT_BY_ALIGNMENT(.text*))
 .text.DbgConsole_SendDataReliable
                0x00000410       0x54 ./utilities/fsl_debug_console.o
                0x00000410                DbgConsole_SendDataReliable
 .text.DbgConsole_Init
                0x00000464      0x118 ./utilities/fsl_debug_console.o
                0x00000464                DbgConsole_Init
 .text.DbgConsole_Vprintf
                0x0000057c       0x68 ./utilities/fsl_debug_console.o
                0x0000057c                DbgConsole_Vprintf
 .text.main     0x000005e4       0x3c ./source/Practica1.o
                0x000005e4                main
 .text.KeyExpansion
                0x00000620      0x1a0 ./source/aes.o
 .text.SubBytes
                0x000007c0       0x64 ./source/aes.o
 .text.encrypt_and_integrity_PHY_INIT
                0x00000824      0x150 ./source/encrypt_and_integrity.o
                0x00000824                encrypt_and_integrity_PHY_INIT
 .text.encrypt_and_integrity_send
                0x00000974      0x1a0 ./source/encrypt_and_integrity.o
                0x00000974                encrypt_and_integrity_send
 .text.encrypt_and_integrity_ENET_TX
                0x00000b14       0x70 ./source/encrypt_and_integrity.o
                0x00000b14                encrypt_and_integrity_ENET_TX
 .text.__NVIC_EnableIRQ
                0x00000b84       0x3c ./source/fsl_enet.o
 .text.ENET_GetInstance
                0x00000bc0       0x44 ./source/fsl_enet.o
                0x00000bc0                ENET_GetInstance
 .text.ENET_Up  0x00000c04       0xb8 ./source/fsl_enet.o
                0x00000c04                ENET_Up
 .text.ENET_Init
                0x00000cbc       0x48 ./source/fsl_enet.o
                0x00000cbc                ENET_Init
 .text.ENET_SetRxISRHandler
                0x00000d04       0x30 ./source/fsl_enet.o
                0x00000d04                ENET_SetRxISRHandler
 .text.ENET_SetTxISRHandler
                0x00000d34       0x30 ./source/fsl_enet.o
                0x00000d34                ENET_SetTxISRHandler
 .text.ENET_SetErrISRHandler
                0x00000d64       0x30 ./source/fsl_enet.o
                0x00000d64                ENET_SetErrISRHandler
 .text.ENET_SetHandler
                0x00000d94      0x1a8 ./source/fsl_enet.o
 .text.ENET_SetMacController
                0x00000f3c      0x248 ./source/fsl_enet.o
 .text.ENET_SetTxBufferDescriptors
                0x00001184       0xe4 ./source/fsl_enet.o
 .text.ENET_SetRxBufferDescriptors
                0x00001268       0xfc ./source/fsl_enet.o
 .text.ENET_RxBufferAllocAll
                0x00001364       0xcc ./source/fsl_enet.o
 .text.ENET_RxBufferFreeAll
                0x00001430       0xc4 ./source/fsl_enet.o
 .text.ENET_ActiveSendRing
                0x000014f4       0x4c ./source/fsl_enet.o
 .text.ENET_SetSMI
                0x00001540       0xa0 ./source/fsl_enet.o
                0x00001540                ENET_SetSMI
 .text.ENET_IncreaseIndex
                0x000015e0       0x40 ./source/fsl_enet.o
 .text.ENET_SendFrame
                0x00001620      0x378 ./source/fsl_enet.o
                0x00001620                ENET_SendFrame
 .text.ENET_ReclaimTxDescriptor
                0x00001998      0x10c ./source/fsl_enet.o
                0x00001998                ENET_ReclaimTxDescriptor
 .text.ENET_TransmitIRQHandler
                0x00001aa4       0x8c ./source/fsl_enet.o
                0x00001aa4                ENET_TransmitIRQHandler
 .text.ENET_ReceiveIRQHandler
                0x00001b30       0x5c ./source/fsl_enet.o
                0x00001b30                ENET_ReceiveIRQHandler
 .text.ENET_ErrorIRQHandler
                0x00001b8c       0x90 ./source/fsl_enet.o
                0x00001b8c                ENET_ErrorIRQHandler
 .text.ENET_Ptp1588IRQHandler
                0x00001c1c       0x44 ./source/fsl_enet.o
                0x00001c1c                ENET_Ptp1588IRQHandler
 .text.ENET_TxIRQHandler
                0x00001c60       0x48 ./source/fsl_enet.o
                0x00001c60                ENET_TxIRQHandler
 .text.ENET_RxIRQHandler
                0x00001ca8       0x44 ./source/fsl_enet.o
                0x00001ca8                ENET_RxIRQHandler
 .text.ENET_ErrIRQHandler
                0x00001cec       0x44 ./source/fsl_enet.o
                0x00001cec                ENET_ErrIRQHandler
 .text.ENET_Transmit_DriverIRQHandler
                0x00001d30       0x18 ./source/fsl_enet.o
                0x00001d30                ENET_Transmit_DriverIRQHandler
 .text.ENET_Receive_DriverIRQHandler
                0x00001d48       0x18 ./source/fsl_enet.o
                0x00001d48                ENET_Receive_DriverIRQHandler
 .text.ENET_Error_DriverIRQHandler
                0x00001d60       0x18 ./source/fsl_enet.o
                0x00001d60                ENET_Error_DriverIRQHandler
 .text.ENET_1588_Timer_DriverIRQHandler
                0x00001d78       0x18 ./source/fsl_enet.o
                0x00001d78                ENET_1588_Timer_DriverIRQHandler
 .text.ENET_MDIO_Init
                0x00001d90       0x44 ./source/fsl_enet_mdio.o
 .text.ENET_MDIO_Read
                0x00001dd4       0x74 ./source/fsl_enet_mdio.o
 .text.PHY_KSZ8081_Init
                0x00001e48      0x128 ./source/fsl_phyksz8081.o
                0x00001e48                PHY_KSZ8081_Init
 .text.PHY_KSZ8081_GetAutoNegotiationStatus
                0x00001f70       0x54 ./source/fsl_phyksz8081.o
                0x00001f70                PHY_KSZ8081_GetAutoNegotiationStatus
 .text.PHY_KSZ8081_GetLinkStatus
                0x00001fc4       0x58 ./source/fsl_phyksz8081.o
                0x00001fc4                PHY_KSZ8081_GetLinkStatus
 .text.PHY_KSZ8081_GetLinkSpeedDuplex
                0x0000201c       0x98 ./source/fsl_phyksz8081.o
                0x0000201c                PHY_KSZ8081_GetLinkSpeedDuplex
 .text.PHY_KSZ8081_SetLinkSpeedDuplex
                0x000020b4       0x90 ./source/fsl_phyksz8081.o
                0x000020b4                PHY_KSZ8081_SetLinkSpeedDuplex
 .text.PHY_KSZ8081_EnableLoopback
                0x00002144      0x150 ./source/fsl_phyksz8081.o
                0x00002144                PHY_KSZ8081_EnableLoopback
 .text.CLOCK_SetEr32kClock
                0x00002294       0x30 ./drivers/fsl_clock.o
 .text.CLOCK_SetPllFllSelClock
                0x000022c4       0x38 ./drivers/fsl_clock.o
 .text.CLOCK_GetMcgExtClkFreq
                0x000022fc       0x7c ./drivers/fsl_clock.o
 .text.CLOCK_GetFllExtRefClkFreq
                0x00002378       0xb0 ./drivers/fsl_clock.o
 .text.CLOCK_GetInternalRefClkSelectFreq
                0x00002428       0x4c ./drivers/fsl_clock.o
 .text.CLOCK_GetFllRefClkFreq
                0x00002474       0x34 ./drivers/fsl_clock.o
 .text.CLOCK_GetOscRangeFromFreq
                0x000024a8       0x3c ./drivers/fsl_clock.o
 .text.CLOCK_GetOsc0ErClkFreq
                0x000024e4       0x44 ./drivers/fsl_clock.o
                0x000024e4                CLOCK_GetOsc0ErClkFreq
 .text.CLOCK_GetEr32kClkFreq
                0x00002528       0x74 ./drivers/fsl_clock.o
                0x00002528                CLOCK_GetEr32kClkFreq
 .text.CLOCK_GetPllFllSelClkFreq
                0x0000259c       0x54 ./drivers/fsl_clock.o
                0x0000259c                CLOCK_GetPllFllSelClkFreq
 .text.CLOCK_GetCoreSysClkFreq
                0x000025f0       0x28 ./drivers/fsl_clock.o
                0x000025f0                CLOCK_GetCoreSysClkFreq
 .text.CLOCK_GetFreq
                0x00002618      0x140 ./drivers/fsl_clock.o
                0x00002618                CLOCK_GetFreq
 .text.CLOCK_SetSimConfig
                0x00002758       0x34 ./drivers/fsl_clock.o
                0x00002758                CLOCK_SetSimConfig
 .text.CLOCK_EnableUsbfs0Clock
                0x0000278c      0x108 ./drivers/fsl_clock.o
                0x0000278c                CLOCK_EnableUsbfs0Clock
 .text.CLOCK_GetOutClkFreq
                0x00002894       0x64 ./drivers/fsl_clock.o
                0x00002894                CLOCK_GetOutClkFreq
 .text.CLOCK_GetFllFreq
                0x000028f8       0x84 ./drivers/fsl_clock.o
                0x000028f8                CLOCK_GetFllFreq
 .text.CLOCK_GetInternalRefClkFreq
                0x0000297c       0x30 ./drivers/fsl_clock.o
                0x0000297c                CLOCK_GetInternalRefClkFreq
 .text.CLOCK_GetPll0Freq
                0x000029ac       0x78 ./drivers/fsl_clock.o
                0x000029ac                CLOCK_GetPll0Freq
 .text.CLOCK_SetExternalRefClkConfig
                0x00002a24       0x6c ./drivers/fsl_clock.o
                0x00002a24                CLOCK_SetExternalRefClkConfig
 .text.CLOCK_SetInternalRefClkConfig
                0x00002a90      0x104 ./drivers/fsl_clock.o
                0x00002a90                CLOCK_SetInternalRefClkConfig
 .text.CLOCK_EnablePll0
                0x00002b94       0x88 ./drivers/fsl_clock.o
                0x00002b94                CLOCK_EnablePll0
 .text.CLOCK_InitOsc0
                0x00002c1c       0x8c ./drivers/fsl_clock.o
                0x00002c1c                CLOCK_InitOsc0
 .text.CLOCK_SetPbeMode
                0x00002ca8       0xa8 ./drivers/fsl_clock.o
                0x00002ca8                CLOCK_SetPbeMode
 .text.CLOCK_BootToPeeMode
                0x00002d50       0x60 ./drivers/fsl_clock.o
                0x00002d50                CLOCK_BootToPeeMode
 .text.EDMA_HandleIRQ
                0x00002db0      0x1b0 ./drivers/fsl_edma.o
                0x00002db0                EDMA_HandleIRQ
 .text.DMA0_DriverIRQHandler
                0x00002f60       0x1c ./drivers/fsl_edma.o
                0x00002f60                DMA0_DriverIRQHandler
 .text.DMA1_DriverIRQHandler
                0x00002f7c       0x1c ./drivers/fsl_edma.o
                0x00002f7c                DMA1_DriverIRQHandler
 .text.DMA2_DriverIRQHandler
                0x00002f98       0x1c ./drivers/fsl_edma.o
                0x00002f98                DMA2_DriverIRQHandler
 .text.DMA3_DriverIRQHandler
                0x00002fb4       0x1c ./drivers/fsl_edma.o
                0x00002fb4                DMA3_DriverIRQHandler
 .text.DMA4_DriverIRQHandler
                0x00002fd0       0x1c ./drivers/fsl_edma.o
                0x00002fd0                DMA4_DriverIRQHandler
 .text.DMA5_DriverIRQHandler
                0x00002fec       0x1c ./drivers/fsl_edma.o
                0x00002fec                DMA5_DriverIRQHandler
 .text.DMA6_DriverIRQHandler
                0x00003008       0x1c ./drivers/fsl_edma.o
                0x00003008                DMA6_DriverIRQHandler
 .text.DMA7_DriverIRQHandler
                0x00003024       0x1c ./drivers/fsl_edma.o
                0x00003024                DMA7_DriverIRQHandler
 .text.DMA8_DriverIRQHandler
                0x00003040       0x1c ./drivers/fsl_edma.o
                0x00003040                DMA8_DriverIRQHandler
 .text.DMA9_DriverIRQHandler
                0x0000305c       0x1c ./drivers/fsl_edma.o
                0x0000305c                DMA9_DriverIRQHandler
 .text.DMA10_DriverIRQHandler
                0x00003078       0x1c ./drivers/fsl_edma.o
                0x00003078                DMA10_DriverIRQHandler
 .text.DMA11_DriverIRQHandler
                0x00003094       0x1c ./drivers/fsl_edma.o
                0x00003094                DMA11_DriverIRQHandler
 .text.DMA12_DriverIRQHandler
                0x000030b0       0x1c ./drivers/fsl_edma.o
                0x000030b0                DMA12_DriverIRQHandler
 .text.DMA13_DriverIRQHandler
                0x000030cc       0x1c ./drivers/fsl_edma.o
                0x000030cc                DMA13_DriverIRQHandler
 .text.DMA14_DriverIRQHandler
                0x000030e8       0x1c ./drivers/fsl_edma.o
                0x000030e8                DMA14_DriverIRQHandler
 .text.DMA15_DriverIRQHandler
                0x00003104       0x1c ./drivers/fsl_edma.o
                0x00003104                DMA15_DriverIRQHandler
 .text.I2C_TransferCommonIRQHandler
                0x00003120       0x58 ./drivers/fsl_i2c.o
 .text.I2C0_DriverIRQHandler
                0x00003178       0x1c ./drivers/fsl_i2c.o
                0x00003178                I2C0_DriverIRQHandler
 .text.I2C1_DriverIRQHandler
                0x00003194       0x1c ./drivers/fsl_i2c.o
                0x00003194                I2C1_DriverIRQHandler
 .text.I2C2_DriverIRQHandler
                0x000031b0       0x1c ./drivers/fsl_i2c.o
                0x000031b0                I2C2_DriverIRQHandler
 .text.UART_GetInstance
                0x000031cc       0x54 ./drivers/fsl_uart.o
                0x000031cc                UART_GetInstance
 .text.UART_Init
                0x00003220      0x2f4 ./drivers/fsl_uart.o
                0x00003220                UART_Init
 .text.UART_GetDefaultConfig
                0x00003514       0x68 ./drivers/fsl_uart.o
                0x00003514                UART_GetDefaultConfig
 .text.UART0_DriverIRQHandler
                0x0000357c       0x28 ./drivers/fsl_uart.o
                0x0000357c                UART0_DriverIRQHandler
 .text.UART1_DriverIRQHandler
                0x000035a4       0x28 ./drivers/fsl_uart.o
                0x000035a4                UART1_DriverIRQHandler
 .text.UART2_DriverIRQHandler
                0x000035cc       0x28 ./drivers/fsl_uart.o
                0x000035cc                UART2_DriverIRQHandler
 .text.UART3_DriverIRQHandler
                0x000035f4       0x28 ./drivers/fsl_uart.o
                0x000035f4                UART3_DriverIRQHandler
 .text.UART4_DriverIRQHandler
                0x0000361c       0x28 ./drivers/fsl_uart.o
                0x0000361c                UART4_DriverIRQHandler
 .text.UART5_DriverIRQHandler
                0x00003644       0x28 ./drivers/fsl_uart.o
                0x00003644                UART5_DriverIRQHandler
 .text.SystemInit
                0x0000366c       0x3c ./device/system_MK64F12.o
                0x0000366c                SystemInit
 .text.HAL_UartInit
                0x000036a8      0x128 ./component/uart/fsl_adapter_uart.o
                0x000036a8                HAL_UartInit
 .text.HAL_UartSendBlocking
                0x000037d0       0x64 ./component/uart/fsl_adapter_uart.o
                0x000037d0                HAL_UartSendBlocking
 .text.CLOCK_SetSdhc0Clock
                0x00003834       0x38 ./board/clock_config.o
 .text.CLOCK_SetEnetTime0Clock
                0x0000386c       0x38 ./board/clock_config.o
 .text.CLOCK_SetRmii0Clock
                0x000038a4       0x38 ./board/clock_config.o
 .text.CLOCK_SetTraceClock
                0x000038dc       0x38 ./board/clock_config.o
 .text.CLOCK_SetClkOutClock
                0x00003914       0x34 ./board/clock_config.o
 .text.CLOCK_SetSimSafeDivs
                0x00003948       0x20 ./board/clock_config.o
 .text.CLOCK_SetXtal0Freq
                0x00003968       0x20 ./board/clock_config.o
 .text.CLOCK_CONFIG_SetFllExtRefDiv
                0x00003988       0x3c ./board/clock_config.o
 .text.BOARD_BootClockRUN
                0x000039c4       0x88 ./board/clock_config.o
                0x000039c4                BOARD_BootClockRUN
 .text.PORT_SetPinConfig
                0x00003a4c       0x38 ./board/pin_mux.o
 .text.BOARD_InitPins
                0x00003a84       0x30 ./board/pin_mux.o
                0x00003a84                BOARD_InitPins
 .text.BOARD_InitDEBUG_UARTPins
                0x00003ab4       0x68 ./board/pin_mux.o
                0x00003ab4                BOARD_InitDEBUG_UARTPins
 .text.__assertion_failed
                0x00003b1c       0x4c C:/nxp/MCUXpressoIDE_25.6.136/ide/plugins/com.nxp.mcuxpresso.tools.win32_25.6.0.202501151204/tools/bin/../lib/gcc/arm-none-eabi/14.2.1/../../../../arm-none-eabi/lib/thumb/v7e-m+fp/hard\libcr_nohost_nf.a(_cr_assert.o)
                0x00003b1c                __assertion_failed
 .text._Cwritebuf
                0x00003b68       0x70 C:/nxp/MCUXpressoIDE_25.6.136/ide/plugins/com.nxp.mcuxpresso.tools.win32_25.6.0.202501151204/tools/bin/../lib/gcc/arm-none-eabi/14.2.1/../../../../arm-none-eabi/lib/thumb/v7e-m+fp/hard\libcr_c.a(_writebuf.o)
                0x00003b68                _Cwritebuf
 .text.malloc   0x00003bd8       0xc8 C:/nxp/MCUXpressoIDE_25.6.136/ide/plugins/com.nxp.mcuxpresso.tools.win32_25.6.0.202501151204/tools/bin/../lib/gcc/arm-none-eabi/14.2.1/../../../../arm-none-eabi/lib/thumb/v7e-m+fp/hard\libcr_c.a(alloc.o)
                0x00003bd8                malloc
 .text._Csys_alloc
                0x00003ca0       0x20 C:/nxp/MCUXpressoIDE_25.6.136/ide/plugins/com.nxp.mcuxpresso.tools.win32_25.6.0.202501151204/tools/bin/../lib/gcc/arm-none-eabi/14.2.1/../../../../arm-none-eabi/lib/thumb/v7e-m+fp/hard\libcr_c.a(alloc.o)
                0x00003ca0                _Csys_alloc
 .text.fseek    0x00003cc0       0xf8 C:/nxp/MCUXpressoIDE_25.6.136/ide/plugins/com.nxp.mcuxpresso.tools.win32_25.6.0.202501151204/tools/bin/../lib/gcc/arm-none-eabi/14.2.1/../../../../arm-none-eabi/lib/thumb/v7e-m+fp/hard\libcr_c.a(fseek.o)
                0x00003cc0                fseek
 .text.ftell    0x00003db8       0x44 C:/nxp/MCUXpressoIDE_25.6.136/ide/plugins/com.nxp.mcuxpresso.tools.win32_25.6.0.202501151204/tools/bin/../lib/gcc/arm-none-eabi/14.2.1/../../../../arm-none-eabi/lib/thumb/v7e-m+fp/hard\libcr_c.a(ftell.o)
                0x00003db8                ftell
 .text._initio  0x00003dfc       0x78 C:/nxp/MCUXpressoIDE_25.6.136/ide/plugins/com.nxp.mcuxpresso.tools.win32_25.6.0.202501151204/tools/bin/../lib/gcc/arm-none-eabi/14.2.1/../../../../arm-none-eabi/lib/thumb/v7e-m+fp/hard\libcr_c.a(initio.o)
                0x00003dfc                _initio
 .text.__vfprintf
                0x00003e74      0xb6c C:/nxp/MCUXpressoIDE_25.6.136/ide/plugins/com.nxp.mcuxpresso.tools.win32_25.6.0.202501151204/tools/bin/../lib/gcc/arm-none-eabi/14.2.1/../../../../arm-none-eabi/lib/thumb/v7e-m+fp/hard\libcr_c.a(printf.o)
                0x00003e74                __vfprintf
 .text._vsnprintf
                0x000049e0       0x68 C:/nxp/MCUXpressoIDE_25.6.136/ide/plugins/com.nxp.mcuxpresso.tools.win32_25.6.0.202501151204/tools/bin/../lib/gcc/arm-none-eabi/14.2.1/../../../../arm-none-eabi/lib/thumb/v7e-m+fp/hard\libcr_c.a(printf.o)
                0x000049e0                _vsnprintf
 .text._printf  0x00004a48       0x54 C:/nxp/MCUXpressoIDE_25.6.136/ide/plugins/com.nxp.mcuxpresso.tools.win32_25.6.0.202501151204/tools/bin/../lib/gcc/arm-none-eabi/14.2.1/../../../../arm-none-eabi/lib/thumb/v7e-m+fp/hard\libcr_c.a(printf.o)
                0x00004a48                _printf
 .text._sbrk    0x00004a9c       0x3c C:/nxp/MCUXpressoIDE_25.6.136/ide/plugins/com.nxp.mcuxpresso.tools.win32_25.6.0.202501151204/tools/bin/../lib/gcc/arm-none-eabi/14.2.1/../../../../arm-none-eabi/lib/thumb/v7e-m+fp/hard\libcr_c.a(_cr_sbrk.o)
                0x00004a9c                _sbrk
 .text.fflush   0x00004ad8       0x3c C:/nxp/MCUXpressoIDE_25.6.136/ide/plugins/com.nxp.mcuxpresso.tools.win32_25.6.0.202501151204/tools/bin/../lib/gcc/arm-none-eabi/14.2.1/../../../../arm-none-eabi/lib/thumb/v7e-m+fp/hard\libcr_c.a(fflush.o)
                0x00004ad8                fflush
 .text.__check_heap_overflow
                0x00004b14       0x18 C:/nxp/MCUXpressoIDE_25.6.136/ide/plugins/com.nxp.mcuxpresso.tools.win32_25.6.0.202501151204/tools/bin/../lib/gcc/arm-none-eabi/14.2.1/../../../../arm-none-eabi/lib/thumb/v7e-m+fp/hard\libcr_c.a(_cr_check_heap.o)
                0x00004b14                __check_heap_overflow
 .text.DbgConsole_PrintCallback
                0x00004b2c       0x66 ./utilities/fsl_debug_console.o
 .text.DbgConsole_Printf
                0x00004b92       0x2c ./utilities/fsl_debug_console.o
                0x00004b92                DbgConsole_Printf
 .text.PrintGetWidth
                0x00004bbe       0x6a ./utilities/fsl_str.o
 .text.PrintGetPrecision
                0x00004c28       0x8c ./utilities/fsl_str.o
 .text.PrintIsobpu
                0x00004cb4       0x38 ./utilities/fsl_str.o
 .text.PrintIsdi
                0x00004cec       0x2c ./utilities/fsl_str.o
 .text.PrintOutputdifFobpu
                0x00004d18       0x44 ./utilities/fsl_str.o
 .text.PrintOutputxX
                0x00004d5c       0x44 ./utilities/fsl_str.o
 .text.PrintIsfF
                0x00004da0       0x2c ./utilities/fsl_str.o
 .text.PrintIsxX
                0x00004dcc       0x2c ./utilities/fsl_str.o
 .text.PrintFilterLengthFlag
                0x00004df8       0x3e ./utilities/fsl_str.o
 .text.PrintGetRadixFromobpu
                0x00004e36       0x40 ./utilities/fsl_str.o
 .text.ConvertRadixNumToString
                0x00004e76       0xc2 ./utilities/fsl_str.o
 .text.StrFormatPrintf
                0x00004f38      0x2ac ./utilities/fsl_str.o
                0x00004f38                StrFormatPrintf
 .text.DMA0_IRQHandler
                0x000051e4        0x8 ./startup/startup_mk64f12.o
                0x000051e4                DMA0_IRQHandler
 .text.DMA1_IRQHandler
                0x000051ec        0x8 ./startup/startup_mk64f12.o
                0x000051ec                DMA1_IRQHandler
 .text.DMA2_IRQHandler
                0x000051f4        0x8 ./startup/startup_mk64f12.o
                0x000051f4                DMA2_IRQHandler
 .text.DMA3_IRQHandler
                0x000051fc        0x8 ./startup/startup_mk64f12.o
                0x000051fc                DMA3_IRQHandler
 .text.DMA4_IRQHandler
                0x00005204        0x8 ./startup/startup_mk64f12.o
                0x00005204                DMA4_IRQHandler
 .text.DMA5_IRQHandler
                0x0000520c        0x8 ./startup/startup_mk64f12.o
                0x0000520c                DMA5_IRQHandler
 .text.DMA6_IRQHandler
                0x00005214        0x8 ./startup/startup_mk64f12.o
                0x00005214                DMA6_IRQHandler
 .text.DMA7_IRQHandler
                0x0000521c        0x8 ./startup/startup_mk64f12.o
                0x0000521c                DMA7_IRQHandler
 .text.DMA8_IRQHandler
                0x00005224        0x8 ./startup/startup_mk64f12.o
                0x00005224                DMA8_IRQHandler
 .text.DMA9_IRQHandler
                0x0000522c        0x8 ./startup/startup_mk64f12.o
                0x0000522c                DMA9_IRQHandler
 .text.DMA10_IRQHandler
                0x00005234        0x8 ./startup/startup_mk64f12.o
                0x00005234                DMA10_IRQHandler
 .text.DMA11_IRQHandler
                0x0000523c        0x8 ./startup/startup_mk64f12.o
                0x0000523c                DMA11_IRQHandler
 .text.DMA12_IRQHandler
                0x00005244        0x8 ./startup/startup_mk64f12.o
                0x00005244                DMA12_IRQHandler
 .text.DMA13_IRQHandler
                0x0000524c        0x8 ./startup/startup_mk64f12.o
                0x0000524c                DMA13_IRQHandler
 .text.DMA14_IRQHandler
                0x00005254        0x8 ./startup/startup_mk64f12.o
                0x00005254                DMA14_IRQHandler
 .text.DMA15_IRQHandler
                0x0000525c        0x8 ./startup/startup_mk64f12.o
                0x0000525c                DMA15_IRQHandler
 .text.DMA_Error_IRQHandler
                0x00005264        0x8 ./startup/startup_mk64f12.o
                0x00005264                DMA_Error_IRQHandler
 .text.MCM_IRQHandler
                0x0000526c        0x8 ./startup/startup_mk64f12.o
                0x0000526c                MCM_IRQHandler
 .text.FTFE_IRQHandler
                0x00005274        0x8 ./startup/startup_mk64f12.o
                0x00005274                FTFE_IRQHandler
 .text.Read_Collision_IRQHandler
                0x0000527c        0x8 ./startup/startup_mk64f12.o
                0x0000527c                Read_Collision_IRQHandler
 .text.LVD_LVW_IRQHandler
                0x00005284        0x8 ./startup/startup_mk64f12.o
                0x00005284                LVD_LVW_IRQHandler
 .text.LLWU_IRQHandler
                0x0000528c        0x8 ./startup/startup_mk64f12.o
                0x0000528c                LLWU_IRQHandler
 .text.WDOG_EWM_IRQHandler
                0x00005294        0x8 ./startup/startup_mk64f12.o
                0x00005294                WDOG_EWM_IRQHandler
 .text.RNG_IRQHandler
                0x0000529c        0x8 ./startup/startup_mk64f12.o
                0x0000529c                RNG_IRQHandler
 .text.I2C0_IRQHandler
                0x000052a4        0x8 ./startup/startup_mk64f12.o
                0x000052a4                I2C0_IRQHandler
 .text.I2C1_IRQHandler
                0x000052ac        0x8 ./startup/startup_mk64f12.o
                0x000052ac                I2C1_IRQHandler
 .text.SPI0_IRQHandler
                0x000052b4        0x8 ./startup/startup_mk64f12.o
                0x000052b4                SPI0_IRQHandler
 .text.SPI1_IRQHandler
                0x000052bc        0x8 ./startup/startup_mk64f12.o
                0x000052bc                SPI1_IRQHandler
 .text.I2S0_Tx_IRQHandler
                0x000052c4        0x8 ./startup/startup_mk64f12.o
                0x000052c4                I2S0_Tx_IRQHandler
 .text.I2S0_Rx_IRQHandler
                0x000052cc        0x8 ./startup/startup_mk64f12.o
                0x000052cc                I2S0_Rx_IRQHandler
 .text.UART0_LON_IRQHandler
                0x000052d4        0x8 ./startup/startup_mk64f12.o
                0x000052d4                UART0_LON_IRQHandler
 .text.UART0_RX_TX_IRQHandler
                0x000052dc        0x8 ./startup/startup_mk64f12.o
                0x000052dc                UART0_RX_TX_IRQHandler
 .text.UART0_ERR_IRQHandler
                0x000052e4        0x8 ./startup/startup_mk64f12.o
                0x000052e4                UART0_ERR_IRQHandler
 .text.UART1_RX_TX_IRQHandler
                0x000052ec        0x8 ./startup/startup_mk64f12.o
                0x000052ec                UART1_RX_TX_IRQHandler
 .text.UART1_ERR_IRQHandler
                0x000052f4        0x8 ./startup/startup_mk64f12.o
                0x000052f4                UART1_ERR_IRQHandler
 .text.UART2_RX_TX_IRQHandler
                0x000052fc        0x8 ./startup/startup_mk64f12.o
                0x000052fc                UART2_RX_TX_IRQHandler
 .text.UART2_ERR_IRQHandler
                0x00005304        0x8 ./startup/startup_mk64f12.o
                0x00005304                UART2_ERR_IRQHandler
 .text.UART3_RX_TX_IRQHandler
                0x0000530c        0x8 ./startup/startup_mk64f12.o
                0x0000530c                UART3_RX_TX_IRQHandler
 .text.UART3_ERR_IRQHandler
                0x00005314        0x8 ./startup/startup_mk64f12.o
                0x00005314                UART3_ERR_IRQHandler
 .text.ADC0_IRQHandler
                0x0000531c        0x8 ./startup/startup_mk64f12.o
                0x0000531c                ADC0_IRQHandler
 .text.CMP0_IRQHandler
                0x00005324        0x8 ./startup/startup_mk64f12.o
                0x00005324                CMP0_IRQHandler
 .text.CMP1_IRQHandler
                0x0000532c        0x8 ./startup/startup_mk64f12.o
                0x0000532c                CMP1_IRQHandler
 .text.FTM0_IRQHandler
                0x00005334        0x8 ./startup/startup_mk64f12.o
                0x00005334                FTM0_IRQHandler
 .text.FTM1_IRQHandler
                0x0000533c        0x8 ./startup/startup_mk64f12.o
                0x0000533c                FTM1_IRQHandler
 .text.FTM2_IRQHandler
                0x00005344        0x8 ./startup/startup_mk64f12.o
                0x00005344                FTM2_IRQHandler
 .text.CMT_IRQHandler
                0x0000534c        0x8 ./startup/startup_mk64f12.o
                0x0000534c                CMT_IRQHandler
 .text.RTC_IRQHandler
                0x00005354        0x8 ./startup/startup_mk64f12.o
                0x00005354                RTC_IRQHandler
 .text.RTC_Seconds_IRQHandler
                0x0000535c        0x8 ./startup/startup_mk64f12.o
                0x0000535c                RTC_Seconds_IRQHandler
 .text.PIT0_IRQHandler
                0x00005364        0x8 ./startup/startup_mk64f12.o
                0x00005364                PIT0_IRQHandler
 .text.PIT1_IRQHandler
                0x0000536c        0x8 ./startup/startup_mk64f12.o
                0x0000536c                PIT1_IRQHandler
 .text.PIT2_IRQHandler
                0x00005374        0x8 ./startup/startup_mk64f12.o
                0x00005374                PIT2_IRQHandler
 .text.PIT3_IRQHandler
                0x0000537c        0x8 ./startup/startup_mk64f12.o
                0x0000537c                PIT3_IRQHandler
 .text.PDB0_IRQHandler
                0x00005384        0x8 ./startup/startup_mk64f12.o
                0x00005384                PDB0_IRQHandler
 .text.USB0_IRQHandler
                0x0000538c        0x8 ./startup/startup_mk64f12.o
                0x0000538c                USB0_IRQHandler
 .text.USBDCD_IRQHandler
                0x00005394        0x8 ./startup/startup_mk64f12.o
                0x00005394                USBDCD_IRQHandler
 .text.Reserved71_IRQHandler
                0x0000539c        0x8 ./startup/startup_mk64f12.o
                0x0000539c                Reserved71_IRQHandler
 .text.DAC0_IRQHandler
                0x000053a4        0x8 ./startup/startup_mk64f12.o
                0x000053a4                DAC0_IRQHandler
 .text.MCG_IRQHandler
                0x000053ac        0x8 ./startup/startup_mk64f12.o
                0x000053ac                MCG_IRQHandler
 .text.LPTMR0_IRQHandler
                0x000053b4        0x8 ./startup/startup_mk64f12.o
                0x000053b4                LPTMR0_IRQHandler
 .text.PORTA_IRQHandler
                0x000053bc        0x8 ./startup/startup_mk64f12.o
                0x000053bc                PORTA_IRQHandler
 .text.PORTB_IRQHandler
                0x000053c4        0x8 ./startup/startup_mk64f12.o
                0x000053c4                PORTB_IRQHandler
 .text.PORTC_IRQHandler
                0x000053cc        0x8 ./startup/startup_mk64f12.o
                0x000053cc                PORTC_IRQHandler
 .text.PORTD_IRQHandler
                0x000053d4        0x8 ./startup/startup_mk64f12.o
                0x000053d4                PORTD_IRQHandler
 .text.PORTE_IRQHandler
                0x000053dc        0x8 ./startup/startup_mk64f12.o
                0x000053dc                PORTE_IRQHandler
 .text.SWI_IRQHandler
                0x000053e4        0x8 ./startup/startup_mk64f12.o
                0x000053e4                SWI_IRQHandler
 .text.SPI2_IRQHandler
                0x000053ec        0x8 ./startup/startup_mk64f12.o
                0x000053ec                SPI2_IRQHandler
 .text.UART4_RX_TX_IRQHandler
                0x000053f4        0x8 ./startup/startup_mk64f12.o
                0x000053f4                UART4_RX_TX_IRQHandler
 .text.UART4_ERR_IRQHandler
                0x000053fc        0x8 ./startup/startup_mk64f12.o
                0x000053fc                UART4_ERR_IRQHandler
 .text.UART5_RX_TX_IRQHandler
                0x00005404        0x8 ./startup/startup_mk64f12.o
                0x00005404                UART5_RX_TX_IRQHandler
 .text.UART5_ERR_IRQHandler
                0x0000540c        0x8 ./startup/startup_mk64f12.o
                0x0000540c                UART5_ERR_IRQHandler
 .text.CMP2_IRQHandler
                0x00005414        0x8 ./startup/startup_mk64f12.o
                0x00005414                CMP2_IRQHandler
 .text.FTM3_IRQHandler
                0x0000541c        0x8 ./startup/startup_mk64f12.o
                0x0000541c                FTM3_IRQHandler
 .text.DAC1_IRQHandler
                0x00005424        0x8 ./startup/startup_mk64f12.o
                0x00005424                DAC1_IRQHandler
 .text.ADC1_IRQHandler
                0x0000542c        0x8 ./startup/startup_mk64f12.o
                0x0000542c                ADC1_IRQHandler
 .text.I2C2_IRQHandler
                0x00005434        0x8 ./startup/startup_mk64f12.o
                0x00005434                I2C2_IRQHandler
 .text.CAN0_ORed_Message_buffer_IRQHandler
                0x0000543c        0x8 ./startup/startup_mk64f12.o
                0x0000543c                CAN0_ORed_Message_buffer_IRQHandler
 .text.CAN0_Bus_Off_IRQHandler
                0x00005444        0x8 ./startup/startup_mk64f12.o
                0x00005444                CAN0_Bus_Off_IRQHandler
 .text.CAN0_Error_IRQHandler
                0x0000544c        0x8 ./startup/startup_mk64f12.o
                0x0000544c                CAN0_Error_IRQHandler
 .text.CAN0_Tx_Warning_IRQHandler
                0x00005454        0x8 ./startup/startup_mk64f12.o
                0x00005454                CAN0_Tx_Warning_IRQHandler
 .text.CAN0_Rx_Warning_IRQHandler
                0x0000545c        0x8 ./startup/startup_mk64f12.o
                0x0000545c                CAN0_Rx_Warning_IRQHandler
 .text.CAN0_Wake_Up_IRQHandler
                0x00005464        0x8 ./startup/startup_mk64f12.o
                0x00005464                CAN0_Wake_Up_IRQHandler
 .text.SDHC_IRQHandler
                0x0000546c        0x8 ./startup/startup_mk64f12.o
                0x0000546c                SDHC_IRQHandler
 .text.ENET_1588_Timer_IRQHandler
                0x00005474        0x8 ./startup/startup_mk64f12.o
                0x00005474                ENET_1588_Timer_IRQHandler
 .text.ENET_Transmit_IRQHandler
                0x0000547c        0x8 ./startup/startup_mk64f12.o
                0x0000547c                ENET_Transmit_IRQHandler
 .text.ENET_Receive_IRQHandler
                0x00005484        0x8 ./startup/startup_mk64f12.o
                0x00005484                ENET_Receive_IRQHandler
 .text.ENET_Error_IRQHandler
                0x0000548c        0x8 ./startup/startup_mk64f12.o
                0x0000548c                ENET_Error_IRQHandler
 .text.AES_init_ctx_iv
                0x00005494       0x2c ./source/aes.o
                0x00005494                AES_init_ctx_iv
 .text.AddRoundKey
                0x000054c0       0x78 ./source/aes.o
 .text.ShiftRows
                0x00005538       0x84 ./source/aes.o
 .text.xtime    0x000055bc       0x3e ./source/aes.o
 .text.MixColumns
                0x000055fa      0x16a ./source/aes.o
 .text.Cipher   0x00005764       0x5c ./source/aes.o
 .text.XorWithIv
                0x000057c0       0x46 ./source/aes.o
 .text.AES_CBC_encrypt_buffer
                0x00005806       0x58 ./source/aes.o
                0x00005806                AES_CBC_encrypt_buffer
 .text.PHY_Init
                0x0000585e       0x20 ./source/encrypt_and_integrity.o
 .text.PHY_GetAutoNegotiationStatus
                0x0000587e       0x20 ./source/encrypt_and_integrity.o
 .text.PHY_GetLinkStatus
                0x0000589e       0x20 ./source/encrypt_and_integrity.o
 .text.PHY_GetLinkSpeedDuplex
                0x000058be       0x24 ./source/encrypt_and_integrity.o
 .text.ENET_ActiveRead
                0x000058e2       0x1c ./source/encrypt_and_integrity.o
 .text.CLOCK_EnableClock
                0x000058fe       0x34 ./source/fsl_enet.o
 .text.EnableIRQ
                0x00005932       0x32 ./source/fsl_enet.o
 .text.DisableGlobalIRQ
                0x00005964       0x22 ./source/fsl_enet.o
 .text.EnableGlobalIRQ
                0x00005986       0x20 ./source/fsl_enet.o
 .text.ENET_Reset
                0x000059a6       0x20 ./source/fsl_enet.o
 .text.ENET_GetSMI
                0x000059c6       0x26 ./source/fsl_enet.o
 .text.ENET_EnableSleepMode
                0x000059ec       0x38 ./source/fsl_enet.o
 .text.ENET_EnableInterrupts
                0x00005a24       0x22 ./source/fsl_enet.o
 .text.ENET_SetMacAddr
                0x00005a46       0x5e ./source/fsl_enet.o
                0x00005a46                ENET_SetMacAddr
 .text.ENET_StartSMIWrite
                0x00005aa4       0x50 ./source/fsl_enet.o
                0x00005aa4                ENET_StartSMIWrite
 .text.ENET_StartSMIRead
                0x00005af4       0x4a ./source/fsl_enet.o
                0x00005af4                ENET_StartSMIRead
 .text.ENET_TxDirtyRingAvailable
                0x00005b3e       0x2e ./source/fsl_enet.o
 .text.CLOCK_EnableClock
                0x00005b6c       0x34 ./source/fsl_enet_mdio.o
 .text.ENET_ReadSMIData
                0x00005ba0       0x1a ./source/fsl_enet_mdio.o
 .text.ENET_GetInterruptStatus
                0x00005bba       0x18 ./source/fsl_enet_mdio.o
 .text.ENET_ClearInterruptStatus
                0x00005bd2       0x1c ./source/fsl_enet_mdio.o
 .text.ENET_MDIO_Write
                0x00005bee       0x5c ./source/fsl_enet_mdio.o
 .text.ENET_MDIO_WaitTransferOver
                0x00005c4a       0x2a ./source/fsl_enet_mdio.o
 .text.MDIO_Init
                0x00005c74       0x1a ./source/fsl_phyksz8081.o
 .text.MDIO_Write
                0x00005c8e       0x28 ./source/fsl_phyksz8081.o
 .text.MDIO_Read
                0x00005cb6       0x28 ./source/fsl_phyksz8081.o
 .text.PHY_KSZ8081_Write
                0x00005cde       0x26 ./source/fsl_phyksz8081.o
                0x00005cde                PHY_KSZ8081_Write
 .text.PHY_KSZ8081_Read
                0x00005d04       0x26 ./source/fsl_phyksz8081.o
                0x00005d04                PHY_KSZ8081_Read
 .text.HardFault_Handler
                0x00005d2a       0x36 ./source/semihost_hardfault.o
                0x00005d2a                HardFault_Handler
 .text.CLOCK_EnableClock
                0x00005d60       0x34 ./drivers/fsl_clock.o
 .text.CLOCK_DisableClock
                0x00005d94       0x38 ./drivers/fsl_clock.o
 .text.OSC_SetExtRefClkConfig
                0x00005dcc       0x34 ./drivers/fsl_clock.o
 .text.OSC_SetCapLoad
                0x00005e00       0x34 ./drivers/fsl_clock.o
 .text.CLOCK_GetPll0RefFreq
                0x00005e34        0xe ./drivers/fsl_clock.o
 .text.CLOCK_GetFixedFreqClkFreq
                0x00005e42       0x34 ./drivers/fsl_clock.o
                0x00005e42                CLOCK_GetFixedFreqClkFreq
 .text.CLOCK_EnableClock
                0x00005e76       0x34 ./drivers/fsl_uart.o
 .text.UART_WriteBlocking
                0x00005eaa       0x50 ./drivers/fsl_uart.o
                0x00005eaa                UART_WriteBlocking
 .text.UART0_RX_TX_DriverIRQHandler
                0x00005efa       0x12 ./drivers/fsl_uart.o
                0x00005efa                UART0_RX_TX_DriverIRQHandler
 .text.UART1_RX_TX_DriverIRQHandler
                0x00005f0c       0x12 ./drivers/fsl_uart.o
                0x00005f0c                UART1_RX_TX_DriverIRQHandler
 .text.UART2_RX_TX_DriverIRQHandler
                0x00005f1e       0x12 ./drivers/fsl_uart.o
                0x00005f1e                UART2_RX_TX_DriverIRQHandler
 .text.UART3_RX_TX_DriverIRQHandler
                0x00005f30       0x12 ./drivers/fsl_uart.o
                0x00005f30                UART3_RX_TX_DriverIRQHandler
 .text.UART4_RX_TX_DriverIRQHandler
                0x00005f42       0x12 ./drivers/fsl_uart.o
                0x00005f42                UART4_RX_TX_DriverIRQHandler
 .text.UART5_RX_TX_DriverIRQHandler
                0x00005f54       0x12 ./drivers/fsl_uart.o
                0x00005f54                UART5_RX_TX_DriverIRQHandler
 .text.SystemInitHook
                0x00005f66        0xe ./device/system_MK64F12.o
                0x00005f66                SystemInitHook
 .text.HAL_UartGetStatus
                0x00005f74       0x22 ./component/uart/fsl_adapter_uart.o
 .text.DisableGlobalIRQ
                0x00005f96       0x22 ./component/serial_manager/fsl_component_serial_manager.o
 .text.EnableGlobalIRQ
                0x00005fb8       0x20 ./component/serial_manager/fsl_component_serial_manager.o
 .text.SerialManager_StartWriting
                0x00005fd8       0x38 ./component/serial_manager/fsl_component_serial_manager.o
 .text.SerialManager_Write
                0x00006010       0x44 ./component/serial_manager/fsl_component_serial_manager.o
 .text.SerialManager_Init
                0x00006054       0x60 ./component/serial_manager/fsl_component_serial_manager.o
                0x00006054                SerialManager_Init
 .text.SerialManager_OpenWriteHandle
                0x000060b4       0x50 ./component/serial_manager/fsl_component_serial_manager.o
                0x000060b4                SerialManager_OpenWriteHandle
 .text.SerialManager_OpenReadHandle
                0x00006104       0x60 ./component/serial_manager/fsl_component_serial_manager.o
                0x00006104                SerialManager_OpenReadHandle
 .text.SerialManager_WriteBlocking
                0x00006164       0x20 ./component/serial_manager/fsl_component_serial_manager.o
                0x00006164                SerialManager_WriteBlocking
 .text.Serial_UartInit
                0x00006184       0x3e ./component/serial_manager/fsl_component_serial_port_uart.o
                0x00006184                Serial_UartInit
 .text.Serial_UartWrite
                0x000061c2       0x38 ./component/serial_manager/fsl_component_serial_port_uart.o
                0x000061c2                Serial_UartWrite
 .text.BOARD_InitDebugConsole
                0x000061fa       0x22 ./board/board.o
                0x000061fa                BOARD_InitDebugConsole
 .text.BOARD_InitBootClocks
                0x0000621c        0xc ./board/clock_config.o
                0x0000621c                BOARD_InitBootClocks
 .text.BOARD_InitPeripherals
                0x00006228        0xe ./board/peripherals.o
                0x00006228                BOARD_InitPeripherals
 .text.BOARD_InitBootPeripherals
                0x00006236        0xc ./board/peripherals.o
                0x00006236                BOARD_InitBootPeripherals
 .text.CLOCK_EnableClock
                0x00006242       0x34 ./board/pin_mux.o
 .text.PORT_SetPinMux
                0x00006276       0x3a ./board/pin_mux.o
 .text.BOARD_InitBootPins
                0x000062b0       0x10 ./board/pin_mux.o
                0x000062b0                BOARD_InitBootPins
 .text.__main   0x000062c0        0xe C:/nxp/MCUXpressoIDE_25.6.136/ide/plugins/com.nxp.mcuxpresso.tools.win32_25.6.0.202501151204/tools/bin/../lib/gcc/arm-none-eabi/14.2.1/../../../../arm-none-eabi/lib/thumb/v7e-m+fp/hard\libcr_nohost_nf.a(_cr__main.o)
                0x000062c0                __main
 .text.__sys_appexit
                0x000062ce        0x2 C:/nxp/MCUXpressoIDE_25.6.136/ide/plugins/com.nxp.mcuxpresso.tools.win32_25.6.0.202501151204/tools/bin/../lib/gcc/arm-none-eabi/14.2.1/../../../../arm-none-eabi/lib/thumb/v7e-m+fp/hard\libcr_nohost_nf.a(__sys_appexit.o)
                0x000062ce                __sys_appexit
                0x000062ce                __exit
 .text.memcpy   0x000062d0        0x4 C:/nxp/MCUXpressoIDE_25.6.136/ide/plugins/com.nxp.mcuxpresso.tools.win32_25.6.0.202501151204/tools/bin/../lib/gcc/arm-none-eabi/14.2.1/../../../../arm-none-eabi/lib/thumb/v7e-m+fp/hard\libcr_c.a(memcpy.o)
                0x000062d0                memcpy
 .text.memset   0x000062d4        0x4 C:/nxp/MCUXpressoIDE_25.6.136/ide/plugins/com.nxp.mcuxpresso.tools.win32_25.6.0.202501151204/tools/bin/../lib/gcc/arm-none-eabi/14.2.1/../../../../arm-none-eabi/lib/thumb/v7e-m+fp/hard\libcr_c.a(memset.o)
                0x000062d4                memset
 .text._deferredlazyseek
                0x000062d8       0x40 C:/nxp/MCUXpressoIDE_25.6.136/ide/plugins/com.nxp.mcuxpresso.tools.win32_25.6.0.202501151204/tools/bin/../lib/gcc/arm-none-eabi/14.2.1/../../../../arm-none-eabi/lib/thumb/v7e-m+fp/hard\libcr_c.a(_deferredlazyseek.o)
                0x000062d8                _deferredlazyseek
 .text.__flsbuf
                0x00006318      0x12a C:/nxp/MCUXpressoIDE_25.6.136/ide/plugins/com.nxp.mcuxpresso.tools.win32_25.6.0.202501151204/tools/bin/../lib/gcc/arm-none-eabi/14.2.1/../../../../arm-none-eabi/lib/thumb/v7e-m+fp/hard\libcr_c.a(_deferredlazyseek.o)
                0x00006318                __flsbuf
 .text._fflush  0x00006442       0x52 C:/nxp/MCUXpressoIDE_25.6.136/ide/plugins/com.nxp.mcuxpresso.tools.win32_25.6.0.202501151204/tools/bin/../lib/gcc/arm-none-eabi/14.2.1/../../../../arm-none-eabi/lib/thumb/v7e-m+fp/hard\libcr_c.a(_fflush.o)
                0x00006442                _fflush
 .text.free     0x00006494       0x30 C:/nxp/MCUXpressoIDE_25.6.136/ide/plugins/com.nxp.mcuxpresso.tools.win32_25.6.0.202501151204/tools/bin/../lib/gcc/arm-none-eabi/14.2.1/../../../../arm-none-eabi/lib/thumb/v7e-m+fp/hard\libcr_c.a(alloc.o)
                0x00006494                free
 .text.fputs    0x000064c4       0x2c C:/nxp/MCUXpressoIDE_25.6.136/ide/plugins/com.nxp.mcuxpresso.tools.win32_25.6.0.202501151204/tools/bin/../lib/gcc/arm-none-eabi/14.2.1/../../../../arm-none-eabi/lib/thumb/v7e-m+fp/hard\libcr_c.a(fputs.o)
                0x000064c4                fputs
 .text.no_fp_display
                0x000064f0        0x4 C:/nxp/MCUXpressoIDE_25.6.136/ide/plugins/com.nxp.mcuxpresso.tools.win32_25.6.0.202501151204/tools/bin/../lib/gcc/arm-none-eabi/14.2.1/../../../../arm-none-eabi/lib/thumb/v7e-m+fp/hard\libcr_c.a(printf.o)
 .text.setvbuf  0x000064f4       0x3e C:/nxp/MCUXpressoIDE_25.6.136/ide/plugins/com.nxp.mcuxpresso.tools.win32_25.6.0.202501151204/tools/bin/../lib/gcc/arm-none-eabi/14.2.1/../../../../arm-none-eabi/lib/thumb/v7e-m+fp/hard\libcr_c.a(setvbuf.o)
                0x000064f4                setvbuf
 .text.strlen   0x00006532       0x4e C:/nxp/MCUXpressoIDE_25.6.136/ide/plugins/com.nxp.mcuxpresso.tools.win32_25.6.0.202501151204/tools/bin/../lib/gcc/arm-none-eabi/14.2.1/../../../../arm-none-eabi/lib/thumb/v7e-m+fp/hard\libcr_c.a(strlen.o)
                0x00006532                strlen
 .text._fdopen  0x00006580       0x68 C:/nxp/MCUXpressoIDE_25.6.136/ide/plugins/com.nxp.mcuxpresso.tools.win32_25.6.0.202501151204/tools/bin/../lib/gcc/arm-none-eabi/14.2.1/../../../../arm-none-eabi/lib/thumb/v7e-m+fp/hard\libcr_c.a(_fdopen.o)
                0x00006580                _fdopen
 .text.fclose   0x000065e8       0x58 C:/nxp/MCUXpressoIDE_25.6.136/ide/plugins/com.nxp.mcuxpresso.tools.win32_25.6.0.202501151204/tools/bin/../lib/gcc/arm-none-eabi/14.2.1/../../../../arm-none-eabi/lib/thumb/v7e-m+fp/hard\libcr_c.a(fclose.o)
                0x000065e8                fclose
 .text.remove   0x00006640       0x14 C:/nxp/MCUXpressoIDE_25.6.136/ide/plugins/com.nxp.mcuxpresso.tools.win32_25.6.0.202501151204/tools/bin/../lib/gcc/arm-none-eabi/14.2.1/../../../../arm-none-eabi/lib/thumb/v7e-m+fp/hard\libcr_c.a(remove.o)
                0x00006640                remove
 .text._do_fflush
                0x00006654       0x40 C:/nxp/MCUXpressoIDE_25.6.136/ide/plugins/com.nxp.mcuxpresso.tools.win32_25.6.0.202501151204/tools/bin/../lib/gcc/arm-none-eabi/14.2.1/../../../../arm-none-eabi/lib/thumb/v7e-m+fp/hard\libcr_c.a(_do_fflush.o)
                0x00006654                _do_fflush
 .text.__aeabi_memcpy
                0x00006694       0x34 C:/nxp/MCUXpressoIDE_25.6.136/ide/plugins/com.nxp.mcuxpresso.tools.win32_25.6.0.202501151204/tools/bin/../lib/gcc/arm-none-eabi/14.2.1/thumb/v7e-m+fp/hard\libcr_eabihelpers.a(memcpy.o)
                0x00006694                __aeabi_memcpy
                0x0000669e                __aeabi_memcpy8
                0x0000669e                __aeabi_memcpy4
 .text.__aeabi_memset_lowlevel
                0x000066c8       0x32 C:/nxp/MCUXpressoIDE_25.6.136/ide/plugins/com.nxp.mcuxpresso.tools.win32_25.6.0.202501151204/tools/bin/../lib/gcc/arm-none-eabi/14.2.1/thumb/v7e-m+fp/hard\libcr_eabihelpers.a(memcpy.o)
                0x000066c8                __aeabi_lowlevel_memset
 .text.__sys_close
                0x000066fa        0x6 C:/nxp/MCUXpressoIDE_25.6.136/ide/plugins/com.nxp.mcuxpresso.tools.win32_25.6.0.202501151204/tools/bin/../lib/gcc/arm-none-eabi/14.2.1/../../../../arm-none-eabi/lib/thumb/v7e-m+fp/hard\libcr_nohost_nf.a(__sys_close.o)
                0x000066fa                __sys_close
 .text.__sys_flen
                0x00006700        0x6 C:/nxp/MCUXpressoIDE_25.6.136/ide/plugins/com.nxp.mcuxpresso.tools.win32_25.6.0.202501151204/tools/bin/../lib/gcc/arm-none-eabi/14.2.1/../../../../arm-none-eabi/lib/thumb/v7e-m+fp/hard\libcr_nohost_nf.a(__sys_flen.o)
                0x00006700                __sys_flen
 .text.__sys_istty
                0x00006706        0x6 C:/nxp/MCUXpressoIDE_25.6.136/ide/plugins/com.nxp.mcuxpresso.tools.win32_25.6.0.202501151204/tools/bin/../lib/gcc/arm-none-eabi/14.2.1/../../../../arm-none-eabi/lib/thumb/v7e-m+fp/hard\libcr_nohost_nf.a(__sys_istty.o)
                0x00006706                __sys_istty
 .text.__sys_remove
                0x0000670c        0x6 C:/nxp/MCUXpressoIDE_25.6.136/ide/plugins/com.nxp.mcuxpresso.tools.win32_25.6.0.202501151204/tools/bin/../lib/gcc/arm-none-eabi/14.2.1/../../../../arm-none-eabi/lib/thumb/v7e-m+fp/hard\libcr_nohost_nf.a(__sys_remove.o)
                0x0000670c                __sys_remove
 .text.__sys_seek
                0x00006712        0x6 C:/nxp/MCUXpressoIDE_25.6.136/ide/plugins/com.nxp.mcuxpresso.tools.win32_25.6.0.202501151204/tools/bin/../lib/gcc/arm-none-eabi/14.2.1/../../../../arm-none-eabi/lib/thumb/v7e-m+fp/hard\libcr_nohost_nf.a(__sys_seek.o)
                0x00006712                __sys_seek
 .text.__sys_tmpnam
                0x00006718        0x6 C:/nxp/MCUXpressoIDE_25.6.136/ide/plugins/com.nxp.mcuxpresso.tools.win32_25.6.0.202501151204/tools/bin/../lib/gcc/arm-none-eabi/14.2.1/../../../../arm-none-eabi/lib/thumb/v7e-m+fp/hard\libcr_nohost_nf.a(__sys_tmpnam.o)
                0x00006718                __sys_tmpnam
 .text.__sys_write
                0x0000671e        0x4 C:/nxp/MCUXpressoIDE_25.6.136/ide/plugins/com.nxp.mcuxpresso.tools.win32_25.6.0.202501151204/tools/bin/../lib/gcc/arm-none-eabi/14.2.1/../../../../arm-none-eabi/lib/thumb/v7e-m+fp/hard\libcr_nohost_nf.a(__sys_write.o)
                0x0000671e                __sys_write
 *(SORT_BY_ALIGNMENT(.rodata) SORT_BY_ALIGNMENT(.rodata.*) SORT_BY_ALIGNMENT(.constdata) SORT_BY_ALIGNMENT(.constdata.*))
 *fill*         0x00006722        0x2 ff
 .rodata.main.str1.4
                0x00006724      0xc12 ./source/Practica1.o
                                 0x20 (size before relaxing)
 *fill*         0x00007336        0x2 ff
 .rodata.sbox   0x00007338      0x100 ./source/aes.o
 .rodata.Rcon   0x00007438        0xb ./source/aes.o
 *fill*         0x00007443        0x1 ff
 .rodata.key_cfg
                0x00007444       0x20 ./source/encrypt_and_integrity.o
                0x00007444                key_cfg
 .rodata.iv_cfg
                0x00007464       0x10 ./source/encrypt_and_integrity.o
                0x00007464                iv_cfg
 .rodata.encrypt_and_integrity_PHY_INIT.str1.4
                0x00007474       0x8f ./source/encrypt_and_integrity.o
 .rodata        0x00007474       0x20 ./source/encrypt_and_integrity.o
 .rodata.encrypt_and_integrity_send.str1.4
                0x00007494       0x5b ./source/encrypt_and_integrity.o
 .rodata.encrypt_and_integrity_ENET_TX.str1.4
                0x00007494       0x40 ./source/encrypt_and_integrity.o
 .rodata.s_enetClock
                0x00007494        0x4 ./source/fsl_enet.o
                0x00007494                s_enetClock
 .rodata.ENET_GetInstance.str1.4
                0x00007498       0x34 ./source/fsl_enet.o
 .rodata.ENET_Up.str1.4
                0x00007498       0xe0 ./source/fsl_enet.o
 .rodata.ENET_SetHandler.str1.4
                0x00007498       0x58 ./source/fsl_enet.o
 .rodata.ENET_SetTxBufferDescriptors.str1.4
                0x00007498       0x46 ./source/fsl_enet.o
 .rodata.ENET_SetRxBufferDescriptors.str1.4
                0x00007498       0x8c ./source/fsl_enet.o
 .rodata.ENET_RxBufferAllocAll.str1.4
                0x00007498       0x6b ./source/fsl_enet.o
 .rodata.ENET_RxBufferFreeAll.str1.4
                0x00007498       0x67 ./source/fsl_enet.o
 .rodata.ENET_ActiveSendRing.str1.4
                0x00007498       0x4b ./source/fsl_enet.o
 .rodata.ENET_SetSMI.str1.4
                0x00007498       0x45 ./source/fsl_enet.o
 .rodata.ENET_IncreaseIndex.str1.4
                0x00007498       0x1e ./source/fsl_enet.o
 .rodata.ENET_SendFrame.str1.4
                0x00007498       0x8f ./source/fsl_enet.o
 .rodata.ENET_ReclaimTxDescriptor.str1.4
                0x00007498       0x4b ./source/fsl_enet.o
 .rodata.ENET_TransmitIRQHandler.str1.4
                0x00007498       0x21 ./source/fsl_enet.o
 .rodata.ENET_ReceiveIRQHandler.str1.4
                0x00007498       0x21 ./source/fsl_enet.o
 .rodata.ENET_ErrorIRQHandler.str1.4
                0x00007498       0x21 ./source/fsl_enet.o
 .rodata.enet_ops
                0x00007498       0x14 ./source/fsl_enet_mdio.o
                0x00007498                enet_ops
 .rodata.ENET_MDIO_Read.str1.4
                0x000074ac       0x25 ./source/fsl_enet_mdio.o
 .rodata.phyksz8081_ops
                0x000074ac       0x20 ./source/fsl_phyksz8081.o
                0x000074ac                phyksz8081_ops
 .rodata.PHY_KSZ8081_Init.str1.4
                0x000074cc       0x37 ./source/fsl_phyksz8081.o
 .rodata.PHY_KSZ8081_GetAutoNegotiationStatus.str1.4
                0x000074cc       0x1e ./source/fsl_phyksz8081.o
 .rodata.PHY_KSZ8081_GetLinkStatus.str1.4
                0x000074cc       0x1e ./source/fsl_phyksz8081.o
 .rodata.PHY_KSZ8081_GetLinkSpeedDuplex.str1.4
                0x000074cc       0x3e ./source/fsl_phyksz8081.o
 .rodata.PHY_KSZ8081_SetLinkSpeedDuplex.str1.4
                0x000074cc       0x2f ./source/fsl_phyksz8081.o
 .rodata.PHY_KSZ8081_EnableLoopback.str1.4
                0x000074cc       0x8f ./source/fsl_phyksz8081.o
 .rodata.CLOCK_GetMcgExtClkFreq.str1.4
                0x000074cc       0x49 ./drivers/fsl_clock.o
 .rodata.CLOCK_GetOsc0ErClkFreq.str1.4
                0x000074cc       0x1e ./drivers/fsl_clock.o
 .rodata.CLOCK_GetEr32kClkFreq.str1.4
                0x000074cc       0x1f ./drivers/fsl_clock.o
 .rodata.CLOCK_GetPll0Freq.str1.4
                0x000074cc       0x1d ./drivers/fsl_clock.o
 .rodata.CLOCK_EnablePll0.str1.4
                0x000074cc       0x1a ./drivers/fsl_clock.o
 .rodata.CLOCK_SetPbeMode.str1.4
                0x000074cc       0x1a ./drivers/fsl_clock.o
 .rodata.CLOCK_BootToPeeMode.str1.4
                0x000074cc       0x1a ./drivers/fsl_clock.o
 .rodata.fllFactorTable.1
                0x000074cc       0x10 ./drivers/fsl_clock.o
 .rodata.EDMA_HandleIRQ.str1.4
                0x000074dc       0x21 ./drivers/fsl_edma.o
 .rodata.s_uartBases
                0x000074dc       0x18 ./drivers/fsl_uart.o
 .rodata.s_uartClock
                0x000074f4       0x18 ./drivers/fsl_uart.o
 .rodata.UART_GetInstance.str1.4
                0x0000750c       0x2b ./drivers/fsl_uart.o
 .rodata.UART_Init.str1.4
                0x0000750c       0xfb ./drivers/fsl_uart.o
 .rodata.UART_GetDefaultConfig.str1.4
                0x0000750c       0x20 ./drivers/fsl_uart.o
 .rodata.s_UartAdapterBase
                0x0000750c       0x18 ./component/uart/fsl_adapter_uart.o
 .rodata.HAL_UartInit.str1.4
                0x00007524       0xdd ./component/uart/fsl_adapter_uart.o
 .rodata.HAL_UartSendBlocking.str1.4
                0x00007524       0x60 ./component/uart/fsl_adapter_uart.o
 .rodata.mcgConfig_BOARD_BootClockRUN
                0x00007524        0xb ./board/clock_config.o
                0x00007524                mcgConfig_BOARD_BootClockRUN
 *fill*         0x0000752f        0x1 ff
 .rodata.simConfig_BOARD_BootClockRUN
                0x00007530        0x8 ./board/clock_config.o
                0x00007530                simConfig_BOARD_BootClockRUN
 .rodata.oscConfig_BOARD_BootClockRUN
                0x00007538        0x8 ./board/clock_config.o
                0x00007538                oscConfig_BOARD_BootClockRUN
 .rodata.PORT_SetPinConfig.str1.4
                0x00007540       0x66 ./board/pin_mux.o
 .rodata.__num_Ciob_streams
                0x00007540        0x4 C:/nxp/MCUXpressoIDE_25.6.136/ide/plugins/com.nxp.mcuxpresso.tools.win32_25.6.0.202501151204/tools/bin/../lib/gcc/arm-none-eabi/14.2.1/../../../../arm-none-eabi/lib/thumb/v7e-m+fp/hard\libcr_nohost_nf.a(__ciob.o)
                0x00007540                __num_Ciob_streams
 .rodata.__assertion_failed.str1.1
                0x00007544       0x66 C:/nxp/MCUXpressoIDE_25.6.136/ide/plugins/com.nxp.mcuxpresso.tools.win32_25.6.0.202501151204/tools/bin/../lib/gcc/arm-none-eabi/14.2.1/../../../../arm-none-eabi/lib/thumb/v7e-m+fp/hard\libcr_nohost_nf.a(_cr_assert.o)
                                 0x15 (size before relaxing)
 .rodata._Csys_alloc.str1.1
                0x000075aa       0x18 C:/nxp/MCUXpressoIDE_25.6.136/ide/plugins/com.nxp.mcuxpresso.tools.win32_25.6.0.202501151204/tools/bin/../lib/gcc/arm-none-eabi/14.2.1/../../../../arm-none-eabi/lib/thumb/v7e-m+fp/hard\libcr_c.a(alloc.o)
 .rodata._initio.str1.1
                0x000075aa        0x4 C:/nxp/MCUXpressoIDE_25.6.136/ide/plugins/com.nxp.mcuxpresso.tools.win32_25.6.0.202501151204/tools/bin/../lib/gcc/arm-none-eabi/14.2.1/../../../../arm-none-eabi/lib/thumb/v7e-m+fp/hard\libcr_c.a(initio.o)
 .rodata.__vfprintf.str1.1
                0x000075aa       0x38 C:/nxp/MCUXpressoIDE_25.6.136/ide/plugins/com.nxp.mcuxpresso.tools.win32_25.6.0.202501151204/tools/bin/../lib/gcc/arm-none-eabi/14.2.1/../../../../arm-none-eabi/lib/thumb/v7e-m+fp/hard\libcr_c.a(printf.o)
                0x000075e8                        . = ALIGN (0x8)
 *fill*         0x000075aa        0x6 ff

.glue_7         0x000075b0        0x0
 .glue_7        0x000075b0        0x0 linker stubs

.glue_7t        0x000075b0        0x0
 .glue_7t       0x000075b0        0x0 linker stubs

.vfp11_veneer   0x000075b0        0x0
 .vfp11_veneer  0x000075b0        0x0 linker stubs

.v4_bx          0x000075b0        0x0
 .v4_bx         0x000075b0        0x0 linker stubs

.iplt           0x000075b0        0x0
 .iplt          0x000075b0        0x0 ./utilities/fsl_debug_console.o

.rel.dyn        0x000075b0        0x0
 .rel.iplt      0x000075b0        0x0 ./utilities/fsl_debug_console.o

.ARM.extab
 *(SORT_BY_ALIGNMENT(.ARM.extab*) SORT_BY_ALIGNMENT(.gnu.linkonce.armextab.*))

.ARM.exidx      0x000075b0        0x0
                0x000075b0                        __exidx_start = .
 *(SORT_BY_ALIGNMENT(.ARM.exidx*) SORT_BY_ALIGNMENT(.gnu.linkonce.armexidx.*))
                0x000075b0                        __exidx_end = .
                0x000075b0                        _etext = .

.m_usb_data
 *(SORT_BY_ALIGNMENT(m_usb_bdt))

.data_RAM2      0x1fff0000        0x0 load address 0x000075b0
 FILL mask 0xff
                [!provide]                        PROVIDE (__start_data_RAM2 = .)
                [!provide]                        PROVIDE (__start_data_SRAM_LOWER = .)
 *(SORT_BY_ALIGNMENT(.ramfunc.$RAM2))
 *(SORT_BY_ALIGNMENT(.ramfunc.$SRAM_LOWER))
 *(SORT_BY_ALIGNMENT(.data.$RAM2))
 *(SORT_BY_ALIGNMENT(.data.$SRAM_LOWER))
 *(SORT_BY_ALIGNMENT(.data.$RAM2.*))
 *(SORT_BY_ALIGNMENT(.data.$SRAM_LOWER.*))
                0x1fff0000                        . = ALIGN (0x8)
                [!provide]                        PROVIDE (__end_data_RAM2 = .)
                [!provide]                        PROVIDE (__end_data_SRAM_LOWER = .)

.data_RAM3      0x14000000        0x0 load address 0x000075b0
 FILL mask 0xff
                [!provide]                        PROVIDE (__start_data_RAM3 = .)
                [!provide]                        PROVIDE (__start_data_FLEX_RAM = .)
 *(SORT_BY_ALIGNMENT(.ramfunc.$RAM3))
 *(SORT_BY_ALIGNMENT(.ramfunc.$FLEX_RAM))
 *(SORT_BY_ALIGNMENT(.data.$RAM3))
 *(SORT_BY_ALIGNMENT(.data.$FLEX_RAM))
 *(SORT_BY_ALIGNMENT(.data.$RAM3.*))
 *(SORT_BY_ALIGNMENT(.data.$FLEX_RAM.*))
                0x14000000                        . = ALIGN (0x8)
                [!provide]                        PROVIDE (__end_data_RAM3 = .)
                [!provide]                        PROVIDE (__end_data_FLEX_RAM = .)

.uninit_RESERVED
                0x20000000        0x0
                0x20000000                        _start_uninit_RESERVED = .
 *(SORT_BY_ALIGNMENT(.bss.$RESERVED*))
                0x20000000                        . = ALIGN (0x8)
                0x20000000                        _end_uninit_RESERVED = .

.data           0x20000000       0x30 load address 0x000075b0
 FILL mask 0xff
                0x20000000                        _data = .
                [!provide]                        PROVIDE (__start_data_RAM = .)
                [!provide]                        PROVIDE (__start_data_SRAM_UPPER = .)
 *(SORT_BY_ALIGNMENT(vtable))
 *(SORT_BY_ALIGNMENT(.ramfunc*))
 *(SORT_BY_ALIGNMENT(CodeQuickAccess))
 *(SORT_BY_ALIGNMENT(DataQuickAccess))
 *(SORT_BY_ALIGNMENT(RamFunction))
 *(SORT_BY_ALIGNMENT(.data*))
 .data.g_macAddr
                0x20000000        0x6 ./source/encrypt_and_integrity.o
                0x20000000                g_macAddr
 *fill*         0x20000006        0x2 ff
 .data.mdioHandle
                0x20000008        0xc ./source/encrypt_and_integrity.o
 .data.phyHandle
                0x20000014        0xc ./source/encrypt_and_integrity.o
 .data.s_slowIrcFreq
                0x20000020        0x4 ./drivers/fsl_clock.o
 .data.s_fastIrcFreq
                0x20000024        0x4 ./drivers/fsl_clock.o
 .data.SystemCoreClock
                0x20000028        0x4 ./device/system_MK64F12.o
                0x20000028                SystemCoreClock
                0x20000030                        . = ALIGN (0x8)
 *fill*         0x2000002c        0x4 ff
                0x20000030                        _edata = .
                [!provide]                        PROVIDE (__end_data_RAM = .)
                [!provide]                        PROVIDE (__end_data_SRAM_UPPER = .)

.igot.plt       0x20000030        0x0 load address 0x000075e0
 .igot.plt      0x20000030        0x0 ./utilities/fsl_debug_console.o

.bss_RAM2       0x1fff0000        0x0
                [!provide]                        PROVIDE (__start_bss_RAM2 = .)
                [!provide]                        PROVIDE (__start_bss_SRAM_LOWER = .)
 *(SORT_BY_ALIGNMENT(.bss.$RAM2))
 *(SORT_BY_ALIGNMENT(.bss.$SRAM_LOWER))
 *(SORT_BY_ALIGNMENT(.bss.$RAM2.*))
 *(SORT_BY_ALIGNMENT(.bss.$SRAM_LOWER.*))
                0x1fff0000                        . = ALIGN ((. != 0x0)?0x8:0x1)
                [!provide]                        PROVIDE (__end_bss_RAM2 = .)
                [!provide]                        PROVIDE (__end_bss_SRAM_LOWER = .)

.bss_RAM3       0x14000000        0x0
                [!provide]                        PROVIDE (__start_bss_RAM3 = .)
                [!provide]                        PROVIDE (__start_bss_FLEX_RAM = .)
 *(SORT_BY_ALIGNMENT(.bss.$RAM3))
 *(SORT_BY_ALIGNMENT(.bss.$FLEX_RAM))
 *(SORT_BY_ALIGNMENT(.bss.$RAM3.*))
 *(SORT_BY_ALIGNMENT(.bss.$FLEX_RAM.*))
                0x14000000                        . = ALIGN ((. != 0x0)?0x8:0x1)
                [!provide]                        PROVIDE (__end_bss_RAM3 = .)
                [!provide]                        PROVIDE (__end_bss_FLEX_RAM = .)

.bss            0x20000030     0x31b8
                0x20000030                        _bss = .
                [!provide]                        PROVIDE (__start_bss_RAM = .)
                [!provide]                        PROVIDE (__start_bss_SRAM_UPPER = .)
 *(SORT_BY_ALIGNMENT(.bss*))
 .bss.g_rxBuffDescrip
                0x20000030       0x20 ./source/encrypt_and_integrity.o
                0x20000030                g_rxBuffDescrip
 .bss.g_txBuffDescrip
                0x20000050       0x20 ./source/encrypt_and_integrity.o
                0x20000050                g_txBuffDescrip
 .bss.g_rxDataBuff
                0x20000070     0x17c0 ./source/encrypt_and_integrity.o
                0x20000070                g_rxDataBuff
 .bss.g_txDataBuff
                0x20001830     0x17c0 ./source/encrypt_and_integrity.o
                0x20001830                g_txDataBuff
 .bss.s_debugConsoleState
                0x20002ff0       0x20 ./utilities/fsl_debug_console.o
 .bss.g_serialHandle
                0x20003010        0x4 ./utilities/fsl_debug_console.o
                0x20003010                g_serialHandle
 .bss.g_handle  0x20003014       0x84 ./source/encrypt_and_integrity.o
                0x20003014                g_handle
 .bss.s_ENETHandle
                0x20003098        0x4 ./source/fsl_enet.o
 .bss.s_enetTxIsr
                0x2000309c        0x4 ./source/fsl_enet.o
 .bss.s_enetRxIsr
                0x200030a0        0x4 ./source/fsl_enet.o
 .bss.s_enetErrIsr
                0x200030a4        0x4 ./source/fsl_enet.o
 .bss.s_enet1588TimerIsr
                0x200030a8        0x4 ./source/fsl_enet.o
 .bss.g_xtal0Freq
                0x200030ac        0x4 ./drivers/fsl_clock.o
                0x200030ac                g_xtal0Freq
 .bss.g_xtal32Freq
                0x200030b0        0x4 ./drivers/fsl_clock.o
                0x200030b0                g_xtal32Freq
 .bss.s_EDMAHandle
                0x200030b4       0x40 ./drivers/fsl_edma.o
 .bss.s_i2cHandle
                0x200030f4        0xc ./drivers/fsl_i2c.o
 .bss.s_i2cMasterIsr
                0x20003100        0x4 ./drivers/fsl_i2c.o
 .bss.s_i2cSlaveIsr
                0x20003104        0x4 ./drivers/fsl_i2c.o
 .bss.s_uartHandle
                0x20003108       0x18 ./drivers/fsl_uart.o
                0x20003108                s_uartHandle
 .bss.s_uartIsr
                0x20003120        0x4 ./drivers/fsl_uart.o
                0x20003120                s_uartIsr
 .bss.__Ciob    0x20003124       0xb4 C:/nxp/MCUXpressoIDE_25.6.136/ide/plugins/com.nxp.mcuxpresso.tools.win32_25.6.0.202501151204/tools/bin/../lib/gcc/arm-none-eabi/14.2.1/../../../../arm-none-eabi/lib/thumb/v7e-m+fp/hard\libcr_nohost_nf.a(__ciob.o)
                0x20003124                __Ciob
 .bss.errno     0x200031d8        0x4 C:/nxp/MCUXpressoIDE_25.6.136/ide/plugins/com.nxp.mcuxpresso.tools.win32_25.6.0.202501151204/tools/bin/../lib/gcc/arm-none-eabi/14.2.1/../../../../arm-none-eabi/lib/thumb/v7e-m+fp/hard\libcr_c.a(errno.o)
                0x200031d8                errno
 .bss.__end_of_heap
                0x200031dc        0x4 C:/nxp/MCUXpressoIDE_25.6.136/ide/plugins/com.nxp.mcuxpresso.tools.win32_25.6.0.202501151204/tools/bin/../lib/gcc/arm-none-eabi/14.2.1/../../../../arm-none-eabi/lib/thumb/v7e-m+fp/hard\libcr_c.a(__init_alloc.o)
                0x200031dc                __end_of_heap
 .bss.__heaps   0x200031e0        0x4 C:/nxp/MCUXpressoIDE_25.6.136/ide/plugins/com.nxp.mcuxpresso.tools.win32_25.6.0.202501151204/tools/bin/../lib/gcc/arm-none-eabi/14.2.1/../../../../arm-none-eabi/lib/thumb/v7e-m+fp/hard\libcr_c.a(__init_alloc.o)
                0x200031e0                __heaps
 .bss.s_debugConsoleReadWaitSemaphore
                0x200031e4        0x1 ./utilities/fsl_debug_console.o
 *(SORT_BY_ALIGNMENT(COMMON))
                0x200031e8                        . = ALIGN (0x8)
 *fill*         0x200031e5        0x3 
                0x200031e8                        _ebss = .
                [!provide]                        PROVIDE (__end_bss_RAM = .)
                [!provide]                        PROVIDE (__end_bss_SRAM_UPPER = .)
                [!provide]                        PROVIDE (end = .)

.noinit_RAM2    0x1fff0000        0x0
                [!provide]                        PROVIDE (__start_noinit_RAM2 = .)
                [!provide]                        PROVIDE (__start_noinit_SRAM_LOWER = .)
 *(SORT_BY_ALIGNMENT(.noinit.$RAM2))
 *(SORT_BY_ALIGNMENT(.noinit.$SRAM_LOWER))
 *(SORT_BY_ALIGNMENT(.noinit.$RAM2.*))
 *(SORT_BY_ALIGNMENT(.noinit.$SRAM_LOWER.*))
                0x1fff0000                        . = ALIGN (0x8)
                [!provide]                        PROVIDE (__end_noinit_RAM2 = .)
                [!provide]                        PROVIDE (__end_noinit_SRAM_LOWER = .)

.noinit_RAM3    0x14000000        0x0
                [!provide]                        PROVIDE (__start_noinit_RAM3 = .)
                [!provide]                        PROVIDE (__start_noinit_FLEX_RAM = .)
 *(SORT_BY_ALIGNMENT(.noinit.$RAM3))
 *(SORT_BY_ALIGNMENT(.noinit.$FLEX_RAM))
 *(SORT_BY_ALIGNMENT(.noinit.$RAM3.*))
 *(SORT_BY_ALIGNMENT(.noinit.$FLEX_RAM.*))
                0x14000000                        . = ALIGN (0x8)
                [!provide]                        PROVIDE (__end_noinit_RAM3 = .)
                [!provide]                        PROVIDE (__end_noinit_FLEX_RAM = .)

.noinit         0x200031e8        0x0
                0x200031e8                        _noinit = .
                [!provide]                        PROVIDE (__start_noinit_RAM = .)
                [!provide]                        PROVIDE (__start_noinit_SRAM_UPPER = .)
 *(SORT_BY_ALIGNMENT(.noinit*))
                0x200031e8                        . = ALIGN (0x8)
                0x200031e8                        _end_noinit = .
                [!provide]                        PROVIDE (__end_noinit_RAM = .)
                [!provide]                        PROVIDE (__end_noinit_SRAM_UPPER = .)
                0x00001000                        _HeapSize = 0x1000

.heap           0x200031e8     0x1000
                0x200031e8                        _pvHeapStart = .
                0x200041e8                        . = (. + _HeapSize)
 *fill*         0x200031e8     0x1000 
                0x200041e8                        . = ALIGN (0x8)
                0x200041e8                        _pvHeapLimit = .
                0x00001000                        _StackSize = 0x1000

.heap2stackfill
                0x200041e8     0x1000
                0x200051e8                        . = (. + _StackSize)
 *fill*         0x200041e8     0x1000 

.stack          0x2002f000        0x0
                0x2002f000                        _vStackBase = .
                0x2002f000                        . = ALIGN (0x8)
                0x20030000                        _vStackTop = (. + _StackSize)
                0x00000000                        _image_start = LOADADDR (.text)
                0x000075e0                        _image_end = (LOADADDR (.data) + SIZEOF (.data))
                0x000075e0                        _image_size = (_image_end - _image_start)
OUTPUT(EmbeddedIoT.axf elf32-littlearm)
LOAD linker stubs

.debug_info     0x00000000    0x1a74a
 .debug_info    0x00000000      0xdc9 ./utilities/fsl_debug_console.o
 .debug_info    0x00000dc9      0xb80 ./utilities/fsl_str.o
 .debug_info    0x00001949      0xd01 ./startup/startup_mk64f12.o
 .debug_info    0x0000264a      0x136 ./source/Practica1.o
 .debug_info    0x00002780      0x7ba ./source/aes.o
 .debug_info    0x00002f3a     0x1c74 ./source/encrypt_and_integrity.o
 .debug_info    0x00004bae     0x39a0 ./source/fsl_enet.o
 .debug_info    0x0000854e     0x118e ./source/fsl_enet_mdio.o
 .debug_info    0x000096dc      0xb73 ./source/fsl_phyksz8081.o
 .debug_info    0x0000a24f       0x3c ./source/semihost_hardfault.o
 .debug_info    0x0000a28b     0x21e2 ./drivers/fsl_clock.o
 .debug_info    0x0000c46d     0x23fa ./drivers/fsl_edma.o
 .debug_info    0x0000e867     0x1ed1 ./drivers/fsl_i2c.o
 .debug_info    0x00010738     0x1fcf ./drivers/fsl_uart.o
 .debug_info    0x00012707      0x649 ./device/system_MK64F12.o
 .debug_info    0x00012d50      0xb37 ./component/uart/fsl_adapter_uart.o
 .debug_info    0x00013887      0x9c2 ./component/serial_manager/fsl_component_serial_manager.o
 .debug_info    0x00014249      0x530 ./component/serial_manager/fsl_component_serial_port_uart.o
 .debug_info    0x00014779      0x14b ./board/board.o
 .debug_info    0x000148c4      0xdd4 ./board/clock_config.o
 .debug_info    0x00015698       0x4e ./board/peripherals.o
 .debug_info    0x000156e6      0xc84 ./board/pin_mux.o
 .debug_info    0x0001636a       0x85 C:/nxp/MCUXpressoIDE_25.6.136/ide/plugins/com.nxp.mcuxpresso.tools.win32_25.6.0.202501151204/tools/bin/../lib/gcc/arm-none-eabi/14.2.1/../../../../arm-none-eabi/lib/thumb/v7e-m+fp/hard\libcr_nohost_nf.a(_cr__main.o)
 .debug_info    0x000163ef      0x235 C:/nxp/MCUXpressoIDE_25.6.136/ide/plugins/com.nxp.mcuxpresso.tools.win32_25.6.0.202501151204/tools/bin/../lib/gcc/arm-none-eabi/14.2.1/../../../../arm-none-eabi/lib/thumb/v7e-m+fp/hard\libcr_nohost_nf.a(_cr_assert.o)
 .debug_info    0x00016624      0x18b C:/nxp/MCUXpressoIDE_25.6.136/ide/plugins/com.nxp.mcuxpresso.tools.win32_25.6.0.202501151204/tools/bin/../lib/gcc/arm-none-eabi/14.2.1/../../../../arm-none-eabi/lib/thumb/v7e-m+fp/hard\libcr_nohost_nf.a(__ciob.o)
 .debug_info    0x000167af       0x38 C:/nxp/MCUXpressoIDE_25.6.136/ide/plugins/com.nxp.mcuxpresso.tools.win32_25.6.0.202501151204/tools/bin/../lib/gcc/arm-none-eabi/14.2.1/../../../../arm-none-eabi/lib/thumb/v7e-m+fp/hard\libcr_nohost_nf.a(__sys_appexit.o)
 .debug_info    0x000167e7      0x12b C:/nxp/MCUXpressoIDE_25.6.136/ide/plugins/com.nxp.mcuxpresso.tools.win32_25.6.0.202501151204/tools/bin/../lib/gcc/arm-none-eabi/14.2.1/../../../../arm-none-eabi/lib/thumb/v7e-m+fp/hard\libcr_c.a(memcpy.o)
 .debug_info    0x00016912       0xfc C:/nxp/MCUXpressoIDE_25.6.136/ide/plugins/com.nxp.mcuxpresso.tools.win32_25.6.0.202501151204/tools/bin/../lib/gcc/arm-none-eabi/14.2.1/../../../../arm-none-eabi/lib/thumb/v7e-m+fp/hard\libcr_c.a(memset.o)
 .debug_info    0x00016a0e      0x396 C:/nxp/MCUXpressoIDE_25.6.136/ide/plugins/com.nxp.mcuxpresso.tools.win32_25.6.0.202501151204/tools/bin/../lib/gcc/arm-none-eabi/14.2.1/../../../../arm-none-eabi/lib/thumb/v7e-m+fp/hard\libcr_c.a(_deferredlazyseek.o)
 .debug_info    0x00016da4      0x1e3 C:/nxp/MCUXpressoIDE_25.6.136/ide/plugins/com.nxp.mcuxpresso.tools.win32_25.6.0.202501151204/tools/bin/../lib/gcc/arm-none-eabi/14.2.1/../../../../arm-none-eabi/lib/thumb/v7e-m+fp/hard\libcr_c.a(_fflush.o)
 .debug_info    0x00016f87      0x289 C:/nxp/MCUXpressoIDE_25.6.136/ide/plugins/com.nxp.mcuxpresso.tools.win32_25.6.0.202501151204/tools/bin/../lib/gcc/arm-none-eabi/14.2.1/../../../../arm-none-eabi/lib/thumb/v7e-m+fp/hard\libcr_c.a(_writebuf.o)
 .debug_info    0x00017210      0x520 C:/nxp/MCUXpressoIDE_25.6.136/ide/plugins/com.nxp.mcuxpresso.tools.win32_25.6.0.202501151204/tools/bin/../lib/gcc/arm-none-eabi/14.2.1/../../../../arm-none-eabi/lib/thumb/v7e-m+fp/hard\libcr_c.a(alloc.o)
 .debug_info    0x00017730       0x44 C:/nxp/MCUXpressoIDE_25.6.136/ide/plugins/com.nxp.mcuxpresso.tools.win32_25.6.0.202501151204/tools/bin/../lib/gcc/arm-none-eabi/14.2.1/../../../../arm-none-eabi/lib/thumb/v7e-m+fp/hard\libcr_c.a(errno.o)
 .debug_info    0x00017774      0x1e0 C:/nxp/MCUXpressoIDE_25.6.136/ide/plugins/com.nxp.mcuxpresso.tools.win32_25.6.0.202501151204/tools/bin/../lib/gcc/arm-none-eabi/14.2.1/../../../../arm-none-eabi/lib/thumb/v7e-m+fp/hard\libcr_c.a(fputs.o)
 .debug_info    0x00017954      0x276 C:/nxp/MCUXpressoIDE_25.6.136/ide/plugins/com.nxp.mcuxpresso.tools.win32_25.6.0.202501151204/tools/bin/../lib/gcc/arm-none-eabi/14.2.1/../../../../arm-none-eabi/lib/thumb/v7e-m+fp/hard\libcr_c.a(fseek.o)
 .debug_info    0x00017bca      0x197 C:/nxp/MCUXpressoIDE_25.6.136/ide/plugins/com.nxp.mcuxpresso.tools.win32_25.6.0.202501151204/tools/bin/../lib/gcc/arm-none-eabi/14.2.1/../../../../arm-none-eabi/lib/thumb/v7e-m+fp/hard\libcr_c.a(ftell.o)
 .debug_info    0x00017d61      0x339 C:/nxp/MCUXpressoIDE_25.6.136/ide/plugins/com.nxp.mcuxpresso.tools.win32_25.6.0.202501151204/tools/bin/../lib/gcc/arm-none-eabi/14.2.1/../../../../arm-none-eabi/lib/thumb/v7e-m+fp/hard\libcr_c.a(initio.o)
 .debug_info    0x0001809a     0x1296 C:/nxp/MCUXpressoIDE_25.6.136/ide/plugins/com.nxp.mcuxpresso.tools.win32_25.6.0.202501151204/tools/bin/../lib/gcc/arm-none-eabi/14.2.1/../../../../arm-none-eabi/lib/thumb/v7e-m+fp/hard\libcr_c.a(printf.o)
 .debug_info    0x00019330      0x1fd C:/nxp/MCUXpressoIDE_25.6.136/ide/plugins/com.nxp.mcuxpresso.tools.win32_25.6.0.202501151204/tools/bin/../lib/gcc/arm-none-eabi/14.2.1/../../../../arm-none-eabi/lib/thumb/v7e-m+fp/hard\libcr_c.a(setvbuf.o)
 .debug_info    0x0001952d       0xe1 C:/nxp/MCUXpressoIDE_25.6.136/ide/plugins/com.nxp.mcuxpresso.tools.win32_25.6.0.202501151204/tools/bin/../lib/gcc/arm-none-eabi/14.2.1/../../../../arm-none-eabi/lib/thumb/v7e-m+fp/hard\libcr_c.a(strlen.o)
 .debug_info    0x0001960e       0xd4 C:/nxp/MCUXpressoIDE_25.6.136/ide/plugins/com.nxp.mcuxpresso.tools.win32_25.6.0.202501151204/tools/bin/../lib/gcc/arm-none-eabi/14.2.1/../../../../arm-none-eabi/lib/thumb/v7e-m+fp/hard\libcr_c.a(__init_alloc.o)
 .debug_info    0x000196e2      0x107 C:/nxp/MCUXpressoIDE_25.6.136/ide/plugins/com.nxp.mcuxpresso.tools.win32_25.6.0.202501151204/tools/bin/../lib/gcc/arm-none-eabi/14.2.1/../../../../arm-none-eabi/lib/thumb/v7e-m+fp/hard\libcr_c.a(_cr_sbrk.o)
 .debug_info    0x000197e9      0x24b C:/nxp/MCUXpressoIDE_25.6.136/ide/plugins/com.nxp.mcuxpresso.tools.win32_25.6.0.202501151204/tools/bin/../lib/gcc/arm-none-eabi/14.2.1/../../../../arm-none-eabi/lib/thumb/v7e-m+fp/hard\libcr_c.a(_fdopen.o)
 .debug_info    0x00019a34      0x31e C:/nxp/MCUXpressoIDE_25.6.136/ide/plugins/com.nxp.mcuxpresso.tools.win32_25.6.0.202501151204/tools/bin/../lib/gcc/arm-none-eabi/14.2.1/../../../../arm-none-eabi/lib/thumb/v7e-m+fp/hard\libcr_c.a(fclose.o)
 .debug_info    0x00019d52      0x209 C:/nxp/MCUXpressoIDE_25.6.136/ide/plugins/com.nxp.mcuxpresso.tools.win32_25.6.0.202501151204/tools/bin/../lib/gcc/arm-none-eabi/14.2.1/../../../../arm-none-eabi/lib/thumb/v7e-m+fp/hard\libcr_c.a(fflush.o)
 .debug_info    0x00019f5b      0x1d7 C:/nxp/MCUXpressoIDE_25.6.136/ide/plugins/com.nxp.mcuxpresso.tools.win32_25.6.0.202501151204/tools/bin/../lib/gcc/arm-none-eabi/14.2.1/../../../../arm-none-eabi/lib/thumb/v7e-m+fp/hard\libcr_c.a(remove.o)
 .debug_info    0x0001a132       0x78 C:/nxp/MCUXpressoIDE_25.6.136/ide/plugins/com.nxp.mcuxpresso.tools.win32_25.6.0.202501151204/tools/bin/../lib/gcc/arm-none-eabi/14.2.1/../../../../arm-none-eabi/lib/thumb/v7e-m+fp/hard\libcr_c.a(_cr_check_heap.o)
 .debug_info    0x0001a1aa      0x23a C:/nxp/MCUXpressoIDE_25.6.136/ide/plugins/com.nxp.mcuxpresso.tools.win32_25.6.0.202501151204/tools/bin/../lib/gcc/arm-none-eabi/14.2.1/../../../../arm-none-eabi/lib/thumb/v7e-m+fp/hard\libcr_c.a(_do_fflush.o)
 .debug_info    0x0001a3e4       0x6a C:/nxp/MCUXpressoIDE_25.6.136/ide/plugins/com.nxp.mcuxpresso.tools.win32_25.6.0.202501151204/tools/bin/../lib/gcc/arm-none-eabi/14.2.1/../../../../arm-none-eabi/lib/thumb/v7e-m+fp/hard\libcr_nohost_nf.a(__sys_close.o)
 .debug_info    0x0001a44e       0x6a C:/nxp/MCUXpressoIDE_25.6.136/ide/plugins/com.nxp.mcuxpresso.tools.win32_25.6.0.202501151204/tools/bin/../lib/gcc/arm-none-eabi/14.2.1/../../../../arm-none-eabi/lib/thumb/v7e-m+fp/hard\libcr_nohost_nf.a(__sys_flen.o)
 .debug_info    0x0001a4b8       0x6a C:/nxp/MCUXpressoIDE_25.6.136/ide/plugins/com.nxp.mcuxpresso.tools.win32_25.6.0.202501151204/tools/bin/../lib/gcc/arm-none-eabi/14.2.1/../../../../arm-none-eabi/lib/thumb/v7e-m+fp/hard\libcr_nohost_nf.a(__sys_istty.o)
 .debug_info    0x0001a522       0x8a C:/nxp/MCUXpressoIDE_25.6.136/ide/plugins/com.nxp.mcuxpresso.tools.win32_25.6.0.202501151204/tools/bin/../lib/gcc/arm-none-eabi/14.2.1/../../../../arm-none-eabi/lib/thumb/v7e-m+fp/hard\libcr_nohost_nf.a(__sys_remove.o)
 .debug_info    0x0001a5ac       0x78 C:/nxp/MCUXpressoIDE_25.6.136/ide/plugins/com.nxp.mcuxpresso.tools.win32_25.6.0.202501151204/tools/bin/../lib/gcc/arm-none-eabi/14.2.1/../../../../arm-none-eabi/lib/thumb/v7e-m+fp/hard\libcr_nohost_nf.a(__sys_seek.o)
 .debug_info    0x0001a624       0x93 C:/nxp/MCUXpressoIDE_25.6.136/ide/plugins/com.nxp.mcuxpresso.tools.win32_25.6.0.202501151204/tools/bin/../lib/gcc/arm-none-eabi/14.2.1/../../../../arm-none-eabi/lib/thumb/v7e-m+fp/hard\libcr_nohost_nf.a(__sys_tmpnam.o)
 .debug_info    0x0001a6b7       0x93 C:/nxp/MCUXpressoIDE_25.6.136/ide/plugins/com.nxp.mcuxpresso.tools.win32_25.6.0.202501151204/tools/bin/../lib/gcc/arm-none-eabi/14.2.1/../../../../arm-none-eabi/lib/thumb/v7e-m+fp/hard\libcr_nohost_nf.a(__sys_write.o)

.debug_abbrev   0x00000000     0x507f
 .debug_abbrev  0x00000000      0x270 ./utilities/fsl_debug_console.o
 .debug_abbrev  0x00000270      0x270 ./utilities/fsl_str.o
 .debug_abbrev  0x000004e0      0x17a ./startup/startup_mk64f12.o
 .debug_abbrev  0x0000065a       0xde ./source/Practica1.o
 .debug_abbrev  0x00000738      0x1fc ./source/aes.o
 .debug_abbrev  0x00000934      0x312 ./source/encrypt_and_integrity.o
 .debug_abbrev  0x00000c46      0x428 ./source/fsl_enet.o
 .debug_abbrev  0x0000106e      0x2b8 ./source/fsl_enet_mdio.o
 .debug_abbrev  0x00001326      0x1c0 ./source/fsl_phyksz8081.o
 .debug_abbrev  0x000014e6       0x31 ./source/semihost_hardfault.o
 .debug_abbrev  0x00001517      0x378 ./drivers/fsl_clock.o
 .debug_abbrev  0x0000188f      0x3fd ./drivers/fsl_edma.o
 .debug_abbrev  0x00001c8c      0x392 ./drivers/fsl_i2c.o
 .debug_abbrev  0x0000201e      0x463 ./drivers/fsl_uart.o
 .debug_abbrev  0x00002481      0x148 ./device/system_MK64F12.o
 .debug_abbrev  0x000025c9      0x217 ./component/uart/fsl_adapter_uart.o
 .debug_abbrev  0x000027e0      0x25e ./component/serial_manager/fsl_component_serial_manager.o
 .debug_abbrev  0x00002a3e      0x18c ./component/serial_manager/fsl_component_serial_port_uart.o
 .debug_abbrev  0x00002bca       0xc7 ./board/board.o
 .debug_abbrev  0x00002c91      0x279 ./board/clock_config.o
 .debug_abbrev  0x00002f0a       0x4b ./board/peripherals.o
 .debug_abbrev  0x00002f55      0x2b5 ./board/pin_mux.o
 .debug_abbrev  0x0000320a       0x70 C:/nxp/MCUXpressoIDE_25.6.136/ide/plugins/com.nxp.mcuxpresso.tools.win32_25.6.0.202501151204/tools/bin/../lib/gcc/arm-none-eabi/14.2.1/../../../../arm-none-eabi/lib/thumb/v7e-m+fp/hard\libcr_nohost_nf.a(_cr__main.o)
 .debug_abbrev  0x0000327a      0x12f C:/nxp/MCUXpressoIDE_25.6.136/ide/plugins/com.nxp.mcuxpresso.tools.win32_25.6.0.202501151204/tools/bin/../lib/gcc/arm-none-eabi/14.2.1/../../../../arm-none-eabi/lib/thumb/v7e-m+fp/hard\libcr_nohost_nf.a(_cr_assert.o)
 .debug_abbrev  0x000033a9       0xb5 C:/nxp/MCUXpressoIDE_25.6.136/ide/plugins/com.nxp.mcuxpresso.tools.win32_25.6.0.202501151204/tools/bin/../lib/gcc/arm-none-eabi/14.2.1/../../../../arm-none-eabi/lib/thumb/v7e-m+fp/hard\libcr_nohost_nf.a(__ciob.o)
 .debug_abbrev  0x0000345e       0x2e C:/nxp/MCUXpressoIDE_25.6.136/ide/plugins/com.nxp.mcuxpresso.tools.win32_25.6.0.202501151204/tools/bin/../lib/gcc/arm-none-eabi/14.2.1/../../../../arm-none-eabi/lib/thumb/v7e-m+fp/hard\libcr_nohost_nf.a(__sys_appexit.o)
 .debug_abbrev  0x0000348c       0xb6 C:/nxp/MCUXpressoIDE_25.6.136/ide/plugins/com.nxp.mcuxpresso.tools.win32_25.6.0.202501151204/tools/bin/../lib/gcc/arm-none-eabi/14.2.1/../../../../arm-none-eabi/lib/thumb/v7e-m+fp/hard\libcr_c.a(memcpy.o)
 .debug_abbrev  0x00003542       0xa8 C:/nxp/MCUXpressoIDE_25.6.136/ide/plugins/com.nxp.mcuxpresso.tools.win32_25.6.0.202501151204/tools/bin/../lib/gcc/arm-none-eabi/14.2.1/../../../../arm-none-eabi/lib/thumb/v7e-m+fp/hard\libcr_c.a(memset.o)
 .debug_abbrev  0x000035ea      0x18e C:/nxp/MCUXpressoIDE_25.6.136/ide/plugins/com.nxp.mcuxpresso.tools.win32_25.6.0.202501151204/tools/bin/../lib/gcc/arm-none-eabi/14.2.1/../../../../arm-none-eabi/lib/thumb/v7e-m+fp/hard\libcr_c.a(_deferredlazyseek.o)
 .debug_abbrev  0x00003778       0xf1 C:/nxp/MCUXpressoIDE_25.6.136/ide/plugins/com.nxp.mcuxpresso.tools.win32_25.6.0.202501151204/tools/bin/../lib/gcc/arm-none-eabi/14.2.1/../../../../arm-none-eabi/lib/thumb/v7e-m+fp/hard\libcr_c.a(_fflush.o)
 .debug_abbrev  0x00003869      0x126 C:/nxp/MCUXpressoIDE_25.6.136/ide/plugins/com.nxp.mcuxpresso.tools.win32_25.6.0.202501151204/tools/bin/../lib/gcc/arm-none-eabi/14.2.1/../../../../arm-none-eabi/lib/thumb/v7e-m+fp/hard\libcr_c.a(_writebuf.o)
 .debug_abbrev  0x0000398f      0x284 C:/nxp/MCUXpressoIDE_25.6.136/ide/plugins/com.nxp.mcuxpresso.tools.win32_25.6.0.202501151204/tools/bin/../lib/gcc/arm-none-eabi/14.2.1/../../../../arm-none-eabi/lib/thumb/v7e-m+fp/hard\libcr_c.a(alloc.o)
 .debug_abbrev  0x00003c13       0x44 C:/nxp/MCUXpressoIDE_25.6.136/ide/plugins/com.nxp.mcuxpresso.tools.win32_25.6.0.202501151204/tools/bin/../lib/gcc/arm-none-eabi/14.2.1/../../../../arm-none-eabi/lib/thumb/v7e-m+fp/hard\libcr_c.a(errno.o)