Archive member included to satisfy reference by file (symbol)

C:/nxp/MCUXpressoIDE_25.6.136/ide/plugins/com.nxp.mcuxpresso.tools.win32_25.6.0.202501151204/tools/bin/../lib/gcc/arm-none-eabi/14.2.1/../../../../arm-none-eabi/lib/thumb/v7e-m+fp/hard\libcr_nohost_nf.a(_cr__main.o)
                              ./startup/startup_mk64f12.o (__main)
C:/nxp/MCUXpressoIDE_25.6.136/ide/plugins/com.nxp.mcuxpresso.tools.win32_25.6.0.202501151204/tools/bin/../lib/gcc/arm-none-eabi/14.2.1/../../../../arm-none-eabi/lib/thumb/v7e-m+fp/hard\libcr_c.a(memcpy.o)
                              ./utilities/fsl_debug_console.o (memcpy)
C:/nxp/MCUXpressoIDE_25.6.136/ide/plugins/com.nxp.mcuxpresso.tools.win32_25.6.0.202501151204/tools/bin/../lib/gcc/arm-none-eabi/14.2.1/../../../../arm-none-eabi/lib/thumb/v7e-m+fp/hard\libcr_c.a(memset.o)
                              ./source/security.o (memset)
C:/nxp/MCUXpressoIDE_25.6.136/ide/plugins/com.nxp.mcuxpresso.tools.win32_25.6.0.202501151204/tools/bin/../lib/gcc/arm-none-eabi/14.2.1/../../../../arm-none-eabi/lib/thumb/v7e-m+fp/hard\libcr_c.a(alloc.o)
                              ./source/app.o (malloc)
C:/nxp/MCUXpressoIDE_25.6.136/ide/plugins/com.nxp.mcuxpresso.tools.win32_25.6.0.202501151204/tools/bin/../lib/gcc/arm-none-eabi/14.2.1/../../../../arm-none-eabi/lib/thumb/v7e-m+fp/hard\libcr_c.a(initio.o)
                              C:/nxp/MCUXpressoIDE_25.6.136/ide/plugins/com.nxp.mcuxpresso.tools.win32_25.6.0.202501151204/tools/bin/../lib/gcc/arm-none-eabi/14.2.1/../../../../arm-none-eabi/lib/thumb/v7e-m+fp/hard\libcr_nohost_nf.a(_cr__main.o) (_initio)
C:/nxp/MCUXpressoIDE_25.6.136/ide/plugins/com.nxp.mcuxpresso.tools.win32_25.6.0.202501151204/tools/bin/../lib/gcc/arm-none-eabi/14.2.1/../../../../arm-none-eabi/lib/thumb/v7e-m+fp/hard\libcr_c.a(setvbuf.o)
                              C:/nxp/MCUXpressoIDE_25.6.136/ide/plugins/com.nxp.mcuxpresso.tools.win32_25.6.0.202501151204/tools/bin/../lib/gcc/arm-none-eabi/14.2.1/../../../../arm-none-eabi/lib/thumb/v7e-m+fp/hard\libcr_c.a(initio.o) (setvbuf)
C:/nxp/MCUXpressoIDE_25.6.136/ide/plugins/com.nxp.mcuxpresso.tools.win32_25.6.0.202501151204/tools/bin/../lib/gcc/arm-none-eabi/14.2.1/../../../../arm-none-eabi/lib/thumb/v7e-m+fp/hard\libcr_c.a(strlen.o)
                              ./utilities/fsl_debug_console.o (strlen)
C:/nxp/MCUXpressoIDE_25.6.136/ide/plugins/com.nxp.mcuxpresso.tools.win32_25.6.0.202501151204/tools/bin/../lib/gcc/arm-none-eabi/14.2.1/../../../../arm-none-eabi/lib/thumb/v7e-m+fp/hard\libcr_c.a(__init_alloc.o)
                              C:/nxp/MCUXpressoIDE_25.6.136/ide/plugins/com.nxp.mcuxpresso.tools.win32_25.6.0.202501151204/tools/bin/../lib/gcc/arm-none-eabi/14.2.1/../../../../arm-none-eabi/lib/thumb/v7e-m+fp/hard\libcr_c.a(alloc.o) (__heaps)
C:/nxp/MCUXpressoIDE_25.6.136/ide/plugins/com.nxp.mcuxpresso.tools.win32_25.6.0.202501151204/tools/bin/../lib/gcc/arm-none-eabi/14.2.1/../../../../arm-none-eabi/lib/thumb/v7e-m+fp/hard\libcr_c.a(_cr_sbrk.o)
                              C:/nxp/MCUXpressoIDE_25.6.136/ide/plugins/com.nxp.mcuxpresso.tools.win32_25.6.0.202501151204/tools/bin/../lib/gcc/arm-none-eabi/14.2.1/../../../../arm-none-eabi/lib/thumb/v7e-m+fp/hard\libcr_c.a(alloc.o) (_sbrk)
C:/nxp/MCUXpressoIDE_25.6.136/ide/plugins/com.nxp.mcuxpresso.tools.win32_25.6.0.202501151204/tools/bin/../lib/gcc/arm-none-eabi/14.2.1/../../../../arm-none-eabi/lib/thumb/v7e-m+fp/hard\libcr_c.a(_fdopen.o)
                              C:/nxp/MCUXpressoIDE_25.6.136/ide/plugins/com.nxp.mcuxpresso.tools.win32_25.6.0.202501151204/tools/bin/../lib/gcc/arm-none-eabi/14.2.1/../../../../arm-none-eabi/lib/thumb/v7e-m+fp/hard\libcr_c.a(initio.o) (_fdopen)
C:/nxp/MCUXpressoIDE_25.6.136/ide/plugins/com.nxp.mcuxpresso.tools.win32_25.6.0.202501151204/tools/bin/../lib/gcc/arm-none-eabi/14.2.1/../../../../arm-none-eabi/lib/thumb/v7e-m+fp/hard\libcr_c.a(errno.o)
                              C:/nxp/MCUXpressoIDE_25.6.136/ide/plugins/com.nxp.mcuxpresso.tools.win32_25.6.0.202501151204/tools/bin/../lib/gcc/arm-none-eabi/14.2.1/../../../../arm-none-eabi/lib/thumb/v7e-m+fp/hard\libcr_c.a(_cr_sbrk.o) (errno)
C:/nxp/MCUXpressoIDE_25.6.136/ide/plugins/com.nxp.mcuxpresso.tools.win32_25.6.0.202501151204/tools/bin/../lib/gcc/arm-none-eabi/14.2.1/../../../../arm-none-eabi/lib/thumb/v7e-m+fp/hard\libcr_c.a(fclose.o)
                              C:/nxp/MCUXpressoIDE_25.6.136/ide/plugins/com.nxp.mcuxpresso.tools.win32_25.6.0.202501151204/tools/bin/../lib/gcc/arm-none-eabi/14.2.1/../../../../arm-none-eabi/lib/thumb/v7e-m+fp/hard\libcr_c.a(initio.o) (fclose)
C:/nxp/MCUXpressoIDE_25.6.136/ide/plugins/com.nxp.mcuxpresso.tools.win32_25.6.0.202501151204/tools/bin/../lib/gcc/arm-none-eabi/14.2.1/../../../../arm-none-eabi/lib/thumb/v7e-m+fp/hard\libcr_c.a(fflush.o)
[...]
Memory Configuration

Name             Origin             Length             Attributes
PROGRAM_FLASH    0x00000000         0x00100000         xr
SRAM_UPPER       0x20000000         0x00030000         xrw
SRAM_LOWER       0x1fff0000         0x00010000         xrw
FLEX_RAM         0x14000000         0x00001000         xrw
*default*        0x00000000         0xffffffff

Linker script and memory map

LOAD ./utilities/fsl_assert.o
LOAD ./utilities/fsl_debug_console.o
LOAD ./startup/startup_mk64f12.o
LOAD ./source/aes.o
LOAD ./source/app.o
LOAD ./source/security.o
LOAD ./source/semihost_hardfault.o
LOAD ./phy/fsl_phyksz8081.o
LOAD ./mdio/fsl_enet_mdio.o
LOAD ./drivers/fsl_clock.o
LOAD ./drivers/fsl_common.o
LOAD ./drivers/fsl_common_arm.o
LOAD ./drivers/fsl_enet.o
LOAD ./drivers/fsl_ftfx_cache.o
LOAD ./drivers/fsl_ftfx_controller.o
LOAD ./drivers/fsl_ftfx_flash.o
LOAD ./drivers/fsl_ftfx_flexnvm.o
LOAD ./drivers/fsl_gpio.o
LOAD ./drivers/fsl_sim.o
LOAD ./drivers/fsl_smc.o
LOAD ./drivers/fsl_sysmpu.o
LOAD ./drivers/fsl_uart.o
LOAD ./device/system_MK64F12.o
LOAD ./component/uart/fsl_adapter_uart.o
LOAD ./component/lists/fsl_component_generic_list.o
LOAD ./board/board.o
LOAD ./board/clock_config.o
LOAD ./board/pin_mux.o
START GROUP
LOAD C:/nxp/MCUXpressoIDE_25.6.136/ide/plugins/com.nxp.mcuxpresso.tools.win32_25.6.0.202501151204/tools/bin/../lib/gcc/arm-none-eabi/14.2.1/../../../../arm-none-eabi/lib/thumb/v7e-m+fp/hard\libcr_nohost_nf.a
LOAD C:/nxp/MCUXpressoIDE_25.6.136/ide/plugins/com.nxp.mcuxpresso.tools.win32_25.6.0.202501151204/tools/bin/../lib/gcc/arm-none-eabi/14.2.1/../../../../arm-none-eabi/lib/thumb/v7e-m+fp/hard\libcr_c.a
LOAD C:/nxp/MCUXpressoIDE_25.6.136/ide/plugins/com.nxp.mcuxpresso.tools.win32_25.6.0.202501151204/tools/bin/../lib/gcc/arm-none-eabi/14.2.1/thumb/v7e-m+fp/hard\libcr_eabihelpers.a
LOAD C:/nxp/MCUXpressoIDE_25.6.136/ide/plugins/com.nxp.mcuxpresso.tools.win32_25.6.0.202501151204/tools/bin/../lib/gcc/arm-none-eabi/14.2.1/thumb/v7e-m+fp/hard\libgcc.a
END GROUP
                0x00000000                        __base_PROGRAM_FLASH = 0x0
                0x00000000                        __base_Flash = 0x0
                0x00100000                        __top_PROGRAM_FLASH = 0x100000
                0x00100000                        __top_Flash = 0x100000
                0x20000000                        __base_SRAM_UPPER = 0x20000000
                0x20000000                        __base_RAM = 0x20000000
                0x20030000                        __top_SRAM_UPPER = 0x20030000
                0x20030000                        __top_RAM = 0x20030000
                0x1fff0000                        __base_SRAM_LOWER = 0x1fff0000
                0x1fff0000                        __base_RAM2 = 0x1fff0000
                0x20000000                        __top_SRAM_LOWER = 0x20000000
                0x20000000                        __top_RAM2 = 0x20000000
                0x14000000                        __base_FLEX_RAM = 0x14000000
                0x14000000                        __base_RAM3 = 0x14000000
                0x14001000                        __top_FLEX_RAM = 0x14001000
                0x14001000                        __top_RAM3 = 0x14001000

.text           0x00000000     0x8110
 FILL mask 0xff
                0x00000000                        __vectors_start__ = ABSOLUTE (.)
 *(SORT_BY_ALIGNMENT(.isr_vector))
 .isr_vector    0x00000000      0x198 ./startup/startup_mk64f12.o
                0x00000000                g_pfnVectors
                0x00000000                __Vectors
                0x00000198                        . = ALIGN (0x4)
                0x00000198                        __section_table_start = .
                0x00000198                        __data_section_table = .
                0x00000198        0x4 LONG 0x8110 LOADADDR (.data)
                0x0000019c        0x4 LONG 0x20000000 ADDR (.data)
                0x000001a0        0x4 LONG 0x30 SIZEOF (.data)
                0x000001a4        0x4 LONG 0x8110 LOADADDR (.data_RAM2)
                0x000001a8        0x4 LONG 0x1fff0000 ADDR (.data_RAM2)
                0x000001ac        0x4 LONG 0x0 SIZEOF (.data_RAM2)
                0x000001b0        0x4 LONG 0x8110 LOADADDR (.data_RAM3)
                0x000001b4        0x4 LONG 0x14000000 ADDR (.data_RAM3)
                0x000001b8        0x4 LONG 0x0 SIZEOF (.data_RAM3)
                0x000001bc                        __data_section_table_end = .
                0x000001bc                        __bss_section_table = .
                0x000001bc        0x4 LONG 0x20000030 ADDR (.bss)
                0x000001c0        0x4 LONG 0x3158 SIZEOF (.bss)
                0x000001c4        0x4 LONG 0x1fff0000 ADDR (.bss_RAM2)
                0x000001c8        0x4 LONG 0x0 SIZEOF (.bss_RAM2)
                0x000001cc        0x4 LONG 0x14000000 ADDR (.bss_RAM3)
                0x000001d0        0x4 LONG 0x0 SIZEOF (.bss_RAM3)
                0x000001d4                        __bss_section_table_end = .
                0x000001d4                        __section_table_end = .
 *(SORT_BY_ALIGNMENT(.after_vectors*))
 .after_vectors.reset
                0x000001d4       0x4c ./startup/startup_mk64f12.o
                0x000001d4                ResetISR
 .after_vectors.init_data
                0x00000220       0x1e ./startup/startup_mk64f12.o
                0x00000220                data_init
 .after_vectors.init_bss
                0x0000023e       0x12 ./startup/startup_mk64f12.o
                0x0000023e                bss_init
 .after_vectors
                0x00000250       0x14 ./startup/startup_mk64f12.o
                0x00000250                NMI_Handler
                0x00000254                MemManage_Handler
                0x00000256                BusFault_Handler
                0x00000258                UsageFault_Handler
                0x0000025a                SVC_Handler
                0x0000025c                DebugMon_Handler
                0x0000025e                PendSV_Handler
                0x00000260                SysTick_Handler
                0x00000262                DMA_Error_DriverIRQHandler
                0x00000262                LPTMR0_DriverIRQHandler
                0x00000262                FTM1_DriverIRQHandler
                0x00000262                FTM2_DriverIRQHandler
                0x00000262                PIT2_DriverIRQHandler
                0x00000262                SDHC_DriverIRQHandler
                0x00000262                I2S0_Tx_DriverIRQHandler
                0x00000262                RTC_Seconds_DriverIRQHandler
                0x00000262                DMA6_DriverIRQHandler
                0x00000262                LLWU_DriverIRQHandler
                0x00000262                MCM_DriverIRQHandler
                0x00000262                MCG_DriverIRQHandler
                0x00000262                I2C2_DriverIRQHandler
                0x00000262                DAC1_DriverIRQHandler
                0x00000262                SPI1_DriverIRQHandler
                0x00000262                CMP1_DriverIRQHandler
                0x00000262                FTM0_DriverIRQHandler
                0x00000262                IntDefaultHandler
                0x00000262                USB0_DriverIRQHandler
                0x00000262                UART5_ERR_DriverIRQHandler
                0x00000262                PORTC_DriverIRQHandler
                0x00000262                DMA11_DriverIRQHandler
                0x00000262                DAC0_DriverIRQHandler
                0x00000262                DMA10_DriverIRQHandler
                0x00000262                CMP2_DriverIRQHandler
                0x00000262                UART2_ERR_DriverIRQHandler
                0x00000262                SPI2_DriverIRQHandler
                0x00000262                LVD_LVW_DriverIRQHandler
                0x00000262                DMA12_DriverIRQHandler
                0x00000262                RNG_DriverIRQHandler
                0x00000262                DMA5_DriverIRQHandler
                0x00000262                DMA4_DriverIRQHandler
                0x00000262                USBDCD_DriverIRQHandler
                0x00000262                UART3_ERR_DriverIRQHandler
                0x00000262                DMA3_DriverIRQHandler
                0x00000262                DMA8_DriverIRQHandler
                0x00000262                DMA9_DriverIRQHandler
                0x00000262                UART0_ERR_DriverIRQHandler
                0x00000262                CMT_DriverIRQHandler
                0x00000262                Reserved71_DriverIRQHandler
                0x00000262                ADC1_DriverIRQHandler
                0x00000262                PORTA_DriverIRQHandler
                0x00000262                DMA14_DriverIRQHandler
                0x00000262                PIT3_DriverIRQHandler
                0x00000262                PIT1_DriverIRQHandler
                0x00000262                WDOG_EWM_DriverIRQHandler
                0x00000262                PDB0_DriverIRQHandler
                0x00000262                RTC_DriverIRQHandler
                0x00000262                I2S0_Rx_DriverIRQHandler
                0x00000262                Read_Collision_DriverIRQHandler
                0x00000262                SWI_DriverIRQHandler
                0x00000262                UART4_ERR_DriverIRQHandler
                0x00000262                PORTB_DriverIRQHandler
                0x00000262                UART0_LON_DriverIRQHandler
                0x00000262                DMA0_DriverIRQHandler
                0x00000262                DMA1_DriverIRQHandler
                0x00000262                I2C1_DriverIRQHandler
                0x00000262                DMA13_DriverIRQHandler
                0x00000262                DMA15_DriverIRQHandler
                0x00000262                SPI0_DriverIRQHandler
                0x00000262                ADC0_DriverIRQHandler
                0x00000262                CMP0_DriverIRQHandler
                0x00000262                CAN0_DriverIRQHandler
                0x00000262                FTM3_DriverIRQHandler
                0x00000262                PIT0_DriverIRQHandler
                0x00000262                UART1_ERR_DriverIRQHandler
                0x00000262                DMA2_DriverIRQHandler
                0x00000262                PORTD_DriverIRQHandler
                0x00000262                PORTE_DriverIRQHandler
                0x00000262                FTFE_DriverIRQHandler
                0x00000262                I2C0_DriverIRQHandler
                0x00000262                DMA7_DriverIRQHandler
                0x00000400                        . = 0x400
 *fill*         0x00000264      0x19c ff
                0x00000400                        PROVIDE (__FLASH_CONFIG_START__ = .)
 *(SORT_BY_ALIGNMENT(.FlashConfig))
 .FlashConfig   0x00000400       0x10 ./startup/startup_mk64f12.o
                0x00000400                Flash_Config
                0x00000410                        PROVIDE (__FLASH_CONFIG_END__ = .)
                0x00000001                        ASSERT (! ((__FLASH_CONFIG_START__ == __FLASH_CONFIG_END__)), Linker Flash Config Support Enabled, but no .FlashConfig section provided within application)
 *(SORT_BY_ALIGNMENT(.text*))
 .text.__assertion_failed
                0x00000410       0x18 ./utilities/fsl_assert.o
                0x00000410                __assertion_failed
 .text.DbgConsole_Init
                0x00000428       0x74 ./utilities/fsl_debug_console.o
                0x00000428                DbgConsole_Init
 .text.DbgConsole_Vprintf
                0x0000049c       0x3c ./utilities/fsl_debug_console.o
                0x0000049c                DbgConsole_Vprintf
 .text.DbgConsole_Putchar
                0x000004d8       0x30 ./utilities/fsl_debug_console.o
                0x000004d8                DbgConsole_Putchar
 .text.DbgConsole_Getchar
                0x00000508       0x3c ./utilities/fsl_debug_console.o
                0x00000508                DbgConsole_Getchar
 .text.DbgConsole_PrintfFormattedData
                0x00000544      0x9d8 ./utilities/fsl_debug_console.o
 .text.KeyExpansion
                0x00000f1c      0x1a0 ./source/aes.o
 .text.SubBytes
                0x000010bc       0x64 ./source/aes.o
 .text.InvSubBytes
                0x00001120       0x64 ./source/aes.o
 .text.main     0x00001184      0x278 ./source/app.o
                0x00001184                main
 .text.encrypt_and_integrity_INIT
                0x000013fc      0x174 ./source/security.o
                0x000013fc                encrypt_and_integrity_INIT
 .text.encrypt_and_integrity_send
                0x00001570      0x1d8 ./source/security.o
                0x00001570                encrypt_and_integrity_send
 .text.encrypt_and_integrity_ENET_TX
                0x00001748       0x70 ./source/security.o
                0x00001748                encrypt_and_integrity_ENET_TX
 .text.encrypt_and_integrity_receive
                0x000017b8      0x11c ./source/security.o
                0x000017b8                encrypt_and_integrity_receive
 .text.encrypt_and_integrity_decrypt
                0x000018d4       0xfc ./source/security.o
                0x000018d4                encrypt_and_integrity_decrypt
 .text.PHY_KSZ8081_Init
                0x000019d0      0x128 ./phy/fsl_phyksz8081.o
                0x000019d0                PHY_KSZ8081_Init
 .text.PHY_KSZ8081_GetAutoNegotiationStatus
                0x00001af8       0x54 ./phy/fsl_phyksz8081.o
                0x00001af8                PHY_KSZ8081_GetAutoNegotiationStatus
 .text.PHY_KSZ8081_GetLinkStatus
                0x00001b4c       0x58 ./phy/fsl_phyksz8081.o
                0x00001b4c                PHY_KSZ8081_GetLinkStatus
 .text.PHY_KSZ8081_GetLinkSpeedDuplex
                0x00001ba4       0x98 ./phy/fsl_phyksz8081.o
                0x00001ba4                PHY_KSZ8081_GetLinkSpeedDuplex
 .text.PHY_KSZ8081_SetLinkSpeedDuplex
                0x00001c3c       0x90 ./phy/fsl_phyksz8081.o
                0x00001c3c                PHY_KSZ8081_SetLinkSpeedDuplex
 .text.PHY_KSZ8081_EnableLoopback
                0x00001ccc      0x150 ./phy/fsl_phyksz8081.o
                0x00001ccc                PHY_KSZ8081_EnableLoopback
 .text.ENET_MDIO_Init
                0x00001e1c       0x44 ./mdio/fsl_enet_mdio.o
 .text.ENET_MDIO_Read
                0x00001e60       0x74 ./mdio/fsl_enet_mdio.o
 .text.CLOCK_SetEr32kClock
                0x00001ed4       0x30 ./drivers/fsl_clock.o
 .text.CLOCK_SetPllFllSelClock
                0x00001f04       0x38 ./drivers/fsl_clock.o
 .text.CLOCK_GetMcgExtClkFreq
                0x00001f3c       0x7c ./drivers/fsl_clock.o
 .text.CLOCK_GetFllExtRefClkFreq
                0x00001fb8       0xb0 ./drivers/fsl_clock.o
 .text.CLOCK_GetInternalRefClkSelectFreq
                0x00002068       0x4c ./drivers/fsl_clock.o
 .text.CLOCK_GetFllRefClkFreq
                0x000020b4       0x34 ./drivers/fsl_clock.o
 .text.CLOCK_GetOscRangeFromFreq
                0x000020e8       0x3c ./drivers/fsl_clock.o
 .text.CLOCK_GetOsc0ErClkFreq
                0x00002124       0x44 ./drivers/fsl_clock.o
                0x00002124                CLOCK_GetOsc0ErClkFreq
 .text.CLOCK_GetEr32kClkFreq
                0x00002168       0x74 ./drivers/fsl_clock.o
                0x00002168                CLOCK_GetEr32kClkFreq
 .text.CLOCK_GetPllFllSelClkFreq
                0x000021dc       0x54 ./drivers/fsl_clock.o
                0x000021dc                CLOCK_GetPllFllSelClkFreq
 .text.CLOCK_GetCoreSysClkFreq
                0x00002230       0x28 ./drivers/fsl_clock.o
                0x00002230                CLOCK_GetCoreSysClkFreq
 .text.CLOCK_GetFreq
                0x00002258      0x140 ./drivers/fsl_clock.o
                0x00002258                CLOCK_GetFreq
 .text.CLOCK_SetSimConfig
                0x00002398       0x34 ./drivers/fsl_clock.o
                0x00002398                CLOCK_SetSimConfig
 .text.CLOCK_GetOutClkFreq
                0x000023cc       0x64 ./drivers/fsl_clock.o
                0x000023cc                CLOCK_GetOutClkFreq
 .text.CLOCK_GetFllFreq
                0x00002430       0x84 ./drivers/fsl_clock.o
                0x00002430                CLOCK_GetFllFreq
 .text.CLOCK_GetInternalRefClkFreq
                0x000024b4       0x30 ./drivers/fsl_clock.o
                0x000024b4                CLOCK_GetInternalRefClkFreq
 .text.CLOCK_GetPll0Freq
                0x000024e4       0x78 ./drivers/fsl_clock.o
                0x000024e4                CLOCK_GetPll0Freq
 .text.CLOCK_SetExternalRefClkConfig
                0x0000255c       0x6c ./drivers/fsl_clock.o
                0x0000255c                CLOCK_SetExternalRefClkConfig
 .text.CLOCK_SetInternalRefClkConfig
                0x000025c8      0x104 ./drivers/fsl_clock.o
                0x000025c8                CLOCK_SetInternalRefClkConfig
 .text.CLOCK_EnablePll0
                0x000026cc       0x88 ./drivers/fsl_clock.o
                0x000026cc                CLOCK_EnablePll0
 .text.CLOCK_InitOsc0
                0x00002754       0x8c ./drivers/fsl_clock.o
                0x00002754                CLOCK_InitOsc0
 .text.CLOCK_SetPbeMode
                0x000027e0       0xa8 ./drivers/fsl_clock.o
                0x000027e0                CLOCK_SetPbeMode
 .text.CLOCK_BootToPeeMode
                0x00002888       0x60 ./drivers/fsl_clock.o
                0x00002888                CLOCK_BootToPeeMode
 .text.__NVIC_EnableIRQ
                0x000028e8       0x3c ./drivers/fsl_enet.o
 .text.ENET_GetInstance
                0x00002924       0x44 ./drivers/fsl_enet.o
                0x00002924                ENET_GetInstance
 .text.ENET_GetDefaultConfig
                0x00002968       0x4c ./drivers/fsl_enet.o
                0x00002968                ENET_GetDefaultConfig
 .text.ENET_Up  0x000029b4       0xb8 ./drivers/fsl_enet.o
                0x000029b4                ENET_Up
 .text.ENET_Init
                0x00002a6c       0x48 ./drivers/fsl_enet.o
                0x00002a6c                ENET_Init
 .text.ENET_SetRxISRHandler
                0x00002ab4       0x30 ./drivers/fsl_enet.o
                0x00002ab4                ENET_SetRxISRHandler
 .text.ENET_SetTxISRHandler
                0x00002ae4       0x30 ./drivers/fsl_enet.o
                0x00002ae4                ENET_SetTxISRHandler
 .text.ENET_SetErrISRHandler
                0x00002b14       0x30 ./drivers/fsl_enet.o
                0x00002b14                ENET_SetErrISRHandler
 .text.ENET_SetHandler
                0x00002b44      0x1a8 ./drivers/fsl_enet.o
 .text.ENET_SetMacController
                0x00002cec      0x248 ./drivers/fsl_enet.o
 .text.ENET_SetTxBufferDescriptors
                0x00002f34       0xe4 ./drivers/fsl_enet.o
 .text.ENET_SetRxBufferDescriptors
                0x00003018       0xfc ./drivers/fsl_enet.o
 .text.ENET_RxBufferAllocAll
                0x00003114       0xcc ./drivers/fsl_enet.o
 .text.ENET_RxBufferFreeAll
                0x000031e0       0xc4 ./drivers/fsl_enet.o
 .text.ENET_ActiveReadRing
                0x000032a4       0x44 ./drivers/fsl_enet.o
 .text.ENET_ActiveSendRing
                0x000032e8       0x4c ./drivers/fsl_enet.o
 .text.ENET_SetSMI
                0x00003334       0xa0 ./drivers/fsl_enet.o
                0x00003334                ENET_SetSMI
 .text.ENET_IncreaseIndex
                0x000033d4       0x40 ./drivers/fsl_enet.o
 .text.ENET_GetRxErrBeforeReadFrame
                0x00003414      0x108 ./drivers/fsl_enet.o
                0x00003414                ENET_GetRxErrBeforeReadFrame
 .text.ENET_GetRxFrameSize
                0x0000351c      0x128 ./drivers/fsl_enet.o
                0x0000351c                ENET_GetRxFrameSize
 .text.ENET_ReadFrame
                0x00003644      0x188 ./drivers/fsl_enet.o
                0x00003644                ENET_ReadFrame
 .text.ENET_UpdateReadBuffers
                0x000037cc       0x94 ./drivers/fsl_enet.o
 .text.ENET_SendFrame
                0x00003860      0x378 ./drivers/fsl_enet.o
                0x00003860                ENET_SendFrame
 .text.ENET_ReclaimTxDescriptor
                0x00003bd8      0x10c ./drivers/fsl_enet.o
                0x00003bd8                ENET_ReclaimTxDescriptor
 .text.ENET_TransmitIRQHandler
                0x00003ce4       0x8c ./drivers/fsl_enet.o
                0x00003ce4                ENET_TransmitIRQHandler
 .text.ENET_ReceiveIRQHandler
                0x00003d70       0x5c ./drivers/fsl_enet.o
                0x00003d70                ENET_ReceiveIRQHandler
 .text.ENET_ErrorIRQHandler
                0x00003dcc       0x90 ./drivers/fsl_enet.o
                0x00003dcc                ENET_ErrorIRQHandler
 .text.ENET_Ptp1588IRQHandler
                0x00003e5c       0x44 ./drivers/fsl_enet.o
                0x00003e5c                ENET_Ptp1588IRQHandler
 .text.ENET_TxIRQHandler
                0x00003ea0       0x48 ./drivers/fsl_enet.o
                0x00003ea0                ENET_TxIRQHandler
 .text.ENET_RxIRQHandler
                0x00003ee8       0x44 ./drivers/fsl_enet.o
                0x00003ee8                ENET_RxIRQHandler
 .text.ENET_ErrIRQHandler
                0x00003f2c       0x44 ./drivers/fsl_enet.o
                0x00003f2c                ENET_ErrIRQHandler
 .text.ENET_Transmit_DriverIRQHandler
                0x00003f70       0x18 ./drivers/fsl_enet.o
                0x00003f70                ENET_Transmit_DriverIRQHandler
 .text.ENET_Receive_DriverIRQHandler
                0x00003f88       0x18 ./drivers/fsl_enet.o
                0x00003f88                ENET_Receive_DriverIRQHandler
 .text.ENET_Error_DriverIRQHandler
                0x00003fa0       0x18 ./drivers/fsl_enet.o
                0x00003fa0                ENET_Error_DriverIRQHandler
 .text.ENET_1588_Timer_DriverIRQHandler
                0x00003fb8       0x18 ./drivers/fsl_enet.o
                0x00003fb8                ENET_1588_Timer_DriverIRQHandler
 .text.UART_GetInstance
                0x00003fd0       0x54 ./drivers/fsl_uart.o
                0x00003fd0                UART_GetInstance
 .text.UART_Init
                0x00004024      0x2f4 ./drivers/fsl_uart.o
                0x00004024                UART_Init
 .text.UART_GetDefaultConfig
                0x00004318       0x68 ./drivers/fsl_uart.o
                0x00004318                UART_GetDefaultConfig
 .text.UART_ReadBlocking
                0x00004380       0xfc ./drivers/fsl_uart.o
                0x00004380                UART_ReadBlocking
 .text.UART0_DriverIRQHandler
                0x0000447c       0x28 ./drivers/fsl_uart.o
                0x0000447c                UART0_DriverIRQHandler
 .text.UART1_DriverIRQHandler
                0x000044a4       0x28 ./drivers/fsl_uart.o
                0x000044a4                UART1_DriverIRQHandler
 .text.UART2_DriverIRQHandler
                0x000044cc       0x28 ./drivers/fsl_uart.o
                0x000044cc                UART2_DriverIRQHandler
 .text.UART3_DriverIRQHandler
                0x000044f4       0x28 ./drivers/fsl_uart.o
                0x000044f4                UART3_DriverIRQHandler
 .text.UART4_DriverIRQHandler
                0x0000451c       0x28 ./drivers/fsl_uart.o
                0x0000451c                UART4_DriverIRQHandler
 .text.UART5_DriverIRQHandler
                0x00004544       0x28 ./drivers/fsl_uart.o
                0x00004544                UART5_DriverIRQHandler
 .text.SystemInit
                0x0000456c       0x3c ./device/system_MK64F12.o
                0x0000456c                SystemInit
 .text.HAL_UartInit
                0x000045a8      0x128 ./component/uart/fsl_adapter_uart.o
                0x000045a8                HAL_UartInit
 .text.HAL_UartReceiveBlocking
                0x000046d0       0x6c ./component/uart/fsl_adapter_uart.o
                0x000046d0                HAL_UartReceiveBlocking
 .text.HAL_UartSendBlocking
                0x0000473c       0x64 ./component/uart/fsl_adapter_uart.o
                0x0000473c                HAL_UartSendBlocking
 .text.CLOCK_SetSimSafeDivs
                0x000047a0       0x20 ./board/clock_config.o
 .text.CLOCK_SetXtal0Freq
                0x000047c0       0x20 ./board/clock_config.o
 .text.CLOCK_CONFIG_SetFllExtRefDiv
                0x000047e0       0x3c ./board/clock_config.o
 .text.BOARD_BootClockRUN
                0x0000481c       0x60 ./board/clock_config.o
                0x0000481c                BOARD_BootClockRUN
 .text.PORT_SetPinConfig
                0x0000487c       0x38 ./board/pin_mux.o
 .text.BOARD_InitPins
                0x000048b4       0xfc ./board/pin_mux.o
                0x000048b4                BOARD_InitPins
 .text.malloc   0x000049b0       0xc8 C:/nxp/MCUXpressoIDE_25.6.136/ide/plugins/com.nxp.mcuxpresso.tools.win32_25.6.0.202501151204/tools/bin/../lib/gcc/arm-none-eabi/14.2.1/../../../../arm-none-eabi/lib/thumb/v7e-m+fp/hard\libcr_c.a(alloc.o)
                0x000049b0                malloc
 .text._initio  0x00004a78       0x78 C:/nxp/MCUXpressoIDE_25.6.136/ide/plugins/com.nxp.mcuxpresso.tools.win32_25.6.0.202501151204/tools/bin/../lib/gcc/arm-none-eabi/14.2.1/../../../../arm-none-eabi/lib/thumb/v7e-m+fp/hard\libcr_c.a(initio.o)
                0x00004a78                _initio
 .text._sbrk    0x00004af0       0x3c C:/nxp/MCUXpressoIDE_25.6.136/ide/plugins/com.nxp.mcuxpresso.tools.win32_25.6.0.202501151204/tools/bin/../lib/gcc/arm-none-eabi/14.2.1/../../../../arm-none-eabi/lib/thumb/v7e-m+fp/hard\libcr_c.a(_cr_sbrk.o)
                0x00004af0                _sbrk
 .text.fflush   0x00004b2c       0x3c C:/nxp/MCUXpressoIDE_25.6.136/ide/plugins/com.nxp.mcuxpresso.tools.win32_25.6.0.202501151204/tools/bin/../lib/gcc/arm-none-eabi/14.2.1/../../../../arm-none-eabi/lib/thumb/v7e-m+fp/hard\libcr_c.a(fflush.o)
                0x00004b2c                fflush
 .text.fseek    0x00004b68       0xf8 C:/nxp/MCUXpressoIDE_25.6.136/ide/plugins/com.nxp.mcuxpresso.tools.win32_25.6.0.202501151204/tools/bin/../lib/gcc/arm-none-eabi/14.2.1/../../../../arm-none-eabi/lib/thumb/v7e-m+fp/hard\libcr_c.a(fseek.o)
                0x00004b68                fseek
 .text.ftell    0x00004c60       0x44 C:/nxp/MCUXpressoIDE_25.6.136/ide/plugins/com.nxp.mcuxpresso.tools.win32_25.6.0.202501151204/tools/bin/../lib/gcc/arm-none-eabi/14.2.1/../../../../arm-none-eabi/lib/thumb/v7e-m+fp/hard\libcr_c.a(ftell.o)
                0x00004c60                ftell
 .text.__check_heap_overflow
                0x00004ca4       0x18 C:/nxp/MCUXpressoIDE_25.6.136/ide/plugins/com.nxp.mcuxpresso.tools.win32_25.6.0.202501151204/tools/bin/../lib/gcc/arm-none-eabi/14.2.1/../../../../arm-none-eabi/lib/thumb/v7e-m+fp/hard\libcr_c.a(_cr_check_heap.o)
                0x00004ca4                __check_heap_overflow
 .text._Cwritebuf
                0x00004cbc       0x70 C:/nxp/MCUXpressoIDE_25.6.136/ide/plugins/com.nxp.mcuxpresso.tools.win32_25.6.0.202501151204/tools/bin/../lib/gcc/arm-none-eabi/14.2.1/../../../../arm-none-eabi/lib/thumb/v7e-m+fp/hard\libcr_c.a(_writebuf.o)
                0x00004cbc                _Cwritebuf
 .text.DbgConsole_Printf
                0x00004d2c       0x2c ./utilities/fsl_debug_console.o
                0x00004d2c                DbgConsole_Printf
 .text.DbgConsole_PrintfPaddingCharacter
                0x00004d58       0x40 ./utilities/fsl_debug_console.o
 .text.DbgConsole_ConvertRadixNumToString
                0x00004d98      0x2b0 ./utilities/fsl_debug_console.o
 .text.DMA0_IRQHandler
                0x00005048        0x8 ./startup/startup_mk64f12.o
                0x00005048                DMA0_IRQHandler
 .text.DMA1_IRQHandler
                0x00005050        0x8 ./startup/startup_mk64f12.o
                0x00005050                DMA1_IRQHandler
 .text.DMA2_IRQHandler
                0x00005058        0x8 ./startup/startup_mk64f12.o
                0x00005058                DMA2_IRQHandler
 .text.DMA3_IRQHandler
                0x00005060        0x8 ./startup/startup_mk64f12.o
                0x00005060                DMA3_IRQHandler
 .text.DMA4_IRQHandler
                0x00005068        0x8 ./startup/startup_mk64f12.o
                0x00005068                DMA4_IRQHandler
 .text.DMA5_IRQHandler
                0x00005070        0x8 ./startup/startup_mk64f12.o
                0x00005070                DMA5_IRQHandler
 .text.DMA6_IRQHandler
                0x00005078        0x8 ./startup/startup_mk64f12.o
                0x00005078                DMA6_IRQHandler
 .text.DMA7_IRQHandler
                0x00005080        0x8 ./startup/startup_mk64f12.o
                0x00005080                DMA7_IRQHandler
 .text.DMA8_IRQHandler
                0x00005088        0x8 ./startup/startup_mk64f12.o
                0x00005088                DMA8_IRQHandler
 .text.DMA9_IRQHandler
                0x00005090        0x8 ./startup/startup_mk64f12.o
                0x00005090                DMA9_IRQHandler
 .text.DMA10_IRQHandler
                0x00005098        0x8 ./startup/startup_mk64f12.o
                0x00005098                DMA10_IRQHandler
 .text.DMA11_IRQHandler
                0x000050a0        0x8 ./startup/startup_mk64f12.o
                0x000050a0                DMA11_IRQHandler
 .text.DMA12_IRQHandler
                0x000050a8        0x8 ./startup/startup_mk64f12.o
                0x000050a8                DMA12_IRQHandler
 .text.DMA13_IRQHandler
                0x000050b0        0x8 ./startup/startup_mk64f12.o
                0x000050b0                DMA13_IRQHandler
 .text.DMA14_IRQHandler
                0x000050b8        0x8 ./startup/startup_mk64f12.o
                0x000050b8                DMA14_IRQHandler
 .text.DMA15_IRQHandler
                0x000050c0        0x8 ./startup/startup_mk64f12.o
                0x000050c0                DMA15_IRQHandler
 .text.DMA_Error_IRQHandler
                0x000050c8        0x8 ./startup/startup_mk64f12.o
                0x000050c8                DMA_Error_IRQHandler
 .text.MCM_IRQHandler
                0x000050d0        0x8 ./startup/startup_mk64f12.o
                0x000050d0                MCM_IRQHandler
 .text.FTFE_IRQHandler
                0x000050d8        0x8 ./startup/startup_mk64f12.o
                0x000050d8                FTFE_IRQHandler
 .text.Read_Collision_IRQHandler
                0x000050e0        0x8 ./startup/startup_mk64f12.o
                0x000050e0                Read_Collision_IRQHandler
 .text.LVD_LVW_IRQHandler
                0x000050e8        0x8 ./startup/startup_mk64f12.o
                0x000050e8                LVD_LVW_IRQHandler
 .text.LLWU_IRQHandler
                0x000050f0        0x8 ./startup/startup_mk64f12.o
                0x000050f0                LLWU_IRQHandler
 .text.WDOG_EWM_IRQHandler
                0x000050f8        0x8 ./startup/startup_mk64f12.o
                0x000050f8                WDOG_EWM_IRQHandler
 .text.RNG_IRQHandler
                0x00005100        0x8 ./startup/startup_mk64f12.o
                0x00005100                RNG_IRQHandler
 .text.I2C0_IRQHandler
                0x00005108        0x8 ./startup/startup_mk64f12.o
                0x00005108                I2C0_IRQHandler
 .text.I2C1_IRQHandler
                0x00005110        0x8 ./startup/startup_mk64f12.o
                0x00005110                I2C1_IRQHandler
 .text.SPI0_IRQHandler
                0x00005118        0x8 ./startup/startup_mk64f12.o
                0x00005118                SPI0_IRQHandler
 .text.SPI1_IRQHandler
                0x00005120        0x8 ./startup/startup_mk64f12.o
                0x00005120                SPI1_IRQHandler
 .text.I2S0_Tx_IRQHandler
                0x00005128        0x8 ./startup/startup_mk64f12.o
                0x00005128                I2S0_Tx_IRQHandler
 .text.I2S0_Rx_IRQHandler
                0x00005130        0x8 ./startup/startup_mk64f12.o
                0x00005130                I2S0_Rx_IRQHandler
 .text.UART0_LON_IRQHandler
                0x00005138        0x8 ./startup/startup_mk64f12.o
                0x00005138                UART0_LON_IRQHandler
 .text.UART0_RX_TX_IRQHandler
                0x00005140        0x8 ./startup/startup_mk64f12.o
                0x00005140                UART0_RX_TX_IRQHandler
 .text.UART0_ERR_IRQHandler
                0x00005148        0x8 ./startup/startup_mk64f12.o
                0x00005148                UART0_ERR_IRQHandler
 .text.UART1_RX_TX_IRQHandler
                0x00005150        0x8 ./startup/startup_mk64f12.o
                0x00005150                UART1_RX_TX_IRQHandler
 .text.UART1_ERR_IRQHandler
                0x00005158        0x8 ./startup/startup_mk64f12.o
                0x00005158                UART1_ERR_IRQHandler
 .text.UART2_RX_TX_IRQHandler
                0x00005160        0x8 ./startup/startup_mk64f12.o
                0x00005160                UART2_RX_TX_IRQHandler
 .text.UART2_ERR_IRQHandler
                0x00005168        0x8 ./startup/startup_mk64f12.o
                0x00005168                UART2_ERR_IRQHandler
 .text.UART3_RX_TX_IRQHandler
                0x00005170        0x8 ./startup/startup_mk64f12.o
                0x00005170                UART3_RX_TX_IRQHandler
 .text.UART3_ERR_IRQHandler
                0x00005178        0x8 ./startup/startup_mk64f12.o
                0x00005178                UART3_ERR_IRQHandler
 .text.ADC0_IRQHandler
                0x00005180        0x8 ./startup/startup_mk64f12.o
                0x00005180                ADC0_IRQHandler
 .text.CMP0_IRQHandler
                0x00005188        0x8 ./startup/startup_mk64f12.o
                0x00005188                CMP0_IRQHandler
 .text.CMP1_IRQHandler
                0x00005190        0x8 ./startup/startup_mk64f12.o
                0x00005190                CMP1_IRQHandler
 .text.FTM0_IRQHandler
                0x00005198        0x8 ./startup/startup_mk64f12.o
                0x00005198                FTM0_IRQHandler
 .text.FTM1_IRQHandler
                0x000051a0        0x8 ./startup/startup_mk64f12.o
                0x000051a0                FTM1_IRQHandler
 .text.FTM2_IRQHandler
                0x000051a8        0x8 ./startup/startup_mk64f12.o
                0x000051a8                FTM2_IRQHandler
 .text.CMT_IRQHandler
                0x000051b0        0x8 ./startup/startup_mk64f12.o
                0x000051b0                CMT_IRQHandler
 .text.RTC_IRQHandler
                0x000051b8        0x8 ./startup/startup_mk64f12.o
                0x000051b8                RTC_IRQHandler
 .text.RTC_Seconds_IRQHandler
                0x000051c0        0x8 ./startup/startup_mk64f12.o
                0x000051c0                RTC_Seconds_IRQHandler
 .text.PIT0_IRQHandler
                0x000051c8        0x8 ./startup/startup_mk64f12.o
                0x000051c8                PIT0_IRQHandler
 .text.PIT1_IRQHandler
                0x000051d0        0x8 ./startup/startup_mk64f12.o
                0x000051d0                PIT1_IRQHandler
 .text.PIT2_IRQHandler
                0x000051d8        0x8 ./startup/startup_mk64f12.o
                0x000051d8                PIT2_IRQHandler
 .text.PIT3_IRQHandler
                0x000051e0        0x8 ./startup/startup_mk64f12.o
                0x000051e0                PIT3_IRQHandler
 .text.PDB0_IRQHandler
                0x000051e8        0x8 ./startup/startup_mk64f12.o
                0x000051e8                PDB0_IRQHandler
 .text.USB0_IRQHandler
                0x000051f0        0x8 ./startup/startup_mk64f12.o
                0x000051f0                USB0_IRQHandler
 .text.USBDCD_IRQHandler
                0x000051f8        0x8 ./startup/startup_mk64f12.o
                0x000051f8                USBDCD_IRQHandler
 .text.Reserved71_IRQHandler
                0x00005200        0x8 ./startup/startup_mk64f12.o
                0x00005200                Reserved71_IRQHandler
 .text.DAC0_IRQHandler
                0x00005208        0x8 ./startup/startup_mk64f12.o
                0x00005208                DAC0_IRQHandler
 .text.MCG_IRQHandler
                0x00005210        0x8 ./startup/startup_mk64f12.o
                0x00005210                MCG_IRQHandler
 .text.LPTMR0_IRQHandler
                0x00005218        0x8 ./startup/startup_mk64f12.o
                0x00005218                LPTMR0_IRQHandler
 .text.PORTA_IRQHandler
                0x00005220        0x8 ./startup/startup_mk64f12.o
                0x00005220                PORTA_IRQHandler
 .text.PORTB_IRQHandler
                0x00005228        0x8 ./startup/startup_mk64f12.o
                0x00005228                PORTB_IRQHandler
 .text.PORTC_IRQHandler
                0x00005230        0x8 ./startup/startup_mk64f12.o
                0x00005230                PORTC_IRQHandler
 .text.PORTD_IRQHandler
                0x00005238        0x8 ./startup/startup_mk64f12.o
                0x00005238                PORTD_IRQHandler
 .text.PORTE_IRQHandler
                0x00005240        0x8 ./startup/startup_mk64f12.o
                0x00005240                PORTE_IRQHandler
 .text.SWI_IRQHandler
                0x00005248        0x8 ./startup/startup_mk64f12.o
                0x00005248                SWI_IRQHandler
 .text.SPI2_IRQHandler
                0x00005250        0x8 ./startup/startup_mk64f12.o
                0x00005250                SPI2_IRQHandler
 .text.UART4_RX_TX_IRQHandler
                0x00005258        0x8 ./startup/startup_mk64f12.o
                0x00005258                UART4_RX_TX_IRQHandler
 .text.UART4_ERR_IRQHandler
                0x00005260        0x8 ./startup/startup_mk64f12.o
                0x00005260                UART4_ERR_IRQHandler
 .text.UART5_RX_TX_IRQHandler
                0x00005268        0x8 ./startup/startup_mk64f12.o
                0x00005268                UART5_RX_TX_IRQHandler
 .text.UART5_ERR_IRQHandler
                0x00005270        0x8 ./startup/startup_mk64f12.o
                0x00005270                UART5_ERR_IRQHandler
 .text.CMP2_IRQHandler
                0x00005278        0x8 ./startup/startup_mk64f12.o
                0x00005278                CMP2_IRQHandler
 .text.FTM3_IRQHandler
                0x00005280        0x8 ./startup/startup_mk64f12.o
                0x00005280                FTM3_IRQHandler
 .text.DAC1_IRQHandler
                0x00005288        0x8 ./startup/startup_mk64f12.o
                0x00005288                DAC1_IRQHandler
 .text.ADC1_IRQHandler
                0x00005290        0x8 ./startup/startup_mk64f12.o
                0x00005290                ADC1_IRQHandler
 .text.I2C2_IRQHandler
                0x00005298        0x8 ./startup/startup_mk64f12.o
                0x00005298                I2C2_IRQHandler
 .text.CAN0_ORed_Message_buffer_IRQHandler
                0x000052a0        0x8 ./startup/startup_mk64f12.o
                0x000052a0                CAN0_ORed_Message_buffer_IRQHandler
 .text.CAN0_Bus_Off_IRQHandler
                0x000052a8        0x8 ./startup/startup_mk64f12.o
                0x000052a8                CAN0_Bus_Off_IRQHandler
 .text.CAN0_Error_IRQHandler
                0x000052b0        0x8 ./startup/startup_mk64f12.o
                0x000052b0                CAN0_Error_IRQHandler
 .text.CAN0_Tx_Warning_IRQHandler
                0x000052b8        0x8 ./startup/startup_mk64f12.o
                0x000052b8                CAN0_Tx_Warning_IRQHandler
 .text.CAN0_Rx_Warning_IRQHandler
                0x000052c0        0x8 ./startup/startup_mk64f12.o
                0x000052c0                CAN0_Rx_Warning_IRQHandler
 .text.CAN0_Wake_Up_IRQHandler
                0x000052c8        0x8 ./startup/startup_mk64f12.o
                0x000052c8                CAN0_Wake_Up_IRQHandler
 .text.SDHC_IRQHandler
                0x000052d0        0x8 ./startup/startup_mk64f12.o
                0x000052d0                SDHC_IRQHandler
 .text.ENET_1588_Timer_IRQHandler
                0x000052d8        0x8 ./startup/startup_mk64f12.o
                0x000052d8                ENET_1588_Timer_IRQHandler
 .text.ENET_Transmit_IRQHandler
                0x000052e0        0x8 ./startup/startup_mk64f12.o
                0x000052e0                ENET_Transmit_IRQHandler
 .text.ENET_Receive_IRQHandler
                0x000052e8        0x8 ./startup/startup_mk64f12.o
                0x000052e8                ENET_Receive_IRQHandler
 .text.ENET_Error_IRQHandler
                0x000052f0        0x8 ./startup/startup_mk64f12.o
                0x000052f0                ENET_Error_IRQHandler
 .text.AES_init_ctx_iv
                0x000052f8       0x2c ./source/aes.o
                0x000052f8                AES_init_ctx_iv
 .text.AddRoundKey
                0x00005324       0x78 ./source/aes.o
 .text.ShiftRows
                0x0000539c       0x84 ./source/aes.o
 .text.xtime    0x00005420       0x3e ./source/aes.o
 .text.MixColumns
                0x0000545e      0x16a ./source/aes.o
 .text.InvMixColumns
                0x000055c8      0x698 ./source/aes.o
 .text.InvShiftRows
                0x00005c60       0x84 ./source/aes.o
 .text.Cipher   0x00005ce4       0x5c ./source/aes.o
 .text.InvCipher
                0x00005d40       0x52 ./source/aes.o
 .text.XorWithIv
                0x00005d92       0x46 ./source/aes.o
 .text.AES_CBC_encrypt_buffer
                0x00005dd8       0x58 ./source/aes.o
                0x00005dd8                AES_CBC_encrypt_buffer
 .text.AES_CBC_decrypt_buffer
                0x00005e30       0x64 ./source/aes.o
                0x00005e30                AES_CBC_decrypt_buffer
 .text.ENET_ActiveRead
                0x00005e94       0x1c ./source/security.o
 .text.PHY_Init
                0x00005eb0       0x20 ./source/security.o
 .text.PHY_GetAutoNegotiationStatus
                0x00005ed0       0x20 ./source/security.o
 .text.PHY_GetLinkStatus
                0x00005ef0       0x20 ./source/security.o
 .text.PHY_GetLinkSpeedDuplex
                0x00005f10       0x24 ./source/security.o
 .text.SYSMPU_Enable
                0x00005f34       0x38 ./source/security.o
 .text.HardFault_Handler
                0x00005f6c       0x36 ./source/semihost_hardfault.o
                0x00005f6c                HardFault_Handler
 .text.MDIO_Init
                0x00005fa2       0x1a ./phy/fsl_phyksz8081.o
 .text.MDIO_Write
                0x00005fbc       0x28 ./phy/fsl_phyksz8081.o
 .text.MDIO_Read
                0x00005fe4       0x28 ./phy/fsl_phyksz8081.o
 .text.PHY_KSZ8081_Write
                0x0000600c       0x26 ./phy/fsl_phyksz8081.o
                0x0000600c                PHY_KSZ8081_Write
 .text.PHY_KSZ8081_Read
                0x00006032       0x26 ./phy/fsl_phyksz8081.o
                0x00006032                PHY_KSZ8081_Read
 .text.CLOCK_EnableClock
                0x00006058       0x34 ./mdio/fsl_enet_mdio.o
 .text.ENET_ReadSMIData
                0x0000608c       0x1a ./mdio/fsl_enet_mdio.o
 .text.ENET_GetInterruptStatus
                0x000060a6       0x18 ./mdio/fsl_enet_mdio.o
 .text.ENET_ClearInterruptStatus
                0x000060be       0x1c ./mdio/fsl_enet_mdio.o
 .text.ENET_MDIO_Write
                0x000060da       0x5c ./mdio/fsl_enet_mdio.o
 .text.ENET_MDIO_WaitTransferOver
                0x00006136       0x2a ./mdio/fsl_enet_mdio.o
 .text.OSC_SetExtRefClkConfig
                0x00006160       0x34 ./drivers/fsl_clock.o
 .text.OSC_SetCapLoad
                0x00006194       0x34 ./drivers/fsl_clock.o
 .text.CLOCK_GetPll0RefFreq
                0x000061c8        0xe ./drivers/fsl_clock.o
 .text.CLOCK_GetFixedFreqClkFreq
                0x000061d6       0x34 ./drivers/fsl_clock.o
                0x000061d6                CLOCK_GetFixedFreqClkFreq
 .text.CLOCK_EnableClock
                0x0000620a       0x34 ./drivers/fsl_enet.o
 .text.EnableIRQ
                0x0000623e       0x32 ./drivers/fsl_enet.o
 .text.DisableGlobalIRQ
                0x00006270       0x22 ./drivers/fsl_enet.o
 .text.EnableGlobalIRQ
                0x00006292       0x20 ./drivers/fsl_enet.o
 .text.ENET_Reset
                0x000062b2       0x20 ./drivers/fsl_enet.o
 .text.ENET_GetSMI
                0x000062d2       0x26 ./drivers/fsl_enet.o
 .text.ENET_EnableSleepMode
                0x000062f8       0x38 ./drivers/fsl_enet.o
 .text.ENET_EnableInterrupts
                0x00006330       0x22 ./drivers/fsl_enet.o
 .text.ENET_SetMacAddr
                0x00006352       0x5e ./drivers/fsl_enet.o
                0x00006352                ENET_SetMacAddr
 .text.ENET_StartSMIWrite
                0x000063b0       0x50 ./drivers/fsl_enet.o
                0x000063b0                ENET_StartSMIWrite
 .text.ENET_StartSMIRead
                0x00006400       0x4a ./drivers/fsl_enet.o
                0x00006400                ENET_StartSMIRead
 .text.ENET_TxDirtyRingAvailable
                0x0000644a       0x2e ./drivers/fsl_enet.o
 .text.CLOCK_EnableClock
                0x00006478       0x34 ./drivers/fsl_uart.o
 .text.UART_GetStatusFlags
                0x000064ac       0x48 ./drivers/fsl_uart.o
                0x000064ac                UART_GetStatusFlags
 .text.UART_ClearStatusFlags
                0x000064f4       0x80 ./drivers/fsl_uart.o
                0x000064f4                UART_ClearStatusFlags
 .text.UART_WriteBlocking
                0x00006574       0x50 ./drivers/fsl_uart.o
                0x00006574                UART_WriteBlocking
 .text.UART0_RX_TX_DriverIRQHandler
                0x000065c4       0x12 ./drivers/fsl_uart.o
                0x000065c4                UART0_RX_TX_DriverIRQHandler
 .text.UART1_RX_TX_DriverIRQHandler
                0x000065d6       0x12 ./drivers/fsl_uart.o
                0x000065d6                UART1_RX_TX_DriverIRQHandler
 .text.UART2_RX_TX_DriverIRQHandler
                0x000065e8       0x12 ./drivers/fsl_uart.o
                0x000065e8                UART2_RX_TX_DriverIRQHandler
 .text.UART3_RX_TX_DriverIRQHandler
                0x000065fa       0x12 ./drivers/fsl_uart.o
                0x000065fa                UART3_RX_TX_DriverIRQHandler
 .text.UART4_RX_TX_DriverIRQHandler
                0x0000660c       0x12 ./drivers/fsl_uart.o
                0x0000660c                UART4_RX_TX_DriverIRQHandler
 .text.UART5_RX_TX_DriverIRQHandler
                0x0000661e       0x12 ./drivers/fsl_uart.o
                0x0000661e                UART5_RX_TX_DriverIRQHandler
 .text.SystemInitHook
                0x00006630        0xe ./device/system_MK64F12.o
                0x00006630                SystemInitHook
 .text.HAL_UartGetStatus
                0x0000663e       0x22 ./component/uart/fsl_adapter_uart.o
 .text.BOARD_InitDebugConsole
                0x00006660       0x22 ./board/board.o
                0x00006660                BOARD_InitDebugConsole
 .text.BOARD_InitBootClocks
                0x00006682        0xc ./board/clock_config.o
                0x00006682                BOARD_InitBootClocks
 .text.CLOCK_EnableClock
                0x0000668e       0x34 ./board/pin_mux.o
 .text.PORT_SetPinMux
                0x000066c2       0x3a ./board/pin_mux.o
 .text.BOARD_InitBootPins
                0x000066fc        0xc ./board/pin_mux.o
                0x000066fc                BOARD_InitBootPins
 .text.__main   0x00006708        0xe C:/nxp/MCUXpressoIDE_25.6.136/ide/plugins/com.nxp.mcuxpresso.tools.win32_25.6.0.202501151204/tools/bin/../lib/gcc/arm-none-eabi/14.2.1/../../../../arm-none-eabi/lib/thumb/v7e-m+fp/hard\libcr_nohost_nf.a(_cr__main.o)
                0x00006708                __main
 .text.memcpy   0x00006716        0x4 C:/nxp/MCUXpressoIDE_25.6.136/ide/plugins/com.nxp.mcuxpresso.tools.win32_25.6.0.202501151204/tools/bin/../lib/gcc/arm-none-eabi/14.2.1/../../../../arm-none-eabi/lib/thumb/v7e-m+fp/hard\libcr_c.a(memcpy.o)
                0x00006716                memcpy
 .text.memset   0x0000671a        0x4 C:/nxp/MCUXpressoIDE_25.6.136/ide/plugins/com.nxp.mcuxpresso.tools.win32_25.6.0.202501151204/tools/bin/../lib/gcc/arm-none-eabi/14.2.1/../../../../arm-none-eabi/lib/thumb/v7e-m+fp/hard\libcr_c.a(memset.o)
                0x0000671a                memset
 .text.free     0x0000671e       0x30 C:/nxp/MCUXpressoIDE_25.6.136/ide/plugins/com.nxp.mcuxpresso.tools.win32_25.6.0.202501151204/tools/bin/../lib/gcc/arm-none-eabi/14.2.1/../../../../arm-none-eabi/lib/thumb/v7e-m+fp/hard\libcr_c.a(alloc.o)
                0x0000671e                free
 .text.setvbuf  0x0000674e       0x3e C:/nxp/MCUXpressoIDE_25.6.136/ide/plugins/com.nxp.mcuxpresso.tools.win32_25.6.0.202501151204/tools/bin/../lib/gcc/arm-none-eabi/14.2.1/../../../../arm-none-eabi/lib/thumb/v7e-m+fp/hard\libcr_c.a(setvbuf.o)
                0x0000674e                setvbuf
 .text.strlen   0x0000678c       0x4e C:/nxp/MCUXpressoIDE_25.6.136/ide/plugins/com.nxp.mcuxpresso.tools.win32_25.6.0.202501151204/tools/bin/../lib/gcc/arm-none-eabi/14.2.1/../../../../arm-none-eabi/lib/thumb/v7e-m+fp/hard\libcr_c.a(strlen.o)
                0x0000678c                strlen
 .text._fdopen  0x000067da       0x68 C:/nxp/MCUXpressoIDE_25.6.136/ide/plugins/com.nxp.mcuxpresso.tools.win32_25.6.0.202501151204/tools/bin/../lib/gcc/arm-none-eabi/14.2.1/../../../../arm-none-eabi/lib/thumb/v7e-m+fp/hard\libcr_c.a(_fdopen.o)
                0x000067da                _fdopen
 .text.fclose   0x00006842       0x58 C:/nxp/MCUXpressoIDE_25.6.136/ide/plugins/com.nxp.mcuxpresso.tools.win32_25.6.0.202501151204/tools/bin/../lib/gcc/arm-none-eabi/14.2.1/../../../../arm-none-eabi/lib/thumb/v7e-m+fp/hard\libcr_c.a(fclose.o)
                0x00006842                fclose
 .text.remove   0x0000689a       0x14 C:/nxp/MCUXpressoIDE_25.6.136/ide/plugins/com.nxp.mcuxpresso.tools.win32_25.6.0.202501151204/tools/bin/../lib/gcc/arm-none-eabi/14.2.1/../../../../arm-none-eabi/lib/thumb/v7e-m+fp/hard\libcr_c.a(remove.o)
                0x0000689a                remove
 .text._do_fflush
                0x000068ae       0x40 C:/nxp/MCUXpressoIDE_25.6.136/ide/plugins/com.nxp.mcuxpresso.tools.win32_25.6.0.202501151204/tools/bin/../lib/gcc/arm-none-eabi/14.2.1/../../../../arm-none-eabi/lib/thumb/v7e-m+fp/hard\libcr_c.a(_do_fflush.o)
                0x000068ae                _do_fflush
 .text._fflush  0x000068ee       0x52 C:/nxp/MCUXpressoIDE_25.6.136/ide/plugins/com.nxp.mcuxpresso.tools.win32_25.6.0.202501151204/tools/bin/../lib/gcc/arm-none-eabi/14.2.1/../../../../arm-none-eabi/lib/thumb/v7e-m+fp/hard\libcr_c.a(_fflush.o)
                0x000068ee                _fflush
 .text._deferredlazyseek
                0x00006940       0x40 C:/nxp/MCUXpressoIDE_25.6.136/ide/plugins/com.nxp.mcuxpresso.tools.win32_25.6.0.202501151204/tools/bin/../lib/gcc/arm-none-eabi/14.2.1/../../../../arm-none-eabi/lib/thumb/v7e-m+fp/hard\libcr_c.a(_deferredlazyseek.o)
                0x00006940                _deferredlazyseek
 .text.__aeabi_division_ldivmod
                0x00006980       0x26 C:/nxp/MCUXpressoIDE_25.6.136/ide/plugins/com.nxp.mcuxpresso.tools.win32_25.6.0.202501151204/tools/bin/../lib/gcc/arm-none-eabi/14.2.1/thumb/v7e-m+fp/hard\libcr_eabihelpers.a(division_64.o)
                0x00006980                __aeabi_ldivmod
 .text.__aeabi_division_uldivmod
                0x000069a6      0x174 C:/nxp/MCUXpressoIDE_25.6.136/ide/plugins/com.nxp.mcuxpresso.tools.win32_25.6.0.202501151204/tools/bin/../lib/gcc/arm-none-eabi/14.2.1/thumb/v7e-m+fp/hard\libcr_eabihelpers.a(division_64.o)
                0x000069a6                __aeabi_uldivmod
                0x000069aa                __bhs_ldivmod1
 .text.__aeabi_division_idiv0
                0x00006b1a        0x2 C:/nxp/MCUXpressoIDE_25.6.136/ide/plugins/com.nxp.mcuxpresso.tools.win32_25.6.0.202501151204/tools/bin/../lib/gcc/arm-none-eabi/14.2.1/thumb/v7e-m+fp/hard\libcr_eabihelpers.a(division_idiv0.o)
                0x00006b1a                __aeabi_idiv0
 .text.__aeabi_memcpy
                0x00006b1c       0x34 C:/nxp/MCUXpressoIDE_25.6.136/ide/plugins/com.nxp.mcuxpresso.tools.win32_25.6.0.202501151204/tools/bin/../lib/gcc/arm-none-eabi/14.2.1/thumb/v7e-m+fp/hard\libcr_eabihelpers.a(memcpy.o)
                0x00006b1c                __aeabi_memcpy
                0x00006b26                __aeabi_memcpy8
                0x00006b26                __aeabi_memcpy4
 .text.__aeabi_memset_lowlevel
                0x00006b50       0x32 C:/nxp/MCUXpressoIDE_25.6.136/ide/plugins/com.nxp.mcuxpresso.tools.win32_25.6.0.202501151204/tools/bin/../lib/gcc/arm-none-eabi/14.2.1/thumb/v7e-m+fp/hard\libcr_eabihelpers.a(memcpy.o)
                0x00006b50                __aeabi_lowlevel_memset
 .text.__sys_close
                0x00006b82        0x6 C:/nxp/MCUXpressoIDE_25.6.136/ide/plugins/com.nxp.mcuxpresso.tools.win32_25.6.0.202501151204/tools/bin/../lib/gcc/arm-none-eabi/14.2.1/../../../../arm-none-eabi/lib/thumb/v7e-m+fp/hard\libcr_nohost_nf.a(__sys_close.o)
                0x00006b82                __sys_close
 .text.__sys_flen
                0x00006b88        0x6 C:/nxp/MCUXpressoIDE_25.6.136/ide/plugins/com.nxp.mcuxpresso.tools.win32_25.6.0.202501151204/tools/bin/../lib/gcc/arm-none-eabi/14.2.1/../../../../arm-none-eabi/lib/thumb/v7e-m+fp/hard\libcr_nohost_nf.a(__sys_flen.o)
                0x00006b88                __sys_flen
 .text.__sys_istty
                0x00006b8e        0x6 C:/nxp/MCUXpressoIDE_25.6.136/ide/plugins/com.nxp.mcuxpresso.tools.win32_25.6.0.202501151204/tools/bin/../lib/gcc/arm-none-eabi/14.2.1/../../../../arm-none-eabi/lib/thumb/v7e-m+fp/hard\libcr_nohost_nf.a(__sys_istty.o)
                0x00006b8e                __sys_istty
 .text.__sys_remove
                0x00006b94        0x6 C:/nxp/MCUXpressoIDE_25.6.136/ide/plugins/com.nxp.mcuxpresso.tools.win32_25.6.0.202501151204/tools/bin/../lib/gcc/arm-none-eabi/14.2.1/../../../../arm-none-eabi/lib/thumb/v7e-m+fp/hard\libcr_nohost_nf.a(__sys_remove.o)
                0x00006b94                __sys_remove
 .text.__sys_seek
                0x00006b9a        0x6 C:/nxp/MCUXpressoIDE_25.6.136/ide/plugins/com.nxp.mcuxpresso.tools.win32_25.6.0.202501151204/tools/bin/../lib/gcc/arm-none-eabi/14.2.1/../../../../arm-none-eabi/lib/thumb/v7e-m+fp/hard\libcr_nohost_nf.a(__sys_seek.o)
                0x00006b9a                __sys_seek
 .text.__sys_tmpnam
                0x00006ba0        0x6 C:/nxp/MCUXpressoIDE_25.6.136/ide/plugins/com.nxp.mcuxpresso.tools.win32_25.6.0.202501151204/tools/bin/../lib/gcc/arm-none-eabi/14.2.1/../../../../arm-none-eabi/lib/thumb/v7e-m+fp/hard\libcr_nohost_nf.a(__sys_tmpnam.o)
                0x00006ba0                __sys_tmpnam
 .text.__sys_write
                0x00006ba6        0x4 C:/nxp/MCUXpressoIDE_25.6.136/ide/plugins/com.nxp.mcuxpresso.tools.win32_25.6.0.202501151204/tools/bin/../lib/gcc/arm-none-eabi/14.2.1/../../../../arm-none-eabi/lib/thumb/v7e-m+fp/hard\libcr_nohost_nf.a(__sys_write.o)
                0x00006ba6                __sys_write
 *(SORT_BY_ALIGNMENT(.rodata) SORT_BY_ALIGNMENT(.rodata.*) SORT_BY_ALIGNMENT(.constdata) SORT_BY_ALIGNMENT(.constdata.*))
 *fill*         0x00006baa        0x2 ff
 .rodata.__assertion_failed.str1.4
                0x00006bac     0x127f ./utilities/fsl_assert.o
                                 0x14 (size before relaxing)
 *fill*         0x00007e2b        0x1 ff
 .rodata.sbox   0x00007e2c      0x100 ./source/aes.o
 .rodata.rsbox  0x00007f2c      0x100 ./source/aes.o
 .rodata.Rcon   0x0000802c        0xb ./source/aes.o
 .rodata.main.str1.4
                0x00008037      0x2e3 ./source/app.o
 .rodata.encrypt_and_integrity_INIT.str1.4
                0x00008037       0xa7 ./source/security.o
 *fill*         0x00008037        0x1 ff
 .rodata        0x00008038       0x20 ./source/security.o
 .rodata.encrypt_and_integrity_send.str1.4
                0x00008058       0xb3 ./source/security.o
 .rodata.encrypt_and_integrity_ENET_TX.str1.4
                0x00008058       0x40 ./source/security.o
 .rodata.encrypt_and_integrity_receive.str1.4
                0x00008058       0x12 ./source/security.o
 .rodata.encrypt_and_integrity_decrypt.str1.4
                0x00008058       0x2f ./source/security.o
 .rodata.phyksz8081_ops
                0x00008058       0x20 ./phy/fsl_phyksz8081.o
                0x00008058                phyksz8081_ops
 .rodata.PHY_KSZ8081_Init.str1.4
                0x00008078       0x37 ./phy/fsl_phyksz8081.o
 .rodata.PHY_KSZ8081_GetAutoNegotiationStatus.str1.4
                0x00008078       0x1e ./phy/fsl_phyksz8081.o
 .rodata.PHY_KSZ8081_GetLinkStatus.str1.4
                0x00008078       0x1e ./phy/fsl_phyksz8081.o
 .rodata.PHY_KSZ8081_GetLinkSpeedDuplex.str1.4
                0x00008078       0x3e ./phy/fsl_phyksz8081.o
 .rodata.PHY_KSZ8081_SetLinkSpeedDuplex.str1.4
                0x00008078       0x2f ./phy/fsl_phyksz8081.o
 .rodata.PHY_KSZ8081_EnableLoopback.str1.4
                0x00008078       0x8f ./phy/fsl_phyksz8081.o
 .rodata.enet_ops
                0x00008078       0x14 ./mdio/fsl_enet_mdio.o
                0x00008078                enet_ops
 .rodata.ENET_MDIO_Read.str1.4
                0x0000808c       0x25 ./mdio/fsl_enet_mdio.o
 .rodata.CLOCK_GetMcgExtClkFreq.str1.4
                0x0000808c       0x49 ./drivers/fsl_clock.o
 .rodata.CLOCK_GetOsc0ErClkFreq.str1.4
                0x0000808c       0x1e ./drivers/fsl_clock.o
 .rodata.CLOCK_GetEr32kClkFreq.str1.4
                0x0000808c       0x1f ./drivers/fsl_clock.o
 .rodata.CLOCK_GetPll0Freq.str1.4
                0x0000808c       0x1d ./drivers/fsl_clock.o
 .rodata.CLOCK_EnablePll0.str1.4
                0x0000808c       0x1a ./drivers/fsl_clock.o
 .rodata.CLOCK_SetPbeMode.str1.4
                0x0000808c       0x1a ./drivers/fsl_clock.o
 .rodata.CLOCK_BootToPeeMode.str1.4
                0x0000808c       0x1a ./drivers/fsl_clock.o
 .rodata.fllFactorTable.1
                0x0000808c       0x10 ./drivers/fsl_clock.o
 .rodata.s_enetClock
                0x0000809c        0x4 ./drivers/fsl_enet.o
                0x0000809c                s_enetClock
 .rodata.ENET_GetInstance.str1.4
                0x000080a0       0x34 ./drivers/fsl_enet.o
 .rodata.ENET_GetDefaultConfig.str1.4
                0x000080a0       0x20 ./drivers/fsl_enet.o
 .rodata.ENET_Up.str1.4
                0x000080a0       0xe0 ./drivers/fsl_enet.o
 .rodata.ENET_SetHandler.str1.4
                0x000080a0       0x58 ./drivers/fsl_enet.o
 .rodata.ENET_SetTxBufferDescriptors.str1.4
                0x000080a0       0x46 ./drivers/fsl_enet.o
 .rodata.ENET_SetRxBufferDescriptors.str1.4
                0x000080a0       0x8c ./drivers/fsl_enet.o
 .rodata.ENET_RxBufferAllocAll.str1.4
                0x000080a0       0x6b ./drivers/fsl_enet.o
 .rodata.ENET_RxBufferFreeAll.str1.4
                0x000080a0       0x67 ./drivers/fsl_enet.o
 .rodata.ENET_ActiveReadRing.str1.4
                0x000080a0       0x64 ./drivers/fsl_enet.o
 .rodata.ENET_ActiveSendRing.str1.4
                0x000080a0       0x4b ./drivers/fsl_enet.o
 .rodata.ENET_SetSMI.str1.4
                0x000080a0       0x45 ./drivers/fsl_enet.o
 .rodata.ENET_IncreaseIndex.str1.4
                0x000080a0       0x1e ./drivers/fsl_enet.o
 .rodata.ENET_GetRxErrBeforeReadFrame.str1.4
                0x000080a0       0x87 ./drivers/fsl_enet.o
 .rodata.ENET_GetRxFrameSize.str1.4
                0x000080a0       0x83 ./drivers/fsl_enet.o
 .rodata.ENET_ReadFrame.str1.4
                0x000080a0       0x6f ./drivers/fsl_enet.o
 .rodata.ENET_UpdateReadBuffers.str1.4
                0x000080a0       0x6f ./drivers/fsl_enet.o
 .rodata.ENET_SendFrame.str1.4
                0x000080a0       0x8f ./drivers/fsl_enet.o
 .rodata.ENET_ReclaimTxDescriptor.str1.4
                0x000080a0       0x4b ./drivers/fsl_enet.o
 .rodata.ENET_TransmitIRQHandler.str1.4
                0x000080a0       0x21 ./drivers/fsl_enet.o
 .rodata.ENET_ReceiveIRQHandler.str1.4
                0x000080a0       0x21 ./drivers/fsl_enet.o
 .rodata.ENET_ErrorIRQHandler.str1.4
                0x000080a0       0x21 ./drivers/fsl_enet.o
 .rodata.s_uartBases
                0x000080a0       0x18 ./drivers/fsl_uart.o
 .rodata.s_uartClock
                0x000080b8       0x18 ./drivers/fsl_uart.o
 .rodata.UART_GetInstance.str1.4
                0x000080d0       0x2b ./drivers/fsl_uart.o
 .rodata.UART_Init.str1.4
                0x000080d0       0xfb ./drivers/fsl_uart.o
 .rodata.UART_GetDefaultConfig.str1.4
                0x000080d0       0x20 ./drivers/fsl_uart.o
 .rodata.UART_ReadBlocking.str1.4
                0x000080d0       0x1e ./drivers/fsl_uart.o
 .rodata.s_UartAdapterBase
                0x000080d0       0x18 ./component/uart/fsl_adapter_uart.o
 .rodata.HAL_UartInit.str1.4
                0x000080e8       0xdd ./component/uart/fsl_adapter_uart.o
 .rodata.HAL_UartReceiveBlocking.str1.4
                0x000080e8       0x60 ./component/uart/fsl_adapter_uart.o
 .rodata.HAL_UartSendBlocking.str1.4
                0x000080e8       0x60 ./component/uart/fsl_adapter_uart.o
 .rodata.mcgConfig_BOARD_BootClockRUN
                0x000080e8        0xb ./board/clock_config.o
                0x000080e8                mcgConfig_BOARD_BootClockRUN
 *fill*         0x000080f3        0x1 ff
 .rodata.simConfig_BOARD_BootClockRUN
                0x000080f4        0x8 ./board/clock_config.o
                0x000080f4                simConfig_BOARD_BootClockRUN
 .rodata.oscConfig_BOARD_BootClockRUN
                0x000080fc        0x8 ./board/clock_config.o
                0x000080fc                oscConfig_BOARD_BootClockRUN
 .rodata.PORT_SetPinConfig.str1.4
                0x00008104       0x7f ./board/pin_mux.o
 .rodata.__num_Ciob_streams
                0x00008104        0x4 C:/nxp/MCUXpressoIDE_25.6.136/ide/plugins/com.nxp.mcuxpresso.tools.win32_25.6.0.202501151204/tools/bin/../lib/gcc/arm-none-eabi/14.2.1/../../../../arm-none-eabi/lib/thumb/v7e-m+fp/hard\libcr_nohost_nf.a(__ciob.o)
                0x00008104                __num_Ciob_streams
 .rodata._initio.str1.1
                0x00008108        0x4 C:/nxp/MCUXpressoIDE_25.6.136/ide/plugins/com.nxp.mcuxpresso.tools.win32_25.6.0.202501151204/tools/bin/../lib/gcc/arm-none-eabi/14.2.1/../../../../arm-none-eabi/lib/thumb/v7e-m+fp/hard\libcr_c.a(initio.o)
                0x00008188                        . = ALIGN (0x8)
 *fill*         0x0000810c        0x4 ff

.glue_7         0x00008110        0x0
 .glue_7        0x00008110        0x0 linker stubs

.glue_7t        0x00008110        0x0
 .glue_7t       0x00008110        0x0 linker stubs

.vfp11_veneer   0x00008110        0x0
 .vfp11_veneer  0x00008110        0x0 linker stubs

.v4_bx          0x00008110        0x0
 .v4_bx         0x00008110        0x0 linker stubs

.iplt           0x00008110        0x0
 .iplt          0x00008110        0x0 ./utilities/fsl_assert.o

.rel.dyn        0x00008110        0x0
 .rel.iplt      0x00008110        0x0 ./utilities/fsl_assert.o

.ARM.extab
 *(SORT_BY_ALIGNMENT(.ARM.extab*) SORT_BY_ALIGNMENT(.gnu.linkonce.armextab.*))

.ARM.exidx      0x00008110        0x0
                0x00008110                        __exidx_start = .
 *(SORT_BY_ALIGNMENT(.ARM.exidx*) SORT_BY_ALIGNMENT(.gnu.linkonce.armexidx.*))
                0x00008110                        __exidx_end = .
                0x00008110                        _etext = .

.m_usb_data
 *(SORT_BY_ALIGNMENT(m_usb_bdt))

.data_RAM2      0x1fff0000        0x0 load address 0x00008110
 FILL mask 0xff
                [!provide]                        PROVIDE (__start_data_RAM2 = .)
                [!provide]                        PROVIDE (__start_data_SRAM_LOWER = .)
 *(SORT_BY_ALIGNMENT(.ramfunc.$RAM2))
 *(SORT_BY_ALIGNMENT(.ramfunc.$SRAM_LOWER))
 *(SORT_BY_ALIGNMENT(.data.$RAM2))
 *(SORT_BY_ALIGNMENT(.data.$SRAM_LOWER))
 *(SORT_BY_ALIGNMENT(.data.$RAM2.*))
 *(SORT_BY_ALIGNMENT(.data.$SRAM_LOWER.*))
                0x1fff0000                        . = ALIGN (0x8)
                [!provide]                        PROVIDE (__end_data_RAM2 = .)
                [!provide]                        PROVIDE (__end_data_SRAM_LOWER = .)

.data_RAM3      0x14000000        0x0 load address 0x00008110
 FILL mask 0xff
                [!provide]                        PROVIDE (__start_data_RAM3 = .)
                [!provide]                        PROVIDE (__start_data_FLEX_RAM = .)
 *(SORT_BY_ALIGNMENT(.ramfunc.$RAM3))
 *(SORT_BY_ALIGNMENT(.ramfunc.$FLEX_RAM))
 *(SORT_BY_ALIGNMENT(.data.$RAM3))
 *(SORT_BY_ALIGNMENT(.data.$FLEX_RAM))
 *(SORT_BY_ALIGNMENT(.data.$RAM3.*))
 *(SORT_BY_ALIGNMENT(.data.$FLEX_RAM.*))
                0x14000000                        . = ALIGN (0x8)
                [!provide]                        PROVIDE (__end_data_RAM3 = .)
                [!provide]                        PROVIDE (__end_data_FLEX_RAM = .)

.uninit_RESERVED
                0x20000000        0x0
                0x20000000                        _start_uninit_RESERVED = .
 *(SORT_BY_ALIGNMENT(.bss.$RESERVED*))
                0x20000000                        . = ALIGN (0x8)
                0x20000000                        _end_uninit_RESERVED = .

.data           0x20000000       0x30 load address 0x00008110
 FILL mask 0xff
                0x20000000                        _data = .
                [!provide]                        PROVIDE (__start_data_RAM = .)
                [!provide]                        PROVIDE (__start_data_SRAM_UPPER = .)
 *(SORT_BY_ALIGNMENT(vtable))
 *(SORT_BY_ALIGNMENT(.ramfunc*))
 *(SORT_BY_ALIGNMENT(CodeQuickAccess))
 *(SORT_BY_ALIGNMENT(DataQuickAccess))
 *(SORT_BY_ALIGNMENT(RamFunction))
 *(SORT_BY_ALIGNMENT(.data*))
 .data.g_macAddr
                0x20000000        0x6 ./source/security.o
                0x20000000                g_macAddr
 *fill*         0x20000006        0x2 ff
 .data.mdioHandle
                0x20000008        0xc ./source/security.o
 .data.phyHandle
                0x20000014        0xc ./source/security.o
 .data.s_slowIrcFreq
                0x20000020        0x4 ./drivers/fsl_clock.o
 .data.s_fastIrcFreq
                0x20000024        0x4 ./drivers/fsl_clock.o
 .data.SystemCoreClock
                0x20000028        0x4 ./device/system_MK64F12.o
                0x20000028                SystemCoreClock
                0x20000030                        . = ALIGN (0x8)
 *fill*         0x2000002c        0x4 ff
                0x20000030                        _edata = .
                [!provide]                        PROVIDE (__end_data_RAM = .)
                [!provide]                        PROVIDE (__end_data_SRAM_UPPER = .)

.igot.plt       0x20000030        0x0 load address 0x00008140
 .igot.plt      0x20000030        0x0 ./utilities/fsl_assert.o

.bss_RAM2       0x1fff0000        0x0
                [!provide]                        PROVIDE (__start_bss_RAM2 = .)
                [!provide]                        PROVIDE (__start_bss_SRAM_LOWER = .)
 *(SORT_BY_ALIGNMENT(.bss.$RAM2))
 *(SORT_BY_ALIGNMENT(.bss.$SRAM_LOWER))
 *(SORT_BY_ALIGNMENT(.bss.$RAM2.*))
 *(SORT_BY_ALIGNMENT(.bss.$SRAM_LOWER.*))
                0x1fff0000                        . = ALIGN ((. != 0x0)?0x8:0x1)
                [!provide]                        PROVIDE (__end_bss_RAM2 = .)
                [!provide]                        PROVIDE (__end_bss_SRAM_LOWER = .)

.bss_RAM3       0x14000000        0x0
                [!provide]                        PROVIDE (__start_bss_RAM3 = .)
                [!provide]                        PROVIDE (__start_bss_FLEX_RAM = .)
 *(SORT_BY_ALIGNMENT(.bss.$RAM3))
 *(SORT_BY_ALIGNMENT(.bss.$FLEX_RAM))
 *(SORT_BY_ALIGNMENT(.bss.$RAM3.*))
 *(SORT_BY_ALIGNMENT(.bss.$FLEX_RAM.*))
                0x14000000                        . = ALIGN ((. != 0x0)?0x8:0x1)
                [!provide]                        PROVIDE (__end_bss_RAM3 = .)
                [!provide]                        PROVIDE (__end_bss_FLEX_RAM = .)

.bss            0x20000030     0x3158
                0x20000030                        _bss = .
                [!provide]                        PROVIDE (__start_bss_RAM = .)
                [!provide]                        PROVIDE (__start_bss_SRAM_UPPER = .)
 *(SORT_BY_ALIGNMENT(.bss*))
 .bss.g_rxBuffDescrip
                0x20000030       0x20 ./source/security.o
                0x20000030                g_rxBuffDescrip
 .bss.g_txBuffDescrip
                0x20000050       0x20 ./source/security.o
                0x20000050                g_txBuffDescrip
 .bss.g_rxDataBuff
                0x20000070     0x17c0 ./source/security.o
                0x20000070                g_rxDataBuff
 .bss.g_txDataBuff
                0x20001830     0x17c0 ./source/security.o
                0x20001830                g_txDataBuff
 .bss.s_debugConsole
                0x20002ff0       0x14 ./utilities/fsl_debug_console.o
 .bss.g_handle  0x20003004       0x84 ./source/security.o
                0x20003004                g_handle
 .bss.g_xtal0Freq
                0x20003088        0x4 ./drivers/fsl_clock.o
                0x20003088                g_xtal0Freq
 .bss.g_xtal32Freq
                0x2000308c        0x4 ./drivers/fsl_clock.o
                0x2000308c                g_xtal32Freq
 .bss.s_ENETHandle
                0x20003090        0x4 ./drivers/fsl_enet.o
 .bss.s_enetTxIsr
                0x20003094        0x4 ./drivers/fsl_enet.o
 .bss.s_enetRxIsr
                0x20003098        0x4 ./drivers/fsl_enet.o
 .bss.s_enetErrIsr
                0x2000309c        0x4 ./drivers/fsl_enet.o
 .bss.s_enet1588TimerIsr
                0x200030a0        0x4 ./drivers/fsl_enet.o
 .bss.s_uartHandle
                0x200030a4       0x18 ./drivers/fsl_uart.o
                0x200030a4                s_uartHandle
 .bss.s_uartIsr
                0x200030bc        0x4 ./drivers/fsl_uart.o
                0x200030bc                s_uartIsr
 .bss.__end_of_heap
                0x200030c0        0x4 C:/nxp/MCUXpressoIDE_25.6.136/ide/plugins/com.nxp.mcuxpresso.tools.win32_25.6.0.202501151204/tools/bin/../lib/gcc/arm-none-eabi/14.2.1/../../../../arm-none-eabi/lib/thumb/v7e-m+fp/hard\libcr_c.a(__init_alloc.o)
                0x200030c0                __end_of_heap
 .bss.__heaps   0x200030c4        0x4 C:/nxp/MCUXpressoIDE_25.6.136/ide/plugins/com.nxp.mcuxpresso.tools.win32_25.6.0.202501151204/tools/bin/../lib/gcc/arm-none-eabi/14.2.1/../../../../arm-none-eabi/lib/thumb/v7e-m+fp/hard\libcr_c.a(__init_alloc.o)
                0x200030c4                __heaps
 .bss.errno     0x200030c8        0x4 C:/nxp/MCUXpressoIDE_25.6.136/ide/plugins/com.nxp.mcuxpresso.tools.win32_25.6.0.202501151204/tools/bin/../lib/gcc/arm-none-eabi/14.2.1/../../../../arm-none-eabi/lib/thumb/v7e-m+fp/hard\libcr_c.a(errno.o)
                0x200030c8                errno
 .bss.__Ciob    0x200030cc       0xb4 C:/nxp/MCUXpressoIDE_25.6.136/ide/plugins/com.nxp.mcuxpresso.tools.win32_25.6.0.202501151204/tools/bin/../lib/gcc/arm-none-eabi/14.2.1/../../../../arm-none-eabi/lib/thumb/v7e-m+fp/hard\libcr_nohost_nf.a(__ciob.o)
                0x200030cc                __Ciob
 .bss.link      0x20003180        0x1 ./source/security.o
                0x20003180                link
 .bss.autonego  0x20003181        0x1 ./source/security.o
                0x20003181                autonego
 .bss.speed     0x20003182        0x1 ./source/security.o
                0x20003182                speed
 .bss.duplex    0x20003183        0x1 ./source/security.o
                0x20003183                duplex
 *(SORT_BY_ALIGNMENT(COMMON))
                0x20003188                        . = ALIGN (0x8)
 *fill*         0x20003184        0x4 
                0x20003188                        _ebss = .
                [!provide]                        PROVIDE (__end_bss_RAM = .)
                [!provide]                        PROVIDE (__end_bss_SRAM_UPPER = .)
                [!provide]                        PROVIDE (end = .)

.noinit_RAM2    0x1fff0000        0x0
                [!provide]                        PROVIDE (__start_noinit_RAM2 = .)
                [!provide]                        PROVIDE (__start_noinit_SRAM_LOWER = .)
 *(SORT_BY_ALIGNMENT(.noinit.$RAM2))
 *(SORT_BY_ALIGNMENT(.noinit.$SRAM_LOWER))
 *(SORT_BY_ALIGNMENT(.noinit.$RAM2.*))
 *(SORT_BY_ALIGNMENT(.noinit.$SRAM_LOWER.*))
                0x1fff0000                        . = ALIGN (0x8)
                [!provide]                        PROVIDE (__end_noinit_RAM2 = .)
                [!provide]                        PROVIDE (__end_noinit_SRAM_LOWER = .)

.noinit_RAM3    0x14000000        0x0
                [!provide]                        PROVIDE (__start_noinit_RAM3 = .)
                [!provide]                        PROVIDE (__start_noinit_FLEX_RAM = .)
 *(SORT_BY_ALIGNMENT(.noinit.$RAM3))
 *(SORT_BY_ALIGNMENT(.noinit.$FLEX_RAM))
 *(SORT_BY_ALIGNMENT(.noinit.$RAM3.*))
 *(SORT_BY_ALIGNMENT(.noinit.$FLEX_RAM.*))
                0x14000000                        . = ALIGN (0x8)
                [!provide]                        PROVIDE (__end_noinit_RAM3 = .)
                [!provide]                        PROVIDE (__end_noinit_FLEX_RAM = .)

.noinit         0x20003188        0x0
                0x20003188                        _noinit = .
                [!provide]                        PROVIDE (__start_noinit_RAM = .)
                [!provide]                        PROVIDE (__start_noinit_SRAM_UPPER = .)
 *(SORT_BY_ALIGNMENT(.noinit*))
                0x20003188                        . = ALIGN (0x8)
                0x20003188                        _end_noinit = .
                [!provide]                        PROVIDE (__end_noinit_RAM = .)
                [!provide]                        PROVIDE (__end_noinit_SRAM_UPPER = .)
                0x00001000                        _HeapSize = 0x1000

.heap           0x20003188     0x1000
                0x20003188                        _pvHeapStart = .
                0x20004188                        . = (. + _HeapSize)
 *fill*         0x20003188     0x1000 
                0x20004188                        . = ALIGN (0x8)
                0x20004188                        _pvHeapLimit = .
                0x00001000                        _StackSize = 0x1000

.heap2stackfill
                0x20004188     0x1000
                0x20005188                        . = (. + _StackSize)
 *fill*         0x20004188     0x1000 

.stack          0x2002f000        0x0
                0x2002f000                        _vStackBase = .
                0x2002f000                        . = ALIGN (0x8)
                0x20030000                        _vStackTop = (. + _StackSize)
                0x00000000                        _image_start = LOADADDR (.text)
                0x00008140                        _image_end = (LOADADDR (.data) + SIZEOF (.data))
                0x00008140                        _image_size = (_image_end - _image_start)
OUTPUT(EthernetPractica1_enet_txrx_transfer.axf elf32-littlearm)
LOAD linker stubs

.debug_info     0x00000000    0x131f1
 .debug_info    0x00000000       0xc5 ./utilities/fsl_assert.o
 .debug_info    0x000000c5      0xe03 ./utilities/fsl_debug_console.o
 .debug_info    0x00000ec8      0xd01 ./startup/startup_mk64f12.o
 .debug_info    0x00001bc9      0x7ba ./source/aes.o
 .debug_info    0x00002383      0x22b ./source/app.o
 .debug_info    0x000025ae     0x1f4d ./source/security.o
 .debug_info    0x000044fb       0x3c ./source/semihost_hardfault.o
 .debug_info    0x00004537      0xb73 ./phy/fsl_phyksz8081.o
 .debug_info    0x000050aa     0x118e ./mdio/fsl_enet_mdio.o
 .debug_info    0x00006238     0x21e2 ./drivers/fsl_clock.o
 .debug_info    0x0000841a     0x39a0 ./drivers/fsl_enet.o
 .debug_info    0x0000bdba     0x1fcf ./drivers/fsl_uart.o
 .debug_info    0x0000dd89      0x649 ./device/system_MK64F12.o
 .debug_info    0x0000e3d2      0xb37 ./component/uart/fsl_adapter_uart.o
 .debug_info    0x0000ef09      0x11f ./board/board.o
 .debug_info    0x0000f028      0xcba ./board/clock_config.o
 .debug_info    0x0000fce2      0x812 ./board/pin_mux.o
 .debug_info    0x000104f4       0x85 C:/nxp/MCUXpressoIDE_25.6.136/ide/plugins/com.nxp.mcuxpresso.tools.win32_25.6.0.202501151204/tools/bin/../lib/gcc/arm-none-eabi/14.2.1/../../../../arm-none-eabi/lib/thumb/v7e-m+fp/hard\libcr_nohost_nf.a(_cr__main.o)
 .debug_info    0x00010579      0x12b C:/nxp/MCUXpressoIDE_25.6.136/ide/plugins/com.nxp.mcuxpresso.tools.win32_25.6.0.202501151204/tools/bin/../lib/gcc/arm-none-eabi/14.2.1/../../../../arm-none-eabi/lib/thumb/v7e-m+fp/hard\libcr_c.a(memcpy.o)
 .debug_info    0x000106a4       0xfc C:/nxp/MCUXpressoIDE_25.6.136/ide/plugins/com.nxp.mcuxpresso.tools.win32_25.6.0.202501151204/tools/bin/../lib/gcc/arm-none-eabi/14.2.1/../../../../arm-none-eabi/lib/thumb/v7e-m+fp/hard\libcr_c.a(memset.o)
 .debug_info    0x000107a0      0x520 C:/nxp/MCUXpressoIDE_25.6.136/ide/plugins/com.nxp.mcuxpresso.tools.win32_25.6.0.202501151204/tools/bin/../lib/gcc/arm-none-eabi/14.2.1/../../../../arm-none-eabi/lib/thumb/v7e-m+fp/hard\libcr_c.a(alloc.o)
 .debug_info    0x00010cc0      0x339 C:/nxp/MCUXpressoIDE_25.6.136/ide/plugins/com.nxp.mcuxpresso.tools.win32_25.6.0.202501151204/tools/bin/../lib/gcc/arm-none-eabi/14.2.1/../../../../arm-none-eabi/lib/thumb/v7e-m+fp/hard\libcr_c.a(initio.o)
 .debug_info    0x00010ff9      0x1fd C:/nxp/MCUXpressoIDE_25.6.136/ide/plugins/com.nxp.mcuxpresso.tools.win32_25.6.0.202501151204/tools/bin/../lib/gcc/arm-none-eabi/14.2.1/../../../../arm-none-eabi/lib/thumb/v7e-m+fp/hard\libcr_c.a(setvbuf.o)
 .debug_info    0x000111f6       0xe1 C:/nxp/MCUXpressoIDE_25.6.136/ide/plugins/com.nxp.mcuxpresso.tools.win32_25.6.0.202501151204/tools/bin/../lib/gcc/arm-none-eabi/14.2.1/../../../../arm-none-eabi/lib/thumb/v7e-m+fp/hard\libcr_c.a(strlen.o)
 .debug_info    0x000112d7       0xd4 C:/nxp/MCUXpressoIDE_25.6.136/ide/plugins/com.nxp.mcuxpresso.tools.win32_25.6.0.202501151204/tools/bin/../lib/gcc/arm-none-eabi/14.2.1/../../../../arm-none-eabi/lib/thumb/v7e-m+fp/hard\libcr_c.a(__init_alloc.o)
 .debug_info    0x000113ab      0x107 C:/nxp/MCUXpressoIDE_25.6.136/ide/plugins/com.nxp.mcuxpresso.tools.win32_25.6.0.202501151204/tools/bin/../lib/gcc/arm-none-eabi/14.2.1/../../../../arm-none-eabi/lib/thumb/v7e-m+fp/hard\libcr_c.a(_cr_sbrk.o)
 .debug_info    0x000114b2      0x24b C:/nxp/MCUXpressoIDE_25.6.136/ide/plugins/com.nxp.mcuxpresso.tools.win32_25.6.0.202501151204/tools/bin/../lib/gcc/arm-none-eabi/14.2.1/../../../../arm-none-eabi/lib/thumb/v7e-m+fp/hard\libcr_c.a(_fdopen.o)
 .debug_info    0x000116fd       0x44 C:/nxp/MCUXpressoIDE_25.6.136/ide/plugins/com.nxp.mcuxpresso.tools.win32_25.6.0.202501151204/tools/bin/../lib/gcc/arm-none-eabi/14.2.1/../../../../arm-none-eabi/lib/thumb/v7e-m+fp/hard\libcr_c.a(errno.o)
 .debug_info    0x00011741      0x31e C:/nxp/MCUXpressoIDE_25.6.136/ide/plugins/com.nxp.mcuxpresso.tools.win32_25.6.0.202501151204/tools/bin/../lib/gcc/arm-none-eabi/14.2.1/../../../../arm-none-eabi/lib/thumb/v7e-m+fp/hard\libcr_c.a(fclose.o)
 .debug_info    0x00011a5f      0x209 C:/nxp/MCUXpressoIDE_25.6.136/ide/plugins/com.nxp.mcuxpresso.tools.win32_25.6.0.202501151204/tools/bin/../lib/gcc/arm-none-eabi/14.2.1/../../../../arm-none-eabi/lib/thumb/v7e-m+fp/hard\libcr_c.a(fflush.o)
 .debug_info    0x00011c68      0x276 C:/nxp/MCUXpressoIDE_25.6.136/ide/plugins/com.nxp.mcuxpresso.tools.win32_25.6.0.202501151204/tools/bin/../lib/gcc/arm-none-eabi/14.2.1/../../../../arm-none-eabi/lib/thumb/v7e-m+fp/hard\libcr_c.a(fseek.o)
 .debug_info    0x00011ede      0x197 C:/nxp/MCUXpressoIDE_25.6.136/ide/plugins/com.nxp.mcuxpresso.tools.win32_25.6.0.202501151204/tools/bin/../lib/gcc/arm-none-eabi/14.2.1/../../../../arm-none-eabi/lib/thumb/v7e-m+fp/hard\libcr_c.a(ftell.o)
 .debug_info    0x00012075      0x1d7 C:/nxp/MCUXpressoIDE_25.6.136/ide/plugins/com.nxp.mcuxpresso.tools.win32_25.6.0.202501151204/tools/bin/../lib/gcc/arm-none-eabi/14.2.1/../../../../arm-none-eabi/lib/thumb/v7e-m+fp/hard\libcr_c.a(remove.o)
 .debug_info    0x0001224c       0x78 C:/nxp/MCUXpressoIDE_25.6.136/ide/plugins/com.nxp.mcuxpresso.tools.win32_25.6.0.202501151204/tools/bin/../lib/gcc/arm-none-eabi/14.2.1/../../../../arm-none-eabi/lib/thumb/v7e-m+fp/hard\libcr_c.a(_cr_check_heap.o)
 .debug_info    0x000122c4      0x23a C:/nxp/MCUXpressoIDE_25.6.136/ide/plugins/com.nxp.mcuxpresso.tools.win32_25.6.0.202501151204/tools/bin/../lib/gcc/arm-none-eabi/14.2.1/../../../../arm-none-eabi/lib/thumb/v7e-m+fp/hard\libcr_c.a(_do_fflush.o)
 .debug_info    0x000124fe      0x1e3 C:/nxp/MCUXpressoIDE_25.6.136/ide/plugins/com.nxp.mcuxpresso.tools.win32_25.6.0.202501151204/tools/bin/../lib/gcc/arm-none-eabi/14.2.1/../../../../arm-none-eabi/lib/thumb/v7e-m+fp/hard\libcr_c.a(_fflush.o)
 .debug_info    0x000126e1      0x289 C:/nxp/MCUXpressoIDE_25.6.136/ide/plugins/com.nxp.mcuxpresso.tools.win32_25.6.0.202501151204/tools/bin/../lib/gcc/arm-none-eabi/14.2.1/../../../../arm-none-eabi/lib/thumb/v7e-m+fp/hard\libcr_c.a(_writebuf.o)
 .debug_info    0x0001296a      0x396 C:/nxp/MCUXpressoIDE_25.6.136/ide/plugins/com.nxp.mcuxpresso.tools.win32_25.6.0.202501151204/tools/bin/../lib/gcc/arm-none-eabi/14.2.1/../../../../arm-none-eabi/lib/thumb/v7e-m+fp/hard\libcr_c.a(_deferredlazyseek.o)
 .debug_info    0x00012d00      0x18b C:/nxp/MCUXpressoIDE_25.6.136/ide/plugins/com.nxp.mcuxpresso.tools.win32_25.6.0.202501151204/tools/bin/../lib/gcc/arm-none-eabi/14.2.1/../../../../arm-none-eabi/lib/thumb/v7e-m+fp/hard\libcr_nohost_nf.a(__ciob.o)
 .debug_info    0x00012e8b       0x6a C:/nxp/MCUXpressoIDE_25.6.136/ide/plugins/com.nxp.mcuxpresso.tools.win32_25.6.0.202501151204/tools/bin/../lib/gcc/arm-none-eabi/14.2.1/../../../../arm-none-eabi/lib/thumb/v7e-m+fp/hard\libcr_nohost_nf.a(__sys_close.o)
 .debug_info    0x00012ef5       0x6a C:/nxp/MCUXpressoIDE_25.6.136/ide/plugins/com.nxp.mcuxpresso.tools.win32_25.6.0.202501151204/tools/bin/../lib/gcc/arm-none-eabi/14.2.1/../../../../arm-none-eabi/lib/thumb/v7e-m+fp/hard\libcr_nohost_nf.a(__sys_flen.o)
 .debug_info    0x00012f5f       0x6a C:/nxp/MCUXpressoIDE_25.6.136/ide/plugins/com.nxp.mcuxpresso.tools.win32_25.6.0.202501151204/tools/bin/../lib/gcc/arm-none-eabi/14.2.1/../../../../arm-none-eabi/lib/thumb/v7e-m+fp/hard\libcr_nohost_nf.a(__sys_istty.o)
 .debug_info    0x00012fc9       0x8a C:/nxp/MCUXpressoIDE_25.6.136/ide/plugins/com.nxp.mcuxpresso.tools.win32_25.6.0.202501151204/tools/bin/../lib/gcc/arm-none-eabi/14.2.1/../../../../arm-none-eabi/lib/thumb/v7e-m+fp/hard\libcr_nohost_nf.a(__sys_remove.o)
 .debug_info    0x00013053       0x78 C:/nxp/MCUXpressoIDE_25.6.136/ide/plugins/com.nxp.mcuxpresso.tools.win32_25.6.0.202501151204/tools/bin/../lib/gcc/arm-none-eabi/14.2.1/../../../../arm-none-eabi/lib/thumb/v7e-m+fp/hard\libcr_nohost_nf.a(__sys_seek.o)
 .debug_info    0x000130cb       0x93 C:/nxp/MCUXpressoIDE_25.6.136/ide/plugins/com.nxp.mcuxpresso.tools.win32_25.6.0.202501151204/tools/bin/../lib/gcc/arm-none-eabi/14.2.1/../../../../arm-none-eabi/lib/thumb/v7e-m+fp/hard\libcr_nohost_nf.a(__sys_tmpnam.o)
 .debug_info    0x0001315e       0x93 C:/nxp/MCUXpressoIDE_25.6.136/ide/plugins/com.nxp.mcuxpresso.tools.win32_25.6.0.202501151204/tools/bin/../lib/gcc/arm-none-eabi/14.2.1/../../../../arm-none-eabi/lib/thumb/v7e-m+fp/hard\libcr_nohost_nf.a(__sys_write.o)

.debug_abbrev   0x00000000     0x3c95
 .debug_abbrev  0x00000000       0x90 ./utilities/fsl_assert.o
 .debug_abbrev  0x00000090      0x285 ./utilities/fsl_debug_console.o
 .debug_abbrev  0x00000315      0x17a ./startup/startup_mk64f12.o
 .debug_abbrev  0x0000048f      0x1fc ./source/aes.o
 .debug_abbrev  0x0000068b      0x118 ./source/app.o
 .debug_abbrev  0x000007a3      0x368 ./source/security.o
 .debug_abbrev  0x00000b0b       0x31 ./source/semihost_hardfault.o
 .debug_abbrev  0x00000b3c      0x1c0 ./phy/fsl_phyksz8081.o
 .debug_abbrev  0x00000cfc      0x2b8 ./mdio/fsl_enet_mdio.o
 .debug_abbrev  0x00000fb4      0x378 ./drivers/fsl_clock.o
 .debug_abbrev  0x0000132c      0x428 ./drivers/fsl_enet.o
 .debug_abbrev  0x00001754      0x463 ./drivers/fsl_uart.o
 .debug_abbrev  0x00001bb7      0x148 ./device/system_MK64F12.o
 .debug_abbrev  0x00001cff      0x217 ./component/uart/fsl_adapter_uart.o
 .debug_abbrev  0x00001f16       0xb8 ./board/board.o
 .debug_abbrev  0x00001fce      0x247 ./board/clock_config.o
 .debug_abbrev  0x00002215      0x22e ./board/pin_mux.o
 .debug_abbrev  0x00002443       0x70 C:/nxp/MCUXpressoIDE_25.6.136/ide/plugins/com.nxp.mcuxpresso.tools.win32_25.6.0.202501151204/tools/bin/../lib/gcc/arm-none-eabi/14.2.1/../../../../arm-none-eabi/lib/thumb/v7e-m+fp/hard\libcr_nohost_nf.a(_cr__main.o)
 .debug_abbrev  0x000024b3       0xb6 C:/nxp/MCUXpressoIDE_25.6.136/ide/plugins/com.nxp.mcuxpresso.tools.win32_25.6.0.202501151204/tools/bin/../lib/gcc/arm-none-eabi/14.2.1/../../../../arm-none-eabi/lib/thumb/v7e-m+fp/hard\libcr_c.a(memcpy.o)
 .debug_abbrev  0x00002569       0xa8 C:/nxp/MCUXpressoIDE_25.6.136/ide/plugins/com.nxp.mcuxpresso.tools.win32_25.6.0.202501151204/tools/bin/../lib/gcc/arm-none-eabi/14.2.1/../../../../arm-none-eabi/lib/thumb/v7e-m+fp/hard\libcr_c.a(memset.o)
 .debug_abbrev  0x00002611      0x284 C:/nxp/MCUXpressoIDE_25.6.136/ide/plugins/com.nxp.mcuxpresso.tools.win32_25.6.0.202501151204/tools/bin/../lib/gcc/arm-none-eabi/14.2.1/../../../../arm-none-eabi/lib/thumb/v7e-m+fp/hard\libcr_c.a(alloc.o)
 .debug_abbrev  0x00002895      0x169 C:/nxp/MCUXpressoIDE_25.6.136/ide/plugins/com.nxp.mcuxpresso.tools.win32_25.6.0.202501151204/tools/bin/../lib/gcc/arm-none-eabi/14.2.1/../../../../arm-none-eabi/lib/thumb/v7e-m+fp/hard\libcr_c.a(initio.o)
 .debug_abbrev  0x000029fe       0xe1 C:/nxp/MCUXpressoIDE_25.6.136/ide/plugins/com.nxp.mcuxpresso.tools.win32_25.6.0.202501151204/tools/bin/../lib/gcc/arm-none-eabi/14.2.1/../../../../arm-none-eabi/lib/thumb/v7e-m+fp/hard\libcr_c.a(setvbuf.o)
 .debug_abbrev  0x00002adf       0xa7 C:/nxp/MCUXpressoIDE_25.6.136/ide/plugins/com.nxp.mcuxpresso.tools.win32_25.6.0.202501151204/tools/bin/../lib/gcc/arm-none-eabi/14.2.1/../../../../arm-none-eabi/lib/thumb/v7e-m+fp/hard\libcr_c.a(strlen.o)
 .debug_abbrev  0x00002b86       0xaf C:/nxp/MCUXpressoIDE_25.6.136/ide/plugins/com.nxp.mcuxpresso.tools.win32_25.6.0.202501151204/tools/bin/../lib/gcc/arm-none-eabi/14.2.1/../../../../arm-none-eabi/lib/thumb/v7e-m+fp/hard\libcr_c.a(__init_alloc.o)
 .debug_abbrev  0x00002c35       0xd3 C:/nxp/MCUXpressoIDE_25.6.136/ide/plugins/com.nxp.mcuxpresso.tools.win32_25.6.0.202501151204/tools/bin/../lib/gcc/arm-none-eabi/14.2.1/../../../../arm-none-eabi/lib/thumb/v7e-m+fp/hard\libcr_c.a(_cr_sbrk.o)
 .debug_abbrev  0x00002d08      0x119 C:/nxp/MCUXpressoIDE_25.6.136/ide/plugins/com.nxp.mcuxpresso.tools.win32_25.6.0.202501151204/tools/bin/../lib/gcc/arm-none-eabi/14.2.1/../../../../arm-none-eabi/lib/thumb/v7e-m+fp/hard\libcr_c.a(_fdopen.o)
 .debug_abbrev  0x00002e21       0x44 C:/nxp/MCUXpressoIDE_25.6.136/ide/plugins/com.nxp.mcuxpresso.tools.win32_25.6.0.202501151204/tools/bin/../lib/gcc/arm-none-eabi/14.2.1/../../../../arm-none-eabi/lib/thumb/v7e-m+fp/hard\libcr_c.a(errno.o)
 .debug_abbrev  0x00002e65      0x158 C:/nxp/MCUXpressoIDE_25.6.136/ide/plugins/com.nxp.mcuxpresso.tools.win32_25.6.0.202501151204/tools/bin/../lib/gcc/arm-none-eabi/14.2.1/../../../../arm-none-eabi/lib/thumb/v7e-m+fp/hard\libcr_c.a(fclose.o)
 .debug_abbrev  0x00002fbd      0x125 C:/nxp/MCUXpressoIDE_25.6.136/ide/plugins/com.nxp.mcuxpresso.tools.win32_25.6.0.202501151204/tools/bin/../lib/gcc/arm-none-eabi/14.2.1/../../../../arm-none-eabi/lib/thumb/v7e-m+fp/hard\libcr_c.a(fflush.o)
 .debug_abbrev  0x000030e2      0x11b C:/nxp/MCUXpressoIDE_25.6.136/ide/plugins/com.nxp.mcuxpresso.tools.win32_25.6.0.202501151204/tools/bin/../lib/gcc/arm-none-eabi/14.2.1/../../../../arm-none-eabi/lib/thumb/v7e-m+fp/hard\libcr_c.a(fseek.o)
 .debug_abbrev  0x000031fd       0xc2 C:/nxp/MCUXpressoIDE_25.6.136/ide/plugins/com.nxp.mcuxpresso.tools.win32_25.6.0.202501151204/tools/bin/../lib/gcc/arm-none-eabi/14.2.1/../../../../arm-none-eabi/lib/thumb/v7e-m+fp/hard\libcr_c.a(ftell.o)
 .debug_abbrev  0x000032bf       0xfb C:/nxp/MCUXpressoIDE_25.6.136/ide/plugins/com.nxp.mcuxpresso.tools.win32_25.6.0.202501151204/tools/bin/../lib/gcc/arm-none-eabi/14.2.1/../../../../arm-none-eabi/lib/thumb/v7e-m+fp/hard\libcr_c.a(remove.o)
 .debug_abbrev  0x000033ba       0x6b C:/nxp/MCUXpressoIDE_25.6.136/ide/plugins/com.nxp.mcuxpresso.tools.win32_25.6.0.202501151204/tools/bin/../lib/gcc/arm-none-eabi/14.2.1/../../../../arm-none-eabi/lib/thumb/v7e-m+fp/hard\libcr_c.a(_cr_check_heap.o)
 .debug_abbrev  0x00003425      0x12c C:/nxp/MCUXpressoIDE_25.6.136/ide/plugins/com.nxp.mcuxpresso.tools.win32_25.6.0.202501151204/tools/bin/../lib/gcc/arm-none-eabi/14.2.1/../../../../arm-none-eabi/lib/thumb/v7e-m+fp/hard\libcr_c.a(_do_fflush.o)
 .debug_abbrev  0x00003551       0xf1 C:/nxp/MCUXpressoIDE_25.6.136/ide/plugins/com.nxp.mcuxpresso.tools.win32_25.6.0.202501151204/tools/bin/../lib/gcc/arm-none-eabi/14.2.1/../../../../arm-none-eabi/lib/thumb/v7e-m+fp/hard\libcr_c.a(_fflush.o)
 .debug_abbrev  0x00003642      0x126 C:/nxp/MCUXpressoIDE_25.6.136/ide/plugins/com.nxp.mcuxpresso.tools.win32_25.6.0.202501151204/tools/bin/../lib/gcc/arm-none-eabi/14.2.1/../../../../arm-none-eabi/lib/thumb/v7e-m+fp/hard\libcr_c.a(_writebuf.o)
 .debug_abbrev  0x00003768      0x18e C:/nxp/MCUXpressoIDE_25.6.136/ide/plugins/com.nxp.mcuxpresso.tools.win32_25.6.0.202501151204/tools/bin/../lib/gcc/arm-none-eabi/14.2.1/../../../../arm-none-eabi/lib/thumb/v7e-m+fp/hard\libcr_c.a(_deferredlazyseek.o)
 .debug_abbrev  0x000038f6       0xb5 C:/nxp/MCUXpressoIDE_25.6.136/ide/plugins/com.nxp.mcuxpresso.tools.win32_25.6.0.202501151204/tools/bin/../lib/gcc/arm-none-eabi/14.2.1/../../../../arm-none-eabi/lib/thumb/v7e-m+fp/hard\libcr_nohost_nf.a(__ciob.o)
 .debug_abbrev  0x000039ab       0x5c C:/nxp/MCUXpressoIDE_25.6.136/ide/plugins/com.nxp.mcuxpresso.tools.win32_25.6.0.202501151204/tools/bin/../lib/gcc/arm-none-eabi/14.2.1/../../../../arm-none-eabi/lib/thumb/v7e-m+fp/hard\libcr_nohost_nf.a(__sys_close.o)
 .debug_abbrev  0x00003a07       0x5c C:/nxp/MCUXpressoIDE_25.6.136/ide/plugins/com.nxp.mcuxpresso.tools.win32_25.6.0.202501151204/tools/bin/../lib/gcc/arm-none-eabi/14.2.1/../../../../arm-none-eabi/lib/thumb/v7e-m+fp/hard\libcr_nohost_nf.a(__sys_flen.o)
 .debug_abbrev  0x00003a63       0x5c C:/nxp/MCUXpressoIDE_25.6.136/ide/plugins/com.nxp.mcuxpresso.tools.win32_25.6.0.202501151204/tools/bin/../lib/gcc/arm-none-eabi/14.2.1/../../../../arm-none-eabi/lib/thumb/v7e-m+fp/hard\libcr_nohost_nf.a(__sys_istty.o)
 .debug_abbrev  0x00003abf       0x7d C:/nxp/MCUXpressoIDE_25.6.136/ide/plugins/com.nxp.mcuxpresso.tools.win32_25.6.0.202501151204/tools/bin/../lib/gcc/arm-none-eabi/14.2.1/../../../../arm-none-eabi/lib/thumb/v7e-m+fp/hard\libcr_nohost_nf.a(__sys_remove.o)
 .debug_abbrev  0x00003b3c       0x6d C:/nxp/MCUXpressoIDE_25.6.136/ide/plugins/com.nxp.mcuxpresso.tools.win32_25.6.0.202501151204/tools/bin/../lib/gcc/arm-none-eabi/14.2.1/../../../../arm-none-eabi/lib/thumb/v7e-m+fp/hard\libcr_nohost_nf.a(__sys_seek.o)
 .debug_abbrev  0x00003ba9       0x76 C:/nxp/MCUXpressoIDE_25.6.136/ide/plugins/com.nxp.mcuxpresso.tools.win32_25.6.0.202501151204/tools/bin/../lib/gcc/arm-none-eabi/14.2.1/../../../../arm-none-eabi/lib/thumb/v7e-m+fp/hard\libcr_nohost_nf.a(__sys_tmpnam.o)
 .debug_abbrev  0x00003c1f       0x76 C:/nxp/MCUXpressoIDE_25.6.136/ide/plugins/com.nxp.mcuxpresso.tools.win32_25.6.0.202501151204/tools/bin/../lib/gcc/arm-none-eabi/14.2.1/../../../../arm-none-eabi/lib/thumb/v7e-m+fp/hard\libcr_nohost_nf.a(__sys_write.o)

.debug_aranges  0x00000000     0x10c8
 .debug_aranges
                0x00000000       0x20 ./utilities/fsl_assert.o
 .debug_aranges
                0x00000020       0x78 ./utilities/fsl_debug_console.o
 .debug_aranges
                0x00000098      0x330 ./startup/startup_mk64f12.o
 .debug_aranges
                0x000003c8       0xb8 ./source/aes.o
 .debug_aranges
                0x00000480       0x20 ./source/app.o
 .debug_aranges
                0x000004a0       0x70 ./source/security.o
 .debug_aranges
                0x00000510       0x20 ./source/semihost_hardfault.o
 .debug_aranges
                0x00000530       0x70 ./phy/fsl_phyksz8081.o
 .debug_aranges
                0x000005a0       0x58 ./mdio/fsl_enet_mdio.o
 .debug_aranges
                0x000005f8      0x1f8 ./drivers/fsl_clock.o
 .debug_aranges
                0x000007f0      0x220 ./drivers/fsl_enet.o
 .debug_aranges
                0x00000a10      0x1b8 ./drivers/fsl_uart.o
 .debug_aranges
                0x00000bc8       0x30 ./device/system_MK64F12.o
 .debug_aranges
                0x00000bf8       0x50 ./component/uart/fsl_adapter_uart.o
 .debug_aranges
                0x00000c48       0x20 ./board/board.o
 .debug_aranges
                0x00000c68       0x58 ./board/clock_config.o
 .debug_aranges
                0x00000cc0       0x40 ./board/pin_mux.o
 .debug_aranges
                0x00000d00       0x20 C:/nxp/MCUXpressoIDE_25.6.136/ide/plugins/com.nxp.mcuxpresso.tools.win32_25.6.0.202501151204/tools/bin/../lib/gcc/arm-none-eabi/14.2.1/../../../../arm-none-eabi/lib/thumb/v7e-m+fp/hard\libcr_nohost_nf.a(_cr__main.o)
 .debug_aranges
                0x00000d20       0x20 C:/nxp/MCUXpressoIDE_25.6.136/ide/plugins/com.nxp.mcuxpresso.tools.win32_25.6.0.202501151204/tools/bin/../lib/gcc/arm-none-eabi/14.2.1/../../../../arm-none-eabi/lib/thumb/v7e-m+fp/hard\libcr_c.a(memcpy.o)
 .debug_aranges
                0x00000d40       0x20 C:/nxp/MCUXpressoIDE_25.6.136/ide/plugins/com.nxp.mcuxpresso.tools.win32_25.6.0.202501151204/tools/bin/../lib/gcc/arm-none-eabi/14.2.1/../../../../arm-none-eabi/lib/thumb/v7e-m+fp/hard\libcr_c.a(memset.o)
 .debug_aranges
                0x00000d60       0x40 C:/nxp/MCUXpressoIDE_25.6.136/ide/plugins/com.nxp.mcuxpresso.tools.win32_25.6.0.202501151204/tools/bin/../lib/gcc/arm-none-eabi/14.2.1/../../../../arm-none-eabi/lib/thumb/v7e-m+fp/hard\libcr_c.a(alloc.o)
 .debug_aranges
                0x00000da0       0x28 C:/nxp/MCUXpressoIDE_25.6.136/ide/plugins/com.nxp.mcuxpresso.tools.win32_25.6.0.202501151204/tools/bin/../lib/gcc/arm-none-eabi/14.2.1/../../../../arm-none-eabi/lib/thumb/v7e-m+fp/hard\libcr_c.a(initio.o)
 .debug_aranges
                0x00000dc8       0x20 C:/nxp/MCUXpressoIDE_25.6.136/ide/plugins/com.nxp.mcuxpresso.tools.win32_25.6.0.202501151204/tools/bin/../lib/gcc/arm-none-eabi/14.2.1/../../../../arm-none-eabi/lib/thumb/v7e-m+fp/hard\libcr_c.a(setvbuf.o)
 .debug_aranges