C:\Users\grtre\Documents\MCUXpressoIDE_25.6.136\workspace\EthernetPractica1_enet_txrx_transfer\drivers/fsl_enet.h:1187:20:ENET_ActiveRead	16	static
C:\Users\grtre\Documents\MCUXpressoIDE_25.6.136\workspace\EthernetPractica1_enet_txrx_transfer\phy/fsl_phy.h:147:24:PHY_Init	16	static
C:\Users\grtre\Documents\MCUXpressoIDE_25.6.136\workspace\EthernetPractica1_enet_txrx_transfer\phy/fsl_phy.h:191:24:PHY_GetAutoNegotiationStatus	16	static
C:\Users\grtre\Documents\MCUXpressoIDE_25.6.136\workspace\EthernetPractica1_enet_txrx_transfer\phy/fsl_phy.h:206:24:PHY_GetLinkStatus	16	static
C:\Users\grtre\Documents\MCUXpressoIDE_25.6.136\workspace\EthernetPractica1_enet_txrx_transfer\phy/fsl_phy.h:223:24:PHY_GetLinkSpeedDuplex	24	static
C:\Users\grtre\Documents\MCUXpressoIDE_25.6.136\workspace\EthernetPractica1_enet_txrx_transfer\drivers/fsl_sysmpu.h:268:20:SYSMPU_Enable	16	static
../source/security.c:139:10:security_ENET_INIT	112	static
../source/security.c:240:6:security_send	1224	static
../source/security.c:291:6:security_ENET_TX	40	static
../source/security.c:317:10:security_receive	64	static
../source/security.c:365:6:security_decrypt	224	static
